Component: ARM Compiler 5.06 update 7 (build 960) Tool: armlink [4d3601]

==============================================================================

Section Cross References

    startup_stm32h743xx.o(STACK) refers (Special) to heapauxi.o(.text) for __use_two_region_memory
    startup_stm32h743xx.o(HEAP) refers (Special) to heapauxi.o(.text) for __use_two_region_memory
    startup_stm32h743xx.o(RESET) refers (Special) to heapauxi.o(.text) for __use_two_region_memory
    startup_stm32h743xx.o(RESET) refers to startup_stm32h743xx.o(STACK) for __initial_sp
    startup_stm32h743xx.o(RESET) refers to startup_stm32h743xx.o(.text) for Reset_Handler
    startup_stm32h743xx.o(RESET) refers to stm32h7xx_it.o(i.NMI_Handler) for NMI_Handler
    startup_stm32h743xx.o(RESET) refers to stm32h7xx_it.o(i.HardFault_Handler) for HardFault_Handler
    startup_stm32h743xx.o(RESET) refers to stm32h7xx_it.o(i.MemManage_Handler) for MemManage_Handler
    startup_stm32h743xx.o(RESET) refers to stm32h7xx_it.o(i.BusFault_Handler) for BusFault_Handler
    startup_stm32h743xx.o(RESET) refers to stm32h7xx_it.o(i.UsageFault_Handler) for UsageFault_Handler
    startup_stm32h743xx.o(RESET) refers to stm32h7xx_it.o(i.SVC_Handler) for SVC_Handler
    startup_stm32h743xx.o(RESET) refers to stm32h7xx_it.o(i.DebugMon_Handler) for DebugMon_Handler
    startup_stm32h743xx.o(RESET) refers to stm32h7xx_it.o(i.PendSV_Handler) for PendSV_Handler
    startup_stm32h743xx.o(RESET) refers to stm32h7xx_it.o(i.SysTick_Handler) for SysTick_Handler
    startup_stm32h743xx.o(RESET) refers to stm32h7xx_it.o(i.EXTI2_IRQHandler) for EXTI2_IRQHandler
    startup_stm32h743xx.o(RESET) refers to stm32h7xx_it.o(i.EXTI3_IRQHandler) for EXTI3_IRQHandler
    startup_stm32h743xx.o(RESET) refers to stm32h7xx_it.o(i.EXTI4_IRQHandler) for EXTI4_IRQHandler
    startup_stm32h743xx.o(RESET) refers to stm32h7xx_it.o(i.EXTI9_5_IRQHandler) for EXTI9_5_IRQHandler
    startup_stm32h743xx.o(RESET) refers to stm32h7xx_it.o(i.TIM1_CC_IRQHandler) for TIM1_CC_IRQHandler
    startup_stm32h743xx.o(RESET) refers to stm32h7xx_it.o(i.TIM2_IRQHandler) for TIM2_IRQHandler
    startup_stm32h743xx.o(RESET) refers to stm32h7xx_it.o(i.TIM3_IRQHandler) for TIM3_IRQHandler
    startup_stm32h743xx.o(RESET) refers to stm32h7xx_it.o(i.TIM4_IRQHandler) for TIM4_IRQHandler
    startup_stm32h743xx.o(RESET) refers to stm32h7xx_it.o(i.EXTI15_10_IRQHandler) for EXTI15_10_IRQHandler
    startup_stm32h743xx.o(RESET) refers to stm32h7xx_it.o(i.TIM8_BRK_TIM12_IRQHandler) for TIM8_BRK_TIM12_IRQHandler
    startup_stm32h743xx.o(RESET) refers to stm32h7xx_it.o(i.TIM8_UP_TIM13_IRQHandler) for TIM8_UP_TIM13_IRQHandler
    startup_stm32h743xx.o(RESET) refers to stm32h7xx_it.o(i.TIM8_TRG_COM_TIM14_IRQHandler) for TIM8_TRG_COM_TIM14_IRQHandler
    startup_stm32h743xx.o(RESET) refers to stm32h7xx_it.o(i.TIM8_CC_IRQHandler) for TIM8_CC_IRQHandler
    startup_stm32h743xx.o(RESET) refers to stm32h7xx_it.o(i.TIM5_IRQHandler) for TIM5_IRQHandler
    startup_stm32h743xx.o(RESET) refers to stm32h7xx_it.o(i.UART4_IRQHandler) for UART4_IRQHandler
    startup_stm32h743xx.o(RESET) refers to stm32h7xx_it.o(i.TIM6_DAC_IRQHandler) for TIM6_DAC_IRQHandler
    startup_stm32h743xx.o(RESET) refers to stm32h7xx_it.o(i.TIM7_IRQHandler) for TIM7_IRQHandler
    startup_stm32h743xx.o(RESET) refers to stm32h7xx_it.o(i.TIM15_IRQHandler) for TIM15_IRQHandler
    startup_stm32h743xx.o(RESET) refers to stm32h7xx_it.o(i.TIM16_IRQHandler) for TIM16_IRQHandler
    startup_stm32h743xx.o(.text) refers (Special) to heapauxi.o(.text) for __use_two_region_memory
    startup_stm32h743xx.o(.text) refers to system_stm32h7xx.o(i.SystemInit) for SystemInit
    startup_stm32h743xx.o(.text) refers to __main.o(!!!main) for __main
    startup_stm32h743xx.o(.text) refers to startup_stm32h743xx.o(HEAP) for Heap_Mem
    startup_stm32h743xx.o(.text) refers to startup_stm32h743xx.o(STACK) for Stack_Mem
    main.o(i.HAL_GPIO_EXTI_CALLBACK) refers to stm32h7xx_hal_gpio.o(i.HAL_GPIO_ReadPin) for HAL_GPIO_ReadPin
    main.o(i.HAL_GPIO_EXTI_CALLBACK) refers to main.o(.data) for .data
    main.o(i.HAL_TIM_IC_CaptureCallback) refers to stm32h7xx_hal_tim.o(i.HAL_TIM_ReadCapturedValue) for HAL_TIM_ReadCapturedValue
    main.o(i.HAL_TIM_IC_CaptureCallback) refers to fmod.o(i.__hardfp_fmod) for __hardfp_fmod
    main.o(i.HAL_TIM_IC_CaptureCallback) refers to main.o(.bss) for .bss
    main.o(i.HAL_TIM_IC_CaptureCallback) refers to main.o(.data) for .data
    main.o(i.HAL_TIM_PeriodElapsedCallback) refers to stm32h7xx_hal_gpio.o(i.HAL_GPIO_WritePin) for HAL_GPIO_WritePin
    main.o(i.HAL_TIM_PeriodElapsedCallback) refers to stm32h7xx_hal_tim.o(i.HAL_TIM_Base_Stop_IT) for HAL_TIM_Base_Stop_IT
    main.o(i.HAL_TIM_PeriodElapsedCallback) refers to rs232_driver.o(i.Send_requested_data) for Send_requested_data
    main.o(i.HAL_TIM_PeriodElapsedCallback) refers to main.o(i.show_menu) for show_menu
    main.o(i.HAL_TIM_PeriodElapsedCallback) refers to main.o(.bss) for .bss
[...]
    i.UART_RxISR_16BIT_FIFOEN                0x08005ddc   Section        0  stm32h7xx_hal_uart.o(i.UART_RxISR_16BIT_FIFOEN)
    UART_RxISR_16BIT_FIFOEN                  0x08005ddd   Thumb Code   404  stm32h7xx_hal_uart.o(i.UART_RxISR_16BIT_FIFOEN)
    i.UART_RxISR_8BIT                        0x08005f7c   Section        0  stm32h7xx_hal_uart.o(i.UART_RxISR_8BIT)
    UART_RxISR_8BIT                          0x08005f7d   Thumb Code   196  stm32h7xx_hal_uart.o(i.UART_RxISR_8BIT)
    i.UART_RxISR_8BIT_FIFOEN                 0x08006044   Section        0  stm32h7xx_hal_uart.o(i.UART_RxISR_8BIT_FIFOEN)
    UART_RxISR_8BIT_FIFOEN                   0x08006045   Thumb Code   404  stm32h7xx_hal_uart.o(i.UART_RxISR_8BIT_FIFOEN)
    i.UART_SetConfig                         0x080061e4   Section        0  stm32h7xx_hal_uart.o(i.UART_SetConfig)
    i.UART_Start_Receive_IT                  0x08006590   Section        0  stm32h7xx_hal_uart.o(i.UART_Start_Receive_IT)
    i.UART_TxISR_16BIT                       0x080066a0   Section        0  stm32h7xx_hal_uart.o(i.UART_TxISR_16BIT)
    UART_TxISR_16BIT                         0x080066a1   Thumb Code    82  stm32h7xx_hal_uart.o(i.UART_TxISR_16BIT)
    i.UART_TxISR_16BIT_FIFOEN                0x080066f4   Section        0  stm32h7xx_hal_uart.o(i.UART_TxISR_16BIT_FIFOEN)
    UART_TxISR_16BIT_FIFOEN                  0x080066f5   Thumb Code   106  stm32h7xx_hal_uart.o(i.UART_TxISR_16BIT_FIFOEN)
    i.UART_TxISR_8BIT                        0x0800675e   Section        0  stm32h7xx_hal_uart.o(i.UART_TxISR_8BIT)
    UART_TxISR_8BIT                          0x0800675f   Thumb Code    78  stm32h7xx_hal_uart.o(i.UART_TxISR_8BIT)
    i.UART_TxISR_8BIT_FIFOEN                 0x080067ac   Section        0  stm32h7xx_hal_uart.o(i.UART_TxISR_8BIT_FIFOEN)
    UART_TxISR_8BIT_FIFOEN                   0x080067ad   Thumb Code   102  stm32h7xx_hal_uart.o(i.UART_TxISR_8BIT_FIFOEN)
    i.UART_WaitOnFlagUntilTimeout            0x08006812   Section        0  stm32h7xx_hal_uart.o(i.UART_WaitOnFlagUntilTimeout)
    i.UsageFault_Handler                     0x080068a6   Section        0  stm32h7xx_it.o(i.UsageFault_Handler)
    i.__NVIC_SetPriority                     0x080068a8   Section        0  stm32h7xx_hal_cortex.o(i.__NVIC_SetPriority)
    __NVIC_SetPriority                       0x080068a9   Thumb Code    34  stm32h7xx_hal_cortex.o(i.__NVIC_SetPriority)
    i.__hardfp_fmod                          0x080068cc   Section        0  fmod.o(i.__hardfp_fmod)
    i.__mathlib_dbl_invalid                  0x080069c8   Section        0  dunder.o(i.__mathlib_dbl_invalid)
    i.check_state                            0x080069e0   Section        0  rs232_driver.o(i.check_state)
    i.disable_stepper                        0x080069ec   Section        0  main.o(i.disable_stepper)
    i.enable_stepper                         0x08006a0c   Section        0  main.o(i.enable_stepper)
    i.main                                   0x08006a2c   Section        0  main.o(i.main)
    i.receive_data                           0x08006de8   Section        0  main.o(i.receive_data)
    i.show_menu                              0x08006e14   Section        0  main.o(i.show_menu)
    i.ssd1306_I2C_Init                       0x08007178   Section        0  ssd1306.o(i.ssd1306_I2C_Init)
    i.ssd1306_I2C_Write                      0x08007184   Section        0  ssd1306.o(i.ssd1306_I2C_Write)
    i.ssd1306_I2C_WriteMulti                 0x080071a4   Section        0  ssd1306.o(i.ssd1306_I2C_WriteMulti)
    x$fpl$dnaninf                            0x080071dc   Section      156  dnaninf.o(x$fpl$dnaninf)
    $v0                                      0x080071dc   Number         0  dnaninf.o(x$fpl$dnaninf)
    x$fpl$drem                               0x08007278   Section      336  drem_clz.o(x$fpl$drem)
    $v0                                      0x08007278   Number         0  drem_clz.o(x$fpl$drem)
    x$fpl$fpinit                             0x080073c8   Section       10  fpinit.o(x$fpl$fpinit)
    $v0                                      0x080073c8   Number         0  fpinit.o(x$fpl$fpinit)
    .constdata                               0x080073d2   Section     1900  fonts.o(.constdata)
    x$fpl$usenofp                            0x080073d2   Section        0  usenofp.o(x$fpl$usenofp)
    .constdata                               0x08007b40   Section       76  rs232_driver.o(.constdata)
    .constdata                               0x08007b8c   Section       24  stm32h7xx_hal_uart.o(.constdata)
    .constdata                               0x08007ba4   Section       16  stm32h7xx_hal_uart_ex.o(.constdata)
    numerator                                0x08007ba4   Data           8  stm32h7xx_hal_uart_ex.o(.constdata)
    denominator                              0x08007bac   Data           8  stm32h7xx_hal_uart_ex.o(.constdata)
    .constdata                               0x08007bb4   Section       16  system_stm32h7xx.o(.constdata)
    .data                                    0x24000000   Section      222  main.o(.data)
    .data                                    0x240000e0   Section        8  fonts.o(.data)
    .data                                    0x240000e8   Section        4  rs232_driver.o(.data)
    huart                                    0x240000e8   Data           4  rs232_driver.o(.data)
    .data                                    0x240000ec   Section        6  ssd1306.o(.data)
    SSD1306                                  0x240000ec   Data           6  ssd1306.o(.data)
    .data                                    0x240000f4   Section       12  stm32h7xx_hal.o(.data)
    .data                                    0x24000100   Section        8  system_stm32h7xx.o(.data)
    .bss                                     0x24000108   Section     2520  main.o(.bss)
    .bss                                     0x24000ae0   Section       80  rs232_driver.o(.bss)
    rx_buff                                  0x24000ae0   Data          80  rs232_driver.o(.bss)
    .bss                                     0x24000b30   Section     1024  ssd1306.o(.bss)
    SSD1306_Buffer                           0x24000b30   Data        1024  ssd1306.o(.bss)
    .bss                                     0x24000f30   Section       96  libspace.o(.bss)
    HEAP                                     0x24000f90   Section      512  startup_stm32h743xx.o(HEAP)
    Heap_Mem                                 0x24000f90   Data         512  startup_stm32h743xx.o(HEAP)
    STACK                                    0x24001190   Section     1024  startup_stm32h743xx.o(STACK)
    Stack_Mem                                0x24001190   Data        1024  startup_stm32h743xx.o(STACK)
    __initial_sp                             0x24001590   Data           0  startup_stm32h743xx.o(STACK)

    Global Symbols

    Symbol Name                              Value     Ov Type        Size  Object(Section)

    BuildAttributes$$THM_ISAv4$E$P$D$K$B$S$7EM$VFPv5_D16$PE$PLD8$A:L22UL41UL21$X:L11$S22US41US21$IEEE1$IW$USESV6$~STKCKD$USESV7$~SHL$OTIME$ROPI$IEEEX$EBA8$UX$STANDARDLIB$REQ8$PRES8$EABIv2 0x00000000   Number         0  anon$$obj.o ABSOLUTE
    __ARM_use_no_argv                        0x00000000   Number         0  main.o ABSOLUTE
    __ARM_exceptions_init                     - Undefined Weak Reference
    __alloca_initialize                       - Undefined Weak Reference
    __arm_fini_                               - Undefined Weak Reference
    __arm_preinit_                            - Undefined Weak Reference
    __cpp_initialize__aeabi_                  - Undefined Weak Reference
    __cxa_finalize                            - Undefined Weak Reference
    __rt_locale                               - Undefined Weak Reference
    __sigvec_lookup                           - Undefined Weak Reference
    __user_heap_extent                        - Undefined Weak Reference
    _atexit_init                              - Undefined Weak Reference
    _call_atexit_fns                          - Undefined Weak Reference
    _clock_init                               - Undefined Weak Reference
    _fp_trap_init                             - Undefined Weak Reference
    _fp_trap_shutdown                         - Undefined Weak Reference
    _get_lc_collate                           - Undefined Weak Reference
    _get_lc_ctype                             - Undefined Weak Reference
    _get_lc_monetary                          - Undefined Weak Reference
    _get_lc_numeric                           - Undefined Weak Reference
    _get_lc_time                              - Undefined Weak Reference
    _getenv_init                              - Undefined Weak Reference
    _handle_redirection                       - Undefined Weak Reference
    _initio                                   - Undefined Weak Reference
    _mutex_acquire                            - Undefined Weak Reference
    _mutex_free                               - Undefined Weak Reference
    _mutex_release                            - Undefined Weak Reference
    _rand_init                                - Undefined Weak Reference
    _signal_finish                            - Undefined Weak Reference
    _signal_init                              - Undefined Weak Reference
    _terminateio                              - Undefined Weak Reference
    __Vectors_Size                           0x00000298   Number         0  startup_stm32h743xx.o ABSOLUTE
    __Vectors                                0x08000000   Data           4  startup_stm32h743xx.o(RESET)
    __Vectors_End                            0x08000298   Data           0  startup_stm32h743xx.o(RESET)
    __main                                   0x08000299   Thumb Code     8  __main.o(!!!main)
    __scatterload                            0x080002a1   Thumb Code     0  __scatter.o(!!!scatter)
    __scatterload_rt2                        0x080002a1   Thumb Code    44  __scatter.o(!!!scatter)
    __scatterload_rt2_thumb_only             0x080002a1   Thumb Code     0  __scatter.o(!!!scatter)
    __scatterload_null                       0x080002af   Thumb Code     0  __scatter.o(!!!scatter)
    __scatterload_copy                       0x080002d5   Thumb Code    26  __scatter_copy.o(!!handler_copy)
    __scatterload_zeroinit                   0x080002f1   Thumb Code    28  __scatter_zi.o(!!handler_zi)
    __rt_lib_init                            0x0800030d   Thumb Code     0  libinit.o(.ARM.Collect$$libinit$$00000000)
    __rt_lib_init_fp_1                       0x0800030f   Thumb Code     0  libinit2.o(.ARM.Collect$$libinit$$00000001)
    __rt_lib_init_alloca_1                   0x08000313   Thumb Code     0  libinit2.o(.ARM.Collect$$libinit$$0000002E)
    __rt_lib_init_argv_1                     0x08000313   Thumb Code     0  libinit2.o(.ARM.Collect$$libinit$$0000002C)
    __rt_lib_init_atexit_1                   0x08000313   Thumb Code     0  libinit2.o(.ARM.Collect$$libinit$$0000001B)
    __rt_lib_init_clock_1                    0x08000313   Thumb Code     0  libinit2.o(.ARM.Collect$$libinit$$00000021)
    __rt_lib_init_cpp_1                      0x08000313   Thumb Code     0  libinit2.o(.ARM.Collect$$libinit$$00000032)
    __rt_lib_init_exceptions_1               0x08000313   Thumb Code     0  libinit2.o(.ARM.Collect$$libinit$$00000030)
    __rt_lib_init_fp_trap_1                  0x08000313   Thumb Code     0  libinit2.o(.ARM.Collect$$libinit$$0000001F)
    __rt_lib_init_getenv_1                   0x08000313   Thumb Code     0  libinit2.o(.ARM.Collect$$libinit$$00000023)
    __rt_lib_init_heap_1                     0x08000313   Thumb Code     0  libinit2.o(.ARM.Collect$$libinit$$0000000A)
    __rt_lib_init_lc_collate_1               0x08000313   Thumb Code     0  libinit2.o(.ARM.Collect$$libinit$$00000011)
    __rt_lib_init_lc_ctype_1                 0x08000313   Thumb Code     0  libinit2.o(.ARM.Collect$$libinit$$00000013)
    __rt_lib_init_lc_monetary_1              0x08000313   Thumb Code     0  libinit2.o(.ARM.Collect$$libinit$$00000015)
    __rt_lib_init_lc_numeric_1               0x08000313   Thumb Code     0  libinit2.o(.ARM.Collect$$libinit$$00000017)
    __rt_lib_init_lc_time_1                  0x08000313   Thumb Code     0  libinit2.o(.ARM.Collect$$libinit$$00000019)
    __rt_lib_init_preinit_1                  0x08000313   Thumb Code     0  libinit2.o(.ARM.Collect$$libinit$$00000004)
    __rt_lib_init_rand_1                     0x08000313   Thumb Code     0  libinit2.o(.ARM.Collect$$libinit$$0000000E)
    __rt_lib_init_return                     0x08000313   Thumb Code     0  libinit2.o(.ARM.Collect$$libinit$$00000033)
    __rt_lib_init_signal_1                   0x08000313   Thumb Code     0  libinit2.o(.ARM.Collect$$libinit$$0000001D)
    __rt_lib_init_stdio_1                    0x08000313   Thumb Code     0  libinit2.o(.ARM.Collect$$libinit$$00000025)
    __rt_lib_init_user_alloc_1               0x08000313   Thumb Code     0  libinit2.o(.ARM.Collect$$libinit$$0000000C)
    __rt_lib_shutdown                        0x08000315   Thumb Code     0  libshutdown.o(.ARM.Collect$$libshutdown$$00000000)
    __rt_lib_shutdown_cpp_1                  0x08000317   Thumb Code     0  libshutdown2.o(.ARM.Collect$$libshutdown$$00000004)
    __rt_lib_shutdown_fini_1                 0x08000317   Thumb Code     0  libshutdown2.o(.ARM.Collect$$libshutdown$$00000002)
    __rt_lib_shutdown_fp_trap_1              0x08000317   Thumb Code     0  libshutdown2.o(.ARM.Collect$$libshutdown$$00000009)
    __rt_lib_shutdown_heap_1                 0x08000317   Thumb Code     0  libshutdown2.o(.ARM.Collect$$libshutdown$$00000011)
    __rt_lib_shutdown_return                 0x08000317   Thumb Code     0  libshutdown2.o(.ARM.Collect$$libshutdown$$00000012)
    __rt_lib_shutdown_signal_1               0x08000317   Thumb Code     0  libshutdown2.o(.ARM.Collect$$libshutdown$$0000000C)
    __rt_lib_shutdown_stdio_1                0x08000317   Thumb Code     0  libshutdown2.o(.ARM.Collect$$libshutdown$$00000006)
    __rt_lib_shutdown_user_alloc_1           0x08000317   Thumb Code     0  libshutdown2.o(.ARM.Collect$$libshutdown$$0000000E)
    __rt_entry                               0x08000319   Thumb Code     0  __rtentry.o(.ARM.Collect$$rtentry$$00000000)
    __rt_entry_presh_1                       0x08000319   Thumb Code     0  __rtentry2.o(.ARM.Collect$$rtentry$$00000002)
    __rt_entry_sh                            0x08000319   Thumb Code     0  __rtentry4.o(.ARM.Collect$$rtentry$$00000004)
    __rt_entry_li                            0x0800031f   Thumb Code     0  __rtentry2.o(.ARM.Collect$$rtentry$$0000000A)
    __rt_entry_postsh_1                      0x0800031f   Thumb Code     0  __rtentry2.o(.ARM.Collect$$rtentry$$00000009)
    __rt_entry_main                          0x08000323   Thumb Code     0  __rtentry2.o(.ARM.Collect$$rtentry$$0000000D)
    __rt_entry_postli_1                      0x08000323   Thumb Code     0  __rtentry2.o(.ARM.Collect$$rtentry$$0000000C)
    __rt_exit                                0x0800032b   Thumb Code     0  rtexit.o(.ARM.Collect$$rtexit$$00000000)
    __rt_exit_ls                             0x0800032d   Thumb Code     0  rtexit2.o(.ARM.Collect$$rtexit$$00000003)
    __rt_exit_prels_1                        0x0800032d   Thumb Code     0  rtexit2.o(.ARM.Collect$$rtexit$$00000002)
    __rt_exit_exit                           0x08000331   Thumb Code     0  rtexit2.o(.ARM.Collect$$rtexit$$00000004)
    Reset_Handler                            0x08000339   Thumb Code     8  startup_stm32h743xx.o(.text)
    ADC3_IRQHandler                          0x08000353   Thumb Code     0  startup_stm32h743xx.o(.text)
    ADC_IRQHandler                           0x08000353   Thumb Code     0  startup_stm32h743xx.o(.text)
    BDMA_Channel0_IRQHandler                 0x08000353   Thumb Code     0  startup_stm32h743xx.o(.text)
    BDMA_Channel1_IRQHandler                 0x08000353   Thumb Code     0  startup_stm32h743xx.o(.text)
    BDMA_Channel2_IRQHandler                 0x08000353   Thumb Code     0  startup_stm32h743xx.o(.text)
    BDMA_Channel3_IRQHandler                 0x08000353   Thumb Code     0  startup_stm32h743xx.o(.text)
    BDMA_Channel4_IRQHandler                 0x08000353   Thumb Code     0  startup_stm32h743xx.o(.text)
    BDMA_Channel5_IRQHandler                 0x08000353   Thumb Code     0  startup_stm32h743xx.o(.text)
    BDMA_Channel6_IRQHandler                 0x08000353   Thumb Code     0  startup_stm32h743xx.o(.text)
    BDMA_Channel7_IRQHandler                 0x08000353   Thumb Code     0  startup_stm32h743xx.o(.text)
    CEC_IRQHandler                           0x08000353   Thumb Code     0  startup_stm32h743xx.o(.text)
    COMP1_IRQHandler                         0x08000353   Thumb Code     0  startup_stm32h743xx.o(.text)
    CRS_IRQHandler                           0x08000353   Thumb Code     0  startup_stm32h743xx.o(.text)
    DCMI_IRQHandler                          0x08000353   Thumb Code     0  startup_stm32h743xx.o(.text)
    DFSDM1_FLT0_IRQHandler                   0x08000353   Thumb Code     0  startup_stm32h743xx.o(.text)
    DFSDM1_FLT1_IRQHandler                   0x08000353   Thumb Code     0  startup_stm32h743xx.o(.text)
    DFSDM1_FLT2_IRQHandler                   0x08000353   Thumb Code     0  startup_stm32h743xx.o(.text)
    DFSDM1_FLT3_IRQHandler                   0x08000353   Thumb Code     0  startup_stm32h743xx.o(.text)
    DMA1_Stream0_IRQHandler                  0x08000353   Thumb Code     0  startup_stm32h743xx.o(.text)
    DMA1_Stream1_IRQHandler                  0x08000353   Thumb Code     0  startup_stm32h743xx.o(.text)
    DMA1_Stream2_IRQHandler                  0x08000353   Thumb Code     0  startup_stm32h743xx.o(.text)
    DMA1_Stream3_IRQHandler                  0x08000353   Thumb Code     0  startup_stm32h743xx.o(.text)
    DMA1_Stream4_IRQHandler                  0x08000353   Thumb Code     0  startup_stm32h743xx.o(.text)
    DMA1_Stream5_IRQHandler                  0x08000353   Thumb Code     0  startup_stm32h743xx.o(.text)
    DMA1_Stream6_IRQHandler                  0x08000353   Thumb Code     0  startup_stm32h743xx.o(.text)
    DMA1_Stream7_IRQHandler                  0x08000353   Thumb Code     0  startup_stm32h743xx.o(.text)
    DMA2D_IRQHandler                         0x08000353   Thumb Code     0  startup_stm32h743xx.o(.text)
    DMA2_Stream0_IRQHandler                  0x08000353   Thumb Code     0  startup_stm32h743xx.o(.text)
    DMA2_Stream1_IRQHandler                  0x08000353   Thumb Code     0  startup_stm32h743xx.o(.text)
    DMA2_Stream2_IRQHandler                  0x08000353   Thumb Code     0  startup_stm32h743xx.o(.text)
    DMA2_Stream3_IRQHandler                  0x08000353   Thumb Code     0  startup_stm32h743xx.o(.text)
    DMA2_Stream4_IRQHandler                  0x08000353   Thumb Code     0  startup_stm32h743xx.o(.text)
    DMA2_Stream5_IRQHandler                  0x08000353   Thumb Code     0  startup_stm32h743xx.o(.text)
    DMA2_Stream6_IRQHandler                  0x08000353   Thumb Code     0  startup_stm32h743xx.o(.text)
    DMA2_Stream7_IRQHandler                  0x08000353   Thumb Code     0  startup_stm32h743xx.o(.text)
    DMAMUX1_OVR_IRQHandler                   0x08000353   Thumb Code     0  startup_stm32h743xx.o(.text)
    DMAMUX2_OVR_IRQHandler                   0x08000353   Thumb Code     0  startup_stm32h743xx.o(.text)
    ECC_IRQHandler                           0x08000353   Thumb Code     0  startup_stm32h743xx.o(.text)
    ETH_IRQHandler                           0x08000353   Thumb Code     0  startup_stm32h743xx.o(.text)
    ETH_WKUP_IRQHandler                      0x08000353   Thumb Code     0  startup_stm32h743xx.o(.text)
    EXTI0_IRQHandler                         0x08000353   Thumb Code     0  startup_stm32h743xx.o(.text)
    EXTI1_IRQHandler                         0x08000353   Thumb Code     0  startup_stm32h743xx.o(.text)
    FDCAN1_IT0_IRQHandler                    0x08000353   Thumb Code     0  startup_stm32h743xx.o(.text)
    FDCAN1_IT1_IRQHandler                    0x08000353   Thumb Code     0  startup_stm32h743xx.o(.text)
    FDCAN2_IT0_IRQHandler                    0x08000353   Thumb Code     0  startup_stm32h743xx.o(.text)
    FDCAN2_IT1_IRQHandler                    0x08000353   Thumb Code     0  startup_stm32h743xx.o(.text)
    FDCAN_CAL_IRQHandler                     0x08000353   Thumb Code     0  startup_stm32h743xx.o(.text)
    FLASH_IRQHandler                         0x08000353   Thumb Code     0  startup_stm32h743xx.o(.text)
    FMC_IRQHandler                           0x08000353   Thumb Code     0  startup_stm32h743xx.o(.text)
    FPU_IRQHandler                           0x08000353   Thumb Code     0  startup_stm32h743xx.o(.text)
    HRTIM1_FLT_IRQHandler                    0x08000353   Thumb Code     0  startup_stm32h743xx.o(.text)
    HRTIM1_Master_IRQHandler                 0x08000353   Thumb Code     0  startup_stm32h743xx.o(.text)
    HRTIM1_TIMA_IRQHandler                   0x08000353   Thumb Code     0  startup_stm32h743xx.o(.text)
    HRTIM1_TIMB_IRQHandler                   0x08000353   Thumb Code     0  startup_stm32h743xx.o(.text)
    HRTIM1_TIMC_IRQHandler                   0x08000353   Thumb Code     0  startup_stm32h743xx.o(.text)
    HRTIM1_TIMD_IRQHandler                   0x08000353   Thumb Code     0  startup_stm32h743xx.o(.text)
    HRTIM1_TIME_IRQHandler                   0x08000353   Thumb Code     0  startup_stm32h743xx.o(.text)
    HSEM1_IRQHandler                         0x08000353   Thumb Code     0  startup_stm32h743xx.o(.text)
    I2C1_ER_IRQHandler                       0x08000353   Thumb Code     0  startup_stm32h743xx.o(.text)
    I2C1_EV_IRQHandler                       0x08000353   Thumb Code     0  startup_stm32h743xx.o(.text)
    I2C2_ER_IRQHandler                       0x08000353   Thumb Code     0  startup_stm32h743xx.o(.text)
    I2C2_EV_IRQHandler                       0x08000353   Thumb Code     0  startup_stm32h743xx.o(.text)
    I2C3_ER_IRQHandler                       0x08000353   Thumb Code     0  startup_stm32h743xx.o(.text)
    I2C3_EV_IRQHandler                       0x08000353   Thumb Code     0  startup_stm32h743xx.o(.text)
    I2C4_ER_IRQHandler                       0x08000353   Thumb Code     0  startup_stm32h743xx.o(.text)
    I2C4_EV_IRQHandler                       0x08000353   Thumb Code     0  startup_stm32h743xx.o(.text)
    JPEG_IRQHandler                          0x08000353   Thumb Code     0  startup_stm32h743xx.o(.text)
    LPTIM1_IRQHandler                        0x08000353   Thumb Code     0  startup_stm32h743xx.o(.text)
    LPTIM2_IRQHandler                        0x08000353   Thumb Code     0  startup_stm32h743xx.o(.text)
    LPTIM3_IRQHandler                        0x08000353   Thumb Code     0  startup_stm32h743xx.o(.text)
    LPTIM4_IRQHandler                        0x08000353   Thumb Code     0  startup_stm32h743xx.o(.text)
    LPTIM5_IRQHandler                        0x08000353   Thumb Code     0  startup_stm32h743xx.o(.text)
    LPUART1_IRQHandler                       0x08000353   Thumb Code     0  startup_stm32h743xx.o(.text)
    LTDC_ER_IRQHandler                       0x08000353   Thumb Code     0  startup_stm32h743xx.o(.text)
    LTDC_IRQHandler                          0x08000353   Thumb Code     0  startup_stm32h743xx.o(.text)
    MDIOS_IRQHandler                         0x08000353   Thumb Code     0  startup_stm32h743xx.o(.text)
    MDIOS_WKUP_IRQHandler                    0x08000353   Thumb Code     0  startup_stm32h743xx.o(.text)
    MDMA_IRQHandler                          0x08000353   Thumb Code     0  startup_stm32h743xx.o(.text)
    OTG_FS_EP1_IN_IRQHandler                 0x08000353   Thumb Code     0  startup_stm32h743xx.o(.text)
    OTG_FS_EP1_OUT_IRQHandler                0x08000353   Thumb Code     0  startup_stm32h743xx.o(.text)
    OTG_FS_IRQHandler                        0x08000353   Thumb Code     0  startup_stm32h743xx.o(.text)
    OTG_FS_WKUP_IRQHandler                   0x08000353   Thumb Code     0  startup_stm32h743xx.o(.text)
    OTG_HS_EP1_IN_IRQHandler                 0x08000353   Thumb Code     0  startup_stm32h743xx.o(.text)
    OTG_HS_EP1_OUT_IRQHandler                0x08000353   Thumb Code     0  startup_stm32h743xx.o(.text)
    OTG_HS_IRQHandler                        0x08000353   Thumb Code     0  startup_stm32h743xx.o(.text)
    OTG_HS_WKUP_IRQHandler                   0x08000353   Thumb Code     0  startup_stm32h743xx.o(.text)
    PVD_AVD_IRQHandler                       0x08000353   Thumb Code     0  startup_stm32h743xx.o(.text)
    QUADSPI_IRQHandler                       0x08000353   Thumb Code     0  startup_stm32h743xx.o(.text)
    RCC_IRQHandler                           0x08000353   Thumb Code     0  startup_stm32h743xx.o(.text)
    RNG_IRQHandler                           0x08000353   Thumb Code     0  startup_stm32h743xx.o(.text)
    RTC_Alarm_IRQHandler                     0x08000353   Thumb Code     0  startup_stm32h743xx.o(.text)
    RTC_WKUP_IRQHandler                      0x08000353   Thumb Code     0  startup_stm32h743xx.o(.text)
    SAI1_IRQHandler                          0x08000353   Thumb Code     0  startup_stm32h743xx.o(.text)
    SAI2_IRQHandler                          0x08000353   Thumb Code     0  startup_stm32h743xx.o(.text)
    SAI3_IRQHandler                          0x08000353   Thumb Code     0  startup_stm32h743xx.o(.text)
    SAI4_IRQHandler                          0x08000353   Thumb Code     0  startup_stm32h743xx.o(.text)
    SDMMC1_IRQHandler                        0x08000353   Thumb Code     0  startup_stm32h743xx.o(.text)
    SDMMC2_IRQHandler                        0x08000353   Thumb Code     0  startup_stm32h743xx.o(.text)
    SPDIF_RX_IRQHandler                      0x08000353   Thumb Code     0  startup_stm32h743xx.o(.text)
    SPI1_IRQHandler                          0x08000353   Thumb Code     0  startup_stm32h743xx.o(.text)
    SPI2_IRQHandler                          0x08000353   Thumb Code     0  startup_stm32h743xx.o(.text)
    SPI3_IRQHandler                          0x08000353   Thumb Code     0  startup_stm32h743xx.o(.text)
    SPI4_IRQHandler                          0x08000353   Thumb Code     0  startup_stm32h743xx.o(.text)
    SPI5_IRQHandler                          0x08000353   Thumb Code     0  startup_stm32h743xx.o(.text)
    SPI6_IRQHandler                          0x08000353   Thumb Code     0  startup_stm32h743xx.o(.text)
    SWPMI1_IRQHandler                        0x08000353   Thumb Code     0  startup_stm32h743xx.o(.text)
    TAMP_STAMP_IRQHandler                    0x08000353   Thumb Code     0  startup_stm32h743xx.o(.text)
    TIM17_IRQHandler                         0x08000353   Thumb Code     0  startup_stm32h743xx.o(.text)
    TIM1_BRK_IRQHandler                      0x08000353   Thumb Code     0  startup_stm32h743xx.o(.text)
    TIM1_TRG_COM_IRQHandler                  0x08000353   Thumb Code     0  startup_stm32h743xx.o(.text)
    TIM1_UP_IRQHandler                       0x08000353   Thumb Code     0  startup_stm32h743xx.o(.text)
    UART5_IRQHandler                         0x08000353   Thumb Code     0  startup_stm32h743xx.o(.text)
    UART7_IRQHandler                         0x08000353   Thumb Code     0  startup_stm32h743xx.o(.text)
    UART8_IRQHandler                         0x08000353   Thumb Code     0  startup_stm32h743xx.o(.text)
    USART1_IRQHandler                        0x08000353   Thumb Code     0  startup_stm32h743xx.o(.text)
    USART2_IRQHandler                        0x08000353   Thumb Code     0  startup_stm32h743xx.o(.text)
    USART3_IRQHandler                        0x08000353   Thumb Code     0  startup_stm32h743xx.o(.text)
    USART6_IRQHandler                        0x08000353   Thumb Code     0  startup_stm32h743xx.o(.text)
    WAKEUP_PIN_IRQHandler                    0x08000353   Thumb Code     0  startup_stm32h743xx.o(.text)
    WWDG_IRQHandler                          0x08000353   Thumb Code     0  startup_stm32h743xx.o(.text)
    __user_initial_stackheap                 0x08000355   Thumb Code     0  startup_stm32h743xx.o(.text)
    __aeabi_uldivmod                         0x08000379   Thumb Code     0  lludivv7m.o(.text)
    _ll_udiv                                 0x08000379   Thumb Code   238  lludivv7m.o(.text)
    __aeabi_memcpy                           0x08000467   Thumb Code     0  rt_memcpy_v6.o(.text)
    __rt_memcpy                              0x08000467   Thumb Code   138  rt_memcpy_v6.o(.text)
    _memcpy_lastbytes                        0x080004cd   Thumb Code     0  rt_memcpy_v6.o(.text)
    __aeabi_memset                           0x080004f1   Thumb Code    16  aeabi_memset.o(.text)
    __aeabi_memclr                           0x08000501   Thumb Code     0  rt_memclr.o(.text)
    __rt_memclr                              0x08000501   Thumb Code    68  rt_memclr.o(.text)
    _memset                                  0x08000505   Thumb Code     0  rt_memclr.o(.text)
    __aeabi_memclr4                          0x08000545   Thumb Code     0  rt_memclr_w.o(.text)
    __aeabi_memclr8                          0x08000545   Thumb Code     0  rt_memclr_w.o(.text)
    __rt_memclr_w                            0x08000545   Thumb Code    78  rt_memclr_w.o(.text)
    _memset_w                                0x08000549   Thumb Code     0  rt_memclr_w.o(.text)
    __use_two_region_memory                  0x08000593   Thumb Code     2  heapauxi.o(.text)
    __rt_heap_escrow                         0x08000595   Thumb Code     2  heapauxi.o(.text)
    __rt_heap_expand                         0x08000597   Thumb Code     2  heapauxi.o(.text)
    __read_errno                             0x08000599   Thumb Code    10  _rserrno.o(.text)
    __set_errno                              0x080005a3   Thumb Code    12  _rserrno.o(.text)
    __aeabi_memcpy4                          0x080005af   Thumb Code     0  rt_memcpy_w.o(.text)
    __aeabi_memcpy8                          0x080005af   Thumb Code     0  rt_memcpy_w.o(.text)
    __rt_memcpy_w                            0x080005af   Thumb Code   100  rt_memcpy_w.o(.text)
    _memcpy_lastbytes_aligned                0x080005f7   Thumb Code     0  rt_memcpy_w.o(.text)
    __user_libspace                          0x08000615   Thumb Code     8  libspace.o(.text)
    __user_perproc_libspace                  0x08000615   Thumb Code     0  libspace.o(.text)
    __user_perthread_libspace                0x08000615   Thumb Code     0  libspace.o(.text)
    __aeabi_errno_addr                       0x0800061d   Thumb Code     8  rt_errno_addr_intlibspace.o(.text)
    __errno$intlibspace                      0x0800061d   Thumb Code     0  rt_errno_addr_intlibspace.o(.text)
    __rt_errno_addr$intlibspace              0x0800061d   Thumb Code     0  rt_errno_addr_intlibspace.o(.text)
    __I$use$semihosting                      0x08000625   Thumb Code     0  use_no_semi.o(.text)
    __use_no_semihosting_swi                 0x08000625   Thumb Code     2  use_no_semi.o(.text)
    __semihosting_library_function           0x08000627   Thumb Code     0  indicate_semi.o(.text)
    __user_setup_stackheap                   0x08000627   Thumb Code    74  sys_stackheap_outer.o(.text)
    exit                                     0x08000671   Thumb Code    18  exit.o(.text)
    _sys_exit                                0x08000685   Thumb Code     8  sys_exit.o(.text)
    BusFault_Handler                         0x08000691   Thumb Code     2  stm32h7xx_it.o(i.BusFault_Handler)
    DebugMon_Handler                         0x08000693   Thumb Code     2  stm32h7xx_it.o(i.DebugMon_Handler)
    EEPROM_ByteRead                          0x08000695   Thumb Code    46  eeprom_lib.o(i.EEPROM_ByteRead)
    EEPROM_Init                              0x080006c3   Thumb Code    60  eeprom_lib.o(i.EEPROM_Init)
    EXTI15_10_IRQHandler                     0x080006ff   Thumb Code     8  stm32h7xx_it.o(i.EXTI15_10_IRQHandler)
    EXTI2_IRQHandler                         0x08000707   Thumb Code     6  stm32h7xx_it.o(i.EXTI2_IRQHandler)
    EXTI3_IRQHandler                         0x0800070d   Thumb Code     6  stm32h7xx_it.o(i.EXTI3_IRQHandler)
    EXTI4_IRQHandler                         0x08000713   Thumb Code     6  stm32h7xx_it.o(i.EXTI4_IRQHandler)
    EXTI9_5_IRQHandler                       0x08000719   Thumb Code    18  stm32h7xx_it.o(i.EXTI9_5_IRQHandler)
    Error_Handler                            0x0800072b   Thumb Code     4  main.o(i.Error_Handler)
    Get_command                              0x08000731   Thumb Code   580  rs232_driver.o(i.Get_command)
    HAL_DMA_Abort                            0x08000979   Thumb Code   836  stm32h7xx_hal_dma.o(i.HAL_DMA_Abort)
    HAL_DMA_Abort_IT                         0x08000cd9   Thumb Code   602  stm32h7xx_hal_dma.o(i.HAL_DMA_Abort_IT)
    HAL_Delay                                0x08000f5d   Thumb Code    32  stm32h7xx_hal.o(i.HAL_Delay)
    HAL_GPIO_EXTI_Callback                   0x08000f81   Thumb Code     2  stm32h7xx_hal_gpio.o(i.HAL_GPIO_EXTI_Callback)
    HAL_GPIO_EXTI_IRQHandler                 0x08000f83   Thumb Code    24  stm32h7xx_hal_gpio.o(i.HAL_GPIO_EXTI_IRQHandler)
    HAL_GPIO_Init                            0x08000f9d   Thumb Code   506  stm32h7xx_hal_gpio.o(i.HAL_GPIO_Init)
    HAL_GPIO_WritePin                        0x080011c9   Thumb Code    10  stm32h7xx_hal_gpio.o(i.HAL_GPIO_WritePin)
    HAL_GetREVID                             0x080011d5   Thumb Code     8  stm32h7xx_hal.o(i.HAL_GetREVID)
    HAL_GetTick                              0x080011e1   Thumb Code     6  stm32h7xx_hal.o(i.HAL_GetTick)
    HAL_I2CEx_ConfigAnalogFilter             0x080011ed   Thumb Code    88  stm32h7xx_hal_i2c_ex.o(i.HAL_I2CEx_ConfigAnalogFilter)
    HAL_I2CEx_ConfigDigitalFilter            0x08001245   Thumb Code    84  stm32h7xx_hal_i2c_ex.o(i.HAL_I2CEx_ConfigDigitalFilter)
    HAL_I2C_Init                             0x08001299   Thumb Code   186  stm32h7xx_hal_i2c.o(i.HAL_I2C_Init)
    HAL_I2C_IsDeviceReady                    0x08001359   Thumb Code   238  stm32h7xx_hal_i2c.o(i.HAL_I2C_IsDeviceReady)
    HAL_I2C_Master_Transmit                  0x08001459   Thumb Code   324  stm32h7xx_hal_i2c.o(i.HAL_I2C_Master_Transmit)
    HAL_I2C_Mem_Read                         0x080015a5   Thumb Code   346  stm32h7xx_hal_i2c.o(i.HAL_I2C_Mem_Read)
    HAL_I2C_MspInit                          0x08001709   Thumb Code   120  stm32h7xx_hal_msp.o(i.HAL_I2C_MspInit)
    HAL_IncTick                              0x0800178d   Thumb Code    12  stm32h7xx_hal.o(i.HAL_IncTick)
    HAL_Init                                 0x0800179d   Thumb Code    74  stm32h7xx_hal.o(i.HAL_Init)
    HAL_InitTick                             0x080017f9   Thumb Code    56  stm32h7xx_hal.o(i.HAL_InitTick)
    HAL_MspInit                              0x08001839   Thumb Code    22  stm32h7xx_hal_msp.o(i.HAL_MspInit)
    HAL_NVIC_EnableIRQ                       0x08001855   Thumb Code    26  stm32h7xx_hal_cortex.o(i.HAL_NVIC_EnableIRQ)
    HAL_NVIC_SetPriority                     0x08001871   Thumb Code    60  stm32h7xx_hal_cortex.o(i.HAL_NVIC_SetPriority)
    HAL_NVIC_SetPriorityGrouping             0x080018b1   Thumb Code    28  stm32h7xx_hal_cortex.o(i.HAL_NVIC_SetPriorityGrouping)
    HAL_PWREx_ConfigSupply                   0x080018d5   Thumb Code    78  stm32h7xx_hal_pwr_ex.o(i.HAL_PWREx_ConfigSupply)
    HAL_RCCEx_GetD3PCLK1Freq                 0x08001929   Thumb Code    26  stm32h7xx_hal_rcc_ex.o(i.HAL_RCCEx_GetD3PCLK1Freq)
    HAL_RCCEx_GetPLL2ClockFreq               0x0800194d   Thumb Code   296  stm32h7xx_hal_rcc_ex.o(i.HAL_RCCEx_GetPLL2ClockFreq)
    HAL_RCCEx_GetPLL3ClockFreq               0x08001a91   Thumb Code   296  stm32h7xx_hal_rcc_ex.o(i.HAL_RCCEx_GetPLL3ClockFreq)
    HAL_RCCEx_PeriphCLKConfig                0x08001bd5   Thumb Code  2472  stm32h7xx_hal_rcc_ex.o(i.HAL_RCCEx_PeriphCLKConfig)
    HAL_RCC_CSSCallback                      0x08002581   Thumb Code     2  stm32h7xx_hal_rcc.o(i.HAL_RCC_CSSCallback)
    HAL_RCC_ClockConfig                      0x08002585   Thumb Code   580  stm32h7xx_hal_rcc.o(i.HAL_RCC_ClockConfig)
    HAL_RCC_EnableCSS                        0x080027e1   Thumb Code    12  stm32h7xx_hal_rcc.o(i.HAL_RCC_EnableCSS)
    HAL_RCC_GetHCLKFreq                      0x080027f1   Thumb Code    52  stm32h7xx_hal_rcc.o(i.HAL_RCC_GetHCLKFreq)
    HAL_RCC_GetPCLK1Freq                     0x08002835   Thumb Code    26  stm32h7xx_hal_rcc.o(i.HAL_RCC_GetPCLK1Freq)
    HAL_RCC_GetPCLK2Freq                     0x08002859   Thumb Code    26  stm32h7xx_hal_rcc.o(i.HAL_RCC_GetPCLK2Freq)
    HAL_RCC_GetSysClockFreq                  0x0800287d   Thumb Code   278  stm32h7xx_hal_rcc.o(i.HAL_RCC_GetSysClockFreq)
    HAL_RCC_NMI_IRQHandler                   0x080029b5   Thumb Code    26  stm32h7xx_hal_rcc.o(i.HAL_RCC_NMI_IRQHandler)
    HAL_RCC_OscConfig                        0x080029d5   Thumb Code  1410  stm32h7xx_hal_rcc.o(i.HAL_RCC_OscConfig)
    HAL_SYSTICK_Config                       0x08002f57   Thumb Code    38  stm32h7xx_hal_cortex.o(i.HAL_SYSTICK_Config)
    HAL_TIMEx_Break2Callback                 0x08002f7d   Thumb Code     2  stm32h7xx_hal_tim_ex.o(i.HAL_TIMEx_Break2Callback)
    HAL_TIMEx_BreakCallback                  0x08002f7f   Thumb Code     2  stm32h7xx_hal_tim_ex.o(i.HAL_TIMEx_BreakCallback)
    HAL_TIMEx_CommutCallback                 0x08002f81   Thumb Code     2  stm32h7xx_hal_tim_ex.o(i.HAL_TIMEx_CommutCallback)
    HAL_TIMEx_MasterConfigSynchronization    0x08002f85   Thumb Code   134  stm32h7xx_hal_tim_ex.o(i.HAL_TIMEx_MasterConfigSynchronization)
    HAL_TIM_Base_Init                        0x08003029   Thumb Code    98  stm32h7xx_hal_tim.o(i.HAL_TIM_Base_Init)
    HAL_TIM_Base_MspInit                     0x0800308d   Thumb Code   778  stm32h7xx_hal_msp.o(i.HAL_TIM_Base_MspInit)
    HAL_TIM_Base_Start_IT                    0x080033e1   Thumb Code   106  stm32h7xx_hal_tim.o(i.HAL_TIM_Base_Start_IT)
    HAL_TIM_Base_Stop_IT                     0x0800346d   Thumb Code    48  stm32h7xx_hal_tim.o(i.HAL_TIM_Base_Stop_IT)
    HAL_TIM_ConfigClockSource                0x0800349d   Thumb Code   248  stm32h7xx_hal_tim.o(i.HAL_TIM_ConfigClockSource)
    HAL_TIM_IC_CaptureCallback               0x08003599   Thumb Code   272  main.o(i.HAL_TIM_IC_CaptureCallback)
    HAL_TIM_IC_ConfigChannel                 0x080036d5   Thumb Code   290  stm32h7xx_hal_tim.o(i.HAL_TIM_IC_ConfigChannel)
    HAL_TIM_IC_Init                          0x080037f7   Thumb Code    98  stm32h7xx_hal_tim.o(i.HAL_TIM_IC_Init)
    HAL_TIM_IC_MspInit                       0x08003859   Thumb Code     2  stm32h7xx_hal_tim.o(i.HAL_TIM_IC_MspInit)
    HAL_TIM_IRQHandler                       0x0800385b   Thumb Code   328  stm32h7xx_hal_tim.o(i.HAL_TIM_IRQHandler)
    HAL_TIM_OC_DelayElapsedCallback          0x080039a3   Thumb Code     2  stm32h7xx_hal_tim.o(i.HAL_TIM_OC_DelayElapsedCallback)
    HAL_TIM_PWM_PulseFinishedCallback        0x080039a5   Thumb Code     2  stm32h7xx_hal_tim.o(i.HAL_TIM_PWM_PulseFinishedCallback)
    HAL_TIM_PeriodElapsedCallback            0x080039a9   Thumb Code   382  main.o(i.HAL_TIM_PeriodElapsedCallback)
    HAL_TIM_ReadCapturedValue                0x08003b55   Thumb Code    44  stm32h7xx_hal_tim.o(i.HAL_TIM_ReadCapturedValue)
    HAL_TIM_SlaveConfigSynchro               0x08003b81   Thumb Code    86  stm32h7xx_hal_tim.o(i.HAL_TIM_SlaveConfigSynchro)
    HAL_TIM_TriggerCallback                  0x08003bd7   Thumb Code     2  stm32h7xx_hal_tim.o(i.HAL_TIM_TriggerCallback)
    HAL_UARTEx_DisableFifoMode               0x08003bd9   Thumb Code    64  stm32h7xx_hal_uart_ex.o(i.HAL_UARTEx_DisableFifoMode)
    HAL_UARTEx_RxEventCallback               0x08003c19   Thumb Code     2  stm32h7xx_hal_uart.o(i.HAL_UARTEx_RxEventCallback)
    HAL_UARTEx_RxFifoFullCallback            0x08003c1b   Thumb Code     2  stm32h7xx_hal_uart_ex.o(i.HAL_UARTEx_RxFifoFullCallback)
    HAL_UARTEx_SetRxFifoThreshold            0x08003c1d   Thumb Code    76  stm32h7xx_hal_uart_ex.o(i.HAL_UARTEx_SetRxFifoThreshold)
    HAL_UARTEx_SetTxFifoThreshold            0x08003c69   Thumb Code    76  stm32h7xx_hal_uart_ex.o(i.HAL_UARTEx_SetTxFifoThreshold)
    HAL_UARTEx_TxFifoEmptyCallback           0x08003cb5   Thumb Code     2  stm32h7xx_hal_uart_ex.o(i.HAL_UARTEx_TxFifoEmptyCallback)
    HAL_UARTEx_WakeupCallback                0x08003cb7   Thumb Code     2  stm32h7xx_hal_uart_ex.o(i.HAL_UARTEx_WakeupCallback)
    HAL_UART_ErrorCallback                   0x08003cb9   Thumb Code     2  stm32h7xx_hal_uart.o(i.HAL_UART_ErrorCallback)
    HAL_UART_GetState                        0x08003cbb   Thumb Code    14  stm32h7xx_hal_uart.o(i.HAL_UART_GetState)
    HAL_UART_IRQHandler                      0x08003cc9   Thumb Code   878  stm32h7xx_hal_uart.o(i.HAL_UART_IRQHandler)
    HAL_UART_Init                            0x08004051   Thumb Code   106  stm32h7xx_hal_uart.o(i.HAL_UART_Init)
    HAL_UART_MspInit                         0x080040bd   Thumb Code   146  stm32h7xx_hal_msp.o(i.HAL_UART_MspInit)
    HAL_UART_Receive_IT                      0x0800415d   Thumb Code    66  stm32h7xx_hal_uart.o(i.HAL_UART_Receive_IT)
    HAL_UART_RxCpltCallback                  0x080041a5   Thumb Code    42  main.o(i.HAL_UART_RxCpltCallback)
    HAL_UART_Transmit                        0x080041dd   Thumb Code   176  stm32h7xx_hal_uart.o(i.HAL_UART_Transmit)
    HAL_UART_Transmit_IT                     0x0800428d   Thumb Code   136  stm32h7xx_hal_uart.o(i.HAL_UART_Transmit_IT)
    HAL_UART_TxCpltCallback                  0x08004325   Thumb Code    26  main.o(i.HAL_UART_TxCpltCallback)
    HardFault_Handler                        0x0800434d   Thumb Code     2  stm32h7xx_it.o(i.HardFault_Handler)
    MemManage_Handler                        0x08004ebd   Thumb Code     2  stm32h7xx_it.o(i.MemManage_Handler)
    NMI_Handler                              0x08004ebf   Thumb Code     6  stm32h7xx_it.o(i.NMI_Handler)
    PendSV_Handler                           0x08004ec5   Thumb Code     2  stm32h7xx_it.o(i.PendSV_Handler)
    RS232_Init                               0x08005109   Thumb Code     6  rs232_driver.o(i.RS232_Init)
    SSD1306_Clear                            0x08005115   Thumb Code    16  ssd1306.o(i.SSD1306_Clear)
    SSD1306_DrawPixel                        0x08005125   Thumb Code    54  ssd1306.o(i.SSD1306_DrawPixel)
    SSD1306_Fill                             0x08005165   Thumb Code    18  ssd1306.o(i.SSD1306_Fill)
    SSD1306_GotoXY                           0x0800517d   Thumb Code     8  ssd1306.o(i.SSD1306_GotoXY)
    SSD1306_Init                             0x08005189   Thumb Code   350  ssd1306.o(i.SSD1306_Init)
    SSD1306_Putc                             0x080052f1   Thumb Code   156  ssd1306.o(i.SSD1306_Putc)
    SSD1306_Puts                             0x08005391   Thumb Code    40  ssd1306.o(i.SSD1306_Puts)
    SSD1306_UpdateScreen                     0x080053b9   Thumb Code    66  ssd1306.o(i.SSD1306_UpdateScreen)
    SVC_Handler                              0x08005401   Thumb Code     2  stm32h7xx_it.o(i.SVC_Handler)
    Send_feedback                            0x08005405   Thumb Code    50  rs232_driver.o(i.Send_feedback)
    Send_requested_data                      0x08005441   Thumb Code   352  rs232_driver.o(i.Send_requested_data)
    Start_get_command                        0x080055a9   Thumb Code    12  rs232_driver.o(i.Start_get_command)
    SysTick_Handler                          0x080055bd   Thumb Code     4  stm32h7xx_it.o(i.SysTick_Handler)
    SystemClock_Config                       0x080055c1   Thumb Code   160  main.o(i.SystemClock_Config)
    SystemInit                               0x08005669   Thumb Code   180  system_stm32h7xx.o(i.SystemInit)
    TIM15_IRQHandler                         0x08005745   Thumb Code     6  stm32h7xx_it.o(i.TIM15_IRQHandler)
    TIM16_IRQHandler                         0x08005751   Thumb Code     6  stm32h7xx_it.o(i.TIM16_IRQHandler)
    TIM1_CC_IRQHandler                       0x0800575d   Thumb Code     6  stm32h7xx_it.o(i.TIM1_CC_IRQHandler)
    TIM2_IRQHandler                          0x08005769   Thumb Code     6  stm32h7xx_it.o(i.TIM2_IRQHandler)
    TIM3_IRQHandler                          0x08005775   Thumb Code     6  stm32h7xx_it.o(i.TIM3_IRQHandler)
    TIM4_IRQHandler                          0x08005781   Thumb Code     6  stm32h7xx_it.o(i.TIM4_IRQHandler)
    TIM5_IRQHandler                          0x0800578d   Thumb Code     6  stm32h7xx_it.o(i.TIM5_IRQHandler)
    TIM6_DAC_IRQHandler                      0x08005799   Thumb Code     6  stm32h7xx_it.o(i.TIM6_DAC_IRQHandler)
    TIM7_IRQHandler                          0x080057a5   Thumb Code     6  stm32h7xx_it.o(i.TIM7_IRQHandler)
    TIM8_BRK_TIM12_IRQHandler                0x080057b1   Thumb Code    18  stm32h7xx_it.o(i.TIM8_BRK_TIM12_IRQHandler)
    TIM8_CC_IRQHandler                       0x080057cd   Thumb Code     6  stm32h7xx_it.o(i.TIM8_CC_IRQHandler)
    TIM8_TRG_COM_TIM14_IRQHandler            0x080057d9   Thumb Code    18  stm32h7xx_it.o(i.TIM8_TRG_COM_TIM14_IRQHandler)
    TIM8_UP_TIM13_IRQHandler                 0x080057f5   Thumb Code    18  stm32h7xx_it.o(i.TIM8_UP_TIM13_IRQHandler)
    TIM_Base_SetConfig                       0x08005811   Thumb Code   176  stm32h7xx_hal_tim.o(i.TIM_Base_SetConfig)
    TIM_ETR_SetConfig                        0x080058e1   Thumb Code    18  stm32h7xx_hal_tim.o(i.TIM_ETR_SetConfig)
    TIM_TI1_SetConfig                        0x08005a0d   Thumb Code   100  stm32h7xx_hal_tim.o(i.TIM_TI1_SetConfig)
    UART4_IRQHandler                         0x08005ae9   Thumb Code     6  stm32h7xx_it.o(i.UART4_IRQHandler)
    UART_AdvFeatureConfig                    0x08005b39   Thumb Code   200  stm32h7xx_hal_uart.o(i.UART_AdvFeatureConfig)
    UART_CheckIdleState                      0x08005c01   Thumb Code   170  stm32h7xx_hal_uart.o(i.UART_CheckIdleState)
    UART_SetConfig                           0x080061e5   Thumb Code   876  stm32h7xx_hal_uart.o(i.UART_SetConfig)
    UART_Start_Receive_IT                    0x08006591   Thumb Code   256  stm32h7xx_hal_uart.o(i.UART_Start_Receive_IT)
    UART_WaitOnFlagUntilTimeout              0x08006813   Thumb Code   148  stm32h7xx_hal_uart.o(i.UART_WaitOnFlagUntilTimeout)
    UsageFault_Handler                       0x080068a7   Thumb Code     2  stm32h7xx_it.o(i.UsageFault_Handler)
    __hardfp_fmod                            0x080068cd   Thumb Code   246  fmod.o(i.__hardfp_fmod)
    __mathlib_dbl_invalid                    0x080069c9   Thumb Code    10  dunder.o(i.__mathlib_dbl_invalid)
    check_state                              0x080069e1   Thumb Code     8  rs232_driver.o(i.check_state)
    disable_stepper                          0x080069ed   Thumb Code    28  main.o(i.disable_stepper)
    enable_stepper                           0x08006a0d   Thumb Code    28  main.o(i.enable_stepper)
    main                                     0x08006a2d   Thumb Code   832  main.o(i.main)
    receive_data                             0x08006de9   Thumb Code    36  main.o(i.receive_data)
    show_menu                                0x08006e15   Thumb Code   466  main.o(i.show_menu)
    ssd1306_I2C_Init                         0x08007179   Thumb Code     8  ssd1306.o(i.ssd1306_I2C_Init)
    ssd1306_I2C_Write                        0x08007185   Thumb Code    28  ssd1306.o(i.ssd1306_I2C_Write)
    ssd1306_I2C_WriteMulti                   0x080071a5   Thumb Code    50  ssd1306.o(i.ssd1306_I2C_WriteMulti)
    __fpl_dnaninf                            0x080071dd   Thumb Code   156  dnaninf.o(x$fpl$dnaninf)
    _drem                                    0x08007279   Thumb Code   328  drem_clz.o(x$fpl$drem)
    _fp_init                                 0x080073c9   Thumb Code    10  fpinit.o(x$fpl$fpinit)
    __fplib_config_fpu_vfp                   0x080073d1   Thumb Code     0  fpinit.o(x$fpl$fpinit)
    __fplib_config_pureend_doubles           0x080073d1   Thumb Code     0  fpinit.o(x$fpl$fpinit)
    Font7x10                                 0x080073d2   Data        1900  fonts.o(.constdata)
    __I$use$fp                               0x080073d2   Number         0  usenofp.o(x$fpl$usenofp)
    UARTPrescTable                           0x08007b8c   Data          24  stm32h7xx_hal_uart.o(.constdata)
    D1CorePrescTable                         0x08007bb4   Data          16  system_stm32h7xx.o(.constdata)
    Region$$Table$$Base                      0x08007bc4   Number         0  anon$$obj.o(Region$$Table)
    Region$$Table$$Limit                     0x08007be4   Number         0  anon$$obj.o(Region$$Table)
    welding_pattern                          0x24000000   Data           1  main.o(.data)
    read_saved_pattern                       0x24000001   Data           1  main.o(.data)
    current_speed                            0x24000002   Data           1  main.o(.data)
    send_data_counter                        0x24000003   Data           1  main.o(.data)
    struct_size                              0x24000004   Data           1  main.o(.data)
    refresh_counter                          0x24000005   Data           1  main.o(.data)
    selected_menu                            0x24000006   Data           1  main.o(.data)
    pwr_status                               0x24000007   Data           1  main.o(.data)
    min_duty_cycle                           0x24000008   Data           4  main.o(.data)
    max_duty_cycle                           0x2400000c   Data           4  main.o(.data)
    prev_data_get                            0x24000010   Data           4  main.o(.data)
    RS232_state                              0x24000014   Data           4  main.o(.data)
    limit_switch_state                       0x24000018   Data           6  main.o(.data)
    step_start                               0x2400001e   Data           6  main.o(.data)
    step_limit                               0x24000024   Data           6  main.o(.data)
    step_dir                                 0x2400002a   Data           6  main.o(.data)
    read_saved_posX                          0x24000030   Data           8  main.o(.data)
    read_saved_posY                          0x24000038   Data           8  main.o(.data)
    read_saved_posZ                          0x24000040   Data           8  main.o(.data)
    read_saved_angle1                        0x24000048   Data           8  main.o(.data)
    read_saved_angle2                        0x24000050   Data           8  main.o(.data)
    read_saved_angle3                        0x24000058   Data           8  main.o(.data)
    read_saved_angle4                        0x24000060   Data           8  main.o(.data)
    read_saved_angle5                        0x24000068   Data           8  main.o(.data)
    read_saved_angle6                        0x24000070   Data           8  main.o(.data)
    joint_rpm                                0x24000078   Data           8  main.o(.data)
    tx_welding_point                         0x24000080   Data           8  main.o(.data)
    tx_welding_pattern                       0x24000088   Data           8  main.o(.data)
    stepper_microstep                        0x24000090   Data          12  main.o(.data)
    stepper_ratio                            0x2400009c   Data          12  main.o(.data)
    title                                    0x240000a8   Data          18  main.o(.data)
    error1                                   0x240000ba   Data          18  main.o(.data)
    error2                                   0x240000cc   Data          18  main.o(.data)
    Font_7x10                                0x240000e0   Data           8  fonts.o(.data)
    uwTickFreq                               0x240000f4   Data           1  stm32h7xx_hal.o(.data)
    uwTickPrio                               0x240000f8   Data           4  stm32h7xx_hal.o(.data)
    uwTick                                   0x240000fc   Data           4  stm32h7xx_hal.o(.data)
    SystemCoreClock                          0x24000100   Data           4  system_stm32h7xx.o(.data)
    SystemD2Clock                            0x24000104   Data           4  system_stm32h7xx.o(.data)
    eeprom1                                  0x24000108   Data          24  main.o(.bss)
    eeprom2                                  0x24000120   Data          24  main.o(.bss)
    command                                  0x24000138   Data         424  main.o(.bss)
    hi2c1                                    0x240002e0   Data          84  main.o(.bss)
    htim1                                    0x24000334   Data          76  main.o(.bss)
    htim2                                    0x24000380   Data          76  main.o(.bss)
    htim3                                    0x240003cc   Data          76  main.o(.bss)
    htim4                                    0x24000418   Data          76  main.o(.bss)
    htim5                                    0x24000464   Data          76  main.o(.bss)
    htim6                                    0x240004b0   Data          76  main.o(.bss)
    htim7                                    0x240004fc   Data          76  main.o(.bss)
    htim8                                    0x24000548   Data          76  main.o(.bss)
    htim12                                   0x24000594   Data          76  main.o(.bss)
    htim13                                   0x240005e0   Data          76  main.o(.bss)
    htim14                                   0x2400062c   Data          76  main.o(.bss)
    htim15                                   0x24000678   Data          76  main.o(.bss)
    htim16                                   0x240006c4   Data          76  main.o(.bss)
    huart4                                   0x24000710   Data         148  main.o(.bss)
    page_data_byte                           0x240007a4   Data         128  main.o(.bss)
    saved_pos                                0x24000824   Data          24  main.o(.bss)
    read_saved_pos                           0x2400083c   Data          24  main.o(.bss)
    saved_angle                              0x24000854   Data          48  main.o(.bss)
    read_saved_angle                         0x24000884   Data          48  main.o(.bss)
    prev_angle                               0x240008b8   Data          48  main.o(.bss)
    prev_input_angle                         0x240008e8   Data          48  main.o(.bss)
    stepper_rpm                              0x24000918   Data          12  main.o(.bss)
    stepper_freq                             0x24000924   Data          12  main.o(.bss)
    t_on                                     0x24000930   Data          12  main.o(.bss)
    t_off                                    0x2400093c   Data          12  main.o(.bss)
    step_input                               0x24000948   Data          12  main.o(.bss)
    step_output                              0x24000954   Data          12  main.o(.bss)
    step_freq                                0x24000960   Data          12  main.o(.bss)
    step_period                              0x2400096c   Data          12  main.o(.bss)
    timer_counter                            0x24000978   Data          24  main.o(.bss)
    step_counter                             0x24000990   Data          24  main.o(.bss)
    tx_current_pos                           0x240009a8   Data          24  main.o(.bss)
    tx_current_angle                         0x240009c0   Data          48  main.o(.bss)
    enc_counter                              0x240009f0   Data          24  main.o(.bss)
    pwm_freq                                 0x24000a08   Data          24  main.o(.bss)
    cycle_time                               0x24000a20   Data          24  main.o(.bss)
    duty_cycle                               0x24000a38   Data          24  main.o(.bss)
    enc_angle                                0x24000a50   Data          24  main.o(.bss)
    cal_value                                0x24000a68   Data          24  main.o(.bss)
    cal_enc_angle                            0x24000a80   Data          24  main.o(.bss)
    prev_cal_enc_angle                       0x24000a98   Data          24  main.o(.bss)
    reduced_cal_enc_angle                    0x24000ab0   Data          24  main.o(.bss)
    enc_joint_angle                          0x24000ac8   Data          24  main.o(.bss)
    __libspace_start                         0x24000f30   Data          96  libspace.o(.bss)
    __temporary_stack_top$libspace           0x24000f90   Data           0  libspace.o(.bss)



==============================================================================

Memory Map of the image

  Image Entry point : 0x08000299

  Load Region LR_IROM1 (Base: 0x08000000, Size: 0x00007cec, Max: 0x00200000, ABSOLUTE)

    Execution Region ER_IROM1 (Exec base: 0x08000000, Load base: 0x08000000, Size: 0x00007be4, Max: 0x00200000, ABSOLUTE)

    Exec Addr    Load Addr    Size         Type   Attr      Idx    E Section Name        Object

    0x08000000   0x08000000   0x00000298   Data   RO            3    RESET               startup_stm32h743xx.o
    0x08000298   0x08000298   0x00000008   Code   RO         5175  * !!!main             c_w.l(__main.o)
    0x080002a0   0x080002a0   0x00000034   Code   RO         5428    !!!scatter          c_w.l(__scatter.o)
    0x080002d4   0x080002d4   0x0000001a   Code   RO         5430    !!handler_copy      c_w.l(__scatter_copy.o)
    0x080002ee   0x080002ee   0x00000002   PAD
    0x080002f0   0x080002f0   0x0000001c   Code   RO         5432    !!handler_zi        c_w.l(__scatter_zi.o)
    0x0800030c   0x0800030c   0x00000002   Code   RO         5365    .ARM.Collect$$libinit$$00000000  c_w.l(libinit.o)
    0x0800030e   0x0800030e   0x00000004   Code   RO         5227    .ARM.Collect$$libinit$$00000001  c_w.l(libinit2.o)
    0x08000312   0x08000312   0x00000000   Code   RO         5230    .ARM.Collect$$libinit$$00000004  c_w.l(libinit2.o)
    0x08000312   0x08000312   0x00000000   Code   RO         5233    .ARM.Collect$$libinit$$0000000A  c_w.l(libinit2.o)
    0x08000312   0x08000312   0x00000000   Code   RO         5235    .ARM.Collect$$libinit$$0000000C  c_w.l(libinit2.o)
    0x08000312   0x08000312   0x00000000   Code   RO         5237    .ARM.Collect$$libinit$$0000000E  c_w.l(libinit2.o)
    0x08000312   0x08000312   0x00000000   Code   RO         5240    .ARM.Collect$$libinit$$00000011  c_w.l(libinit2.o)
    0x08000312   0x08000312   0x00000000   Code   RO         5242    .ARM.Collect$$libinit$$00000013  c_w.l(libinit2.o)
    0x08000312   0x08000312   0x00000000   Code   RO         5244    .ARM.Collect$$libinit$$00000015  c_w.l(libinit2.o)
    0x08000312   0x08000312   0x00000000   Code   RO         5246    .ARM.Collect$$libinit$$00000017  c_w.l(libinit2.o)
    0x08000312   0x08000312   0x00000000   Code   RO         5248    .ARM.Collect$$libinit$$00000019  c_w.l(libinit2.o)
    0x08000312   0x08000312   0x00000000   Code   RO         5250    .ARM.Collect$$libinit$$0000001B  c_w.l(libinit2.o)
    0x08000312   0x08000312   0x00000000   Code   RO         5252    .ARM.Collect$$libinit$$0000001D  c_w.l(libinit2.o)
    0x08000312   0x08000312   0x00000000   Code   RO         5254    .ARM.Collect$$libinit$$0000001F  c_w.l(libinit2.o)
    0x08000312   0x08000312   0x00000000   Code   RO         5256    .ARM.Collect$$libinit$$00000021  c_w.l(libinit2.o)
    0x08000312   0x08000312   0x00000000   Code   RO         5258    .ARM.Collect$$libinit$$00000023  c_w.l(libinit2.o)
    0x08000312   0x08000312   0x00000000   Code   RO         5260    .ARM.Collect$$libinit$$00000025  c_w.l(libinit2.o)
    0x08000312   0x08000312   0x00000000   Code   RO         5264    .ARM.Collect$$libinit$$0000002C  c_w.l(libinit2.o)
    0x08000312   0x08000312   0x00000000   Code   RO         5266    .ARM.Collect$$libinit$$0000002E  c_w.l(libinit2.o)
    0x08000312   0x08000312   0x00000000   Code   RO         5268    .ARM.Collect$$libinit$$00000030  c_w.l(libinit2.o)
    0x08000312   0x08000312   0x00000000   Code   RO         5270    .ARM.Collect$$libinit$$00000032  c_w.l(libinit2.o)
    0x08000312   0x08000312   0x00000002   Code   RO         5271    .ARM.Collect$$libinit$$00000033  c_w.l(libinit2.o)
    0x08000314   0x08000314   0x00000002   Code   RO         5425    .ARM.Collect$$libshutdown$$00000000  c_w.l(libshutdown.o)
    0x08000316   0x08000316   0x00000000   Code   RO         5381    .ARM.Collect$$libshutdown$$00000002  c_w.l(libshutdown2.o)
    0x08000316   0x08000316   0x00000000   Code   RO         5383    .ARM.Collect$$libshutdown$$00000004  c_w.l(libshutdown2.o)
    0x08000316   0x08000316   0x00000000   Code   RO         5385    .ARM.Collect$$libshutdown$$00000006  c_w.l(libshutdown2.o)
    0x08000316   0x08000316   0x00000000   Code   RO         5388    .ARM.Collect$$libshutdown$$00000009  c_w.l(libshutdown2.o)
    0x08000316   0x08000316   0x00000000   Code   RO         5391    .ARM.Collect$$libshutdown$$0000000C  c_w.l(libshutdown2.o)
    0x08000316   0x08000316   0x00000000   Code   RO         5393    .ARM.Collect$$libshutdown$$0000000E  c_w.l(libshutdown2.o)
    0x08000316   0x08000316   0x00000000   Code   RO         5396    .ARM.Collect$$libshutdown$$00000011  c_w.l(libshutdown2.o)
    0x08000316   0x08000316   0x00000002   Code   RO         5397    .ARM.Collect$$libshutdown$$00000012  c_w.l(libshutdown2.o)
    0x08000318   0x08000318   0x00000000   Code   RO         5191    .ARM.Collect$$rtentry$$00000000  c_w.l(__rtentry.o)
    0x08000318   0x08000318   0x00000000   Code   RO         5295    .ARM.Collect$$rtentry$$00000002  c_w.l(__rtentry2.o)
    0x08000318   0x08000318   0x00000006   Code   RO         5307    .ARM.Collect$$rtentry$$00000004  c_w.l(__rtentry4.o)
    0x0800031e   0x0800031e   0x00000000   Code   RO         5297    .ARM.Collect$$rtentry$$00000009  c_w.l(__rtentry2.o)
    0x0800031e   0x0800031e   0x00000004   Code   RO         5298    .ARM.Collect$$rtentry$$0000000A  c_w.l(__rtentry2.o)
    0x08000322   0x08000322   0x00000000   Code   RO         5300    .ARM.Collect$$rtentry$$0000000C  c_w.l(__rtentry2.o)
    0x08000322   0x08000322   0x00000008   Code   RO         5301    .ARM.Collect$$rtentry$$0000000D  c_w.l(__rtentry2.o)
    0x0800032a   0x0800032a   0x00000002   Code   RO         5368    .ARM.Collect$$rtexit$$00000000  c_w.l(rtexit.o)
    0x0800032c   0x0800032c   0x00000000   Code   RO         5401    .ARM.Collect$$rtexit$$00000002  c_w.l(rtexit2.o)
    0x0800032c   0x0800032c   0x00000004   Code   RO         5402    .ARM.Collect$$rtexit$$00000003  c_w.l(rtexit2.o)
    0x08000330   0x08000330   0x00000006   Code   RO         5403    .ARM.Collect$$rtexit$$00000004  c_w.l(rtexit2.o)
    0x08000336   0x08000336   0x00000002   PAD
    0x08000338   0x08000338   0x00000040   Code   RO            4    .text               startup_stm32h743xx.o
    0x08000378   0x08000378   0x000000ee   Code   RO         5161    .text               c_w.l(lludivv7m.o)
    0x08000466   0x08000466   0x0000008a   Code   RO         5165    .text               c_w.l(rt_memcpy_v6.o)
    0x080004f0   0x080004f0   0x00000010   Code   RO         5167    .text               c_w.l(aeabi_memset.o)
    0x08000500   0x08000500   0x00000044   Code   RO         5169    .text               c_w.l(rt_memclr.o)
    0x08000544   0x08000544   0x0000004e   Code   RO         5171    .text               c_w.l(rt_memclr_w.o)
    0x08000592   0x08000592   0x00000006   Code   RO         5173    .text               c_w.l(heapauxi.o)
    0x08000598   0x08000598   0x00000016   Code   RO         5221    .text               c_w.l(_rserrno.o)
    0x080005ae   0x080005ae   0x00000064   Code   RO         5223    .text               c_w.l(rt_memcpy_w.o)
    0x08000612   0x08000612   0x00000002   PAD
    0x08000614   0x08000614   0x00000008   Code   RO         5291    .text               c_w.l(libspace.o)
    0x0800061c   0x0800061c   0x00000008   Code   RO         5314    .text               c_w.l(rt_errno_addr_intlibspace.o)
    0x08000624   0x08000624   0x00000002   Code   RO         5337    .text               c_w.l(use_no_semi.o)
    0x08000626   0x08000626   0x00000000   Code   RO         5339    .text               c_w.l(indicate_semi.o)
    0x08000626   0x08000626   0x0000004a   Code   RO         5340    .text               c_w.l(sys_stackheap_outer.o)
    0x08000670   0x08000670   0x00000012   Code   RO         5346    .text               c_w.l(exit.o)
    0x08000682   0x08000682   0x00000002   PAD
    0x08000684   0x08000684   0x0000000c   Code   RO         5366    .text               c_w.l(sys_exit.o)
    0x08000690   0x08000690   0x00000002   Code   RO          418    i.BusFault_Handler  stm32h7xx_it.o
    0x08000692   0x08000692   0x00000002   Code   RO          419    i.DebugMon_Handler  stm32h7xx_it.o
    0x08000694   0x08000694   0x0000002e   Code   RO          672    i.EEPROM_ByteRead   eeprom_lib.o
    0x080006c2   0x080006c2   0x0000003c   Code   RO          674    i.EEPROM_Init       eeprom_lib.o
    0x080006fe   0x080006fe   0x00000008   Code   RO          420    i.EXTI15_10_IRQHandler  stm32h7xx_it.o
    0x08000706   0x08000706   0x00000006   Code   RO          421    i.EXTI2_IRQHandler  stm32h7xx_it.o
    0x0800070c   0x0800070c   0x00000006   Code   RO          422    i.EXTI3_IRQHandler  stm32h7xx_it.o
    0x08000712   0x08000712   0x00000006   Code   RO          423    i.EXTI4_IRQHandler  stm32h7xx_it.o
    0x08000718   0x08000718   0x00000012   Code   RO          424    i.EXTI9_5_IRQHandler  stm32h7xx_it.o
    0x0800072a   0x0800072a   0x00000004   Code   RO           13    i.Error_Handler     main.o
    0x0800072e   0x0800072e   0x00000002   PAD
    0x08000730   0x08000730   0x00000248   Code   RO          764    i.Get_command       rs232_driver.o
    0x08000978   0x08000978   0x00000360   Code   RO         1906    i.HAL_DMA_Abort     stm32h7xx_hal_dma.o
    0x08000cd8   0x08000cd8   0x00000284   Code   RO         1907    i.HAL_DMA_Abort_IT  stm32h7xx_hal_dma.o
    0x08000f5c   0x08000f5c   0x00000024   Code   RO         2615    i.HAL_Delay         stm32h7xx_hal.o
    0x08000f80   0x08000f80   0x00000002   Code   RO         1752    i.HAL_GPIO_EXTI_Callback  stm32h7xx_hal_gpio.o
    0x08000f82   0x08000f82   0x00000018   Code   RO         1753    i.HAL_GPIO_EXTI_IRQHandler  stm32h7xx_hal_gpio.o
    0x08000f9a   0x08000f9a   0x00000002   PAD
    0x08000f9c   0x08000f9c   0x0000022c   Code   RO         1754    i.HAL_GPIO_Init     stm32h7xx_hal_gpio.o
    0x080011c8   0x080011c8   0x0000000a   Code   RO         1758    i.HAL_GPIO_WritePin  stm32h7xx_hal_gpio.o
    0x080011d2   0x080011d2   0x00000002   PAD
    0x080011d4   0x080011d4   0x0000000c   Code   RO         2626    i.HAL_GetREVID      stm32h7xx_hal.o
    0x080011e0   0x080011e0   0x0000000c   Code   RO         2627    i.HAL_GetTick       stm32h7xx_hal.o
    0x080011ec   0x080011ec   0x00000058   Code   RO         3392    i.HAL_I2CEx_ConfigAnalogFilter  stm32h7xx_hal_i2c_ex.o
    0x08001244   0x08001244   0x00000054   Code   RO         3393    i.HAL_I2CEx_ConfigDigitalFilter  stm32h7xx_hal_i2c_ex.o
    0x08001298   0x08001298   0x000000c0   Code   RO         2931    i.HAL_I2C_Init      stm32h7xx_hal_i2c.o
    0x08001358   0x08001358   0x00000100   Code   RO         2932    i.HAL_I2C_IsDeviceReady  stm32h7xx_hal_i2c.o
    0x08001458   0x08001458   0x0000014c   Code   RO         2944    i.HAL_I2C_Master_Transmit  stm32h7xx_hal_i2c.o
    0x080015a4   0x080015a4   0x00000164   Code   RO         2949    i.HAL_I2C_Mem_Read  stm32h7xx_hal_i2c.o
    0x08001708   0x08001708   0x00000084   Code   RO          613    i.HAL_I2C_MspInit   stm32h7xx_hal_msp.o
    0x0800178c   0x0800178c   0x00000010   Code   RO         2633    i.HAL_IncTick       stm32h7xx_hal.o
    0x0800179c   0x0800179c   0x0000005c   Code   RO         2634    i.HAL_Init          stm32h7xx_hal.o
    0x080017f8   0x080017f8   0x00000040   Code   RO         2635    i.HAL_InitTick      stm32h7xx_hal.o
    0x08001838   0x08001838   0x0000001c   Code   RO          614    i.HAL_MspInit       stm32h7xx_hal_msp.o
    0x08001854   0x08001854   0x0000001a   Code   RO         1114    i.HAL_NVIC_EnableIRQ  stm32h7xx_hal_cortex.o
    0x0800186e   0x0800186e   0x00000002   PAD
    0x08001870   0x08001870   0x00000040   Code   RO         1120    i.HAL_NVIC_SetPriority  stm32h7xx_hal_cortex.o
    0x080018b0   0x080018b0   0x00000024   Code   RO         1121    i.HAL_NVIC_SetPriorityGrouping  stm32h7xx_hal_cortex.o
    0x080018d4   0x080018d4   0x00000054   Code   RO         2355    i.HAL_PWREx_ConfigSupply  stm32h7xx_hal_pwr_ex.o
    0x08001928   0x08001928   0x00000024   Code   RO         1375    i.HAL_RCCEx_GetD3PCLK1Freq  stm32h7xx_hal_rcc_ex.o
    0x0800194c   0x0800194c   0x00000144   Code   RO         1377    i.HAL_RCCEx_GetPLL2ClockFreq  stm32h7xx_hal_rcc_ex.o
    0x08001a90   0x08001a90   0x00000144   Code   RO         1378    i.HAL_RCCEx_GetPLL3ClockFreq  stm32h7xx_hal_rcc_ex.o
    0x08001bd4   0x08001bd4   0x000009ac   Code   RO         1384    i.HAL_RCCEx_PeriphCLKConfig  stm32h7xx_hal_rcc_ex.o
    0x08002580   0x08002580   0x00000002   Code   RO         1259    i.HAL_RCC_CSSCallback  stm32h7xx_hal_rcc.o
    0x08002582   0x08002582   0x00000002   PAD
    0x08002584   0x08002584   0x0000025c   Code   RO         1260    i.HAL_RCC_ClockConfig  stm32h7xx_hal_rcc.o
    0x080027e0   0x080027e0   0x00000010   Code   RO         1263    i.HAL_RCC_EnableCSS  stm32h7xx_hal_rcc.o
    0x080027f0   0x080027f0   0x00000044   Code   RO         1265    i.HAL_RCC_GetHCLKFreq  stm32h7xx_hal_rcc.o
    0x08002834   0x08002834   0x00000024   Code   RO         1267    i.HAL_RCC_GetPCLK1Freq  stm32h7xx_hal_rcc.o
    0x08002858   0x08002858   0x00000024   Code   RO         1268    i.HAL_RCC_GetPCLK2Freq  stm32h7xx_hal_rcc.o
    0x0800287c   0x0800287c   0x00000138   Code   RO         1269    i.HAL_RCC_GetSysClockFreq  stm32h7xx_hal_rcc.o
    0x080029b4   0x080029b4   0x00000020   Code   RO         1271    i.HAL_RCC_NMI_IRQHandler  stm32h7xx_hal_rcc.o
    0x080029d4   0x080029d4   0x00000582   Code   RO         1272    i.HAL_RCC_OscConfig  stm32h7xx_hal_rcc.o
    0x08002f56   0x08002f56   0x00000026   Code   RO         1125    i.HAL_SYSTICK_Config  stm32h7xx_hal_cortex.o
    0x08002f7c   0x08002f7c   0x00000002   Code   RO         4234    i.HAL_TIMEx_Break2Callback  stm32h7xx_hal_tim_ex.o
    0x08002f7e   0x08002f7e   0x00000002   Code   RO         4235    i.HAL_TIMEx_BreakCallback  stm32h7xx_hal_tim_ex.o
    0x08002f80   0x08002f80   0x00000002   Code   RO         4236    i.HAL_TIMEx_CommutCallback  stm32h7xx_hal_tim_ex.o
    0x08002f82   0x08002f82   0x00000002   PAD
    0x08002f84   0x08002f84   0x000000a4   Code   RO         4256    i.HAL_TIMEx_MasterConfigSynchronization  stm32h7xx_hal_tim_ex.o
    0x08003028   0x08003028   0x00000062   Code   RO         3520    i.HAL_TIM_Base_Init  stm32h7xx_hal_tim.o
    0x0800308a   0x0800308a   0x00000002   PAD
    0x0800308c   0x0800308c   0x00000354   Code   RO          616    i.HAL_TIM_Base_MspInit  stm32h7xx_hal_msp.o
    0x080033e0   0x080033e0   0x0000008c   Code   RO         3525    i.HAL_TIM_Base_Start_IT  stm32h7xx_hal_tim.o
    0x0800346c   0x0800346c   0x00000030   Code   RO         3528    i.HAL_TIM_Base_Stop_IT  stm32h7xx_hal_tim.o
    0x0800349c   0x0800349c   0x000000fc   Code   RO         3529    i.HAL_TIM_ConfigClockSource  stm32h7xx_hal_tim.o
    0x08003598   0x08003598   0x0000013c   Code   RO           15    i.HAL_TIM_IC_CaptureCallback  main.o
    0x080036d4   0x080036d4   0x00000122   Code   RO         3556    i.HAL_TIM_IC_ConfigChannel  stm32h7xx_hal_tim.o
    0x080037f6   0x080037f6   0x00000062   Code   RO         3559    i.HAL_TIM_IC_Init   stm32h7xx_hal_tim.o
    0x08003858   0x08003858   0x00000002   Code   RO         3561    i.HAL_TIM_IC_MspInit  stm32h7xx_hal_tim.o
    0x0800385a   0x0800385a   0x00000148   Code   RO         3568    i.HAL_TIM_IRQHandler  stm32h7xx_hal_tim.o
    0x080039a2   0x080039a2   0x00000002   Code   RO         3571    i.HAL_TIM_OC_DelayElapsedCallback  stm32h7xx_hal_tim.o
    0x080039a4   0x080039a4   0x00000002   Code   RO         3598    i.HAL_TIM_PWM_PulseFinishedCallback  stm32h7xx_hal_tim.o
    0x080039a6   0x080039a6   0x00000002   PAD
    0x080039a8   0x080039a8   0x000001ac   Code   RO           16    i.HAL_TIM_PeriodElapsedCallback  main.o
    0x08003b54   0x08003b54   0x0000002c   Code   RO         3608    i.HAL_TIM_ReadCapturedValue  stm32h7xx_hal_tim.o
    0x08003b80   0x08003b80   0x00000056   Code   RO         3609    i.HAL_TIM_SlaveConfigSynchro  stm32h7xx_hal_tim.o
    0x08003bd6   0x08003bd6   0x00000002   Code   RO         3611    i.HAL_TIM_TriggerCallback  stm32h7xx_hal_tim.o
    0x08003bd8   0x08003bd8   0x00000040   Code   RO         4945    i.HAL_UARTEx_DisableFifoMode  stm32h7xx_hal_uart_ex.o
    0x08003c18   0x08003c18   0x00000002   Code   RO         4534    i.HAL_UARTEx_RxEventCallback  stm32h7xx_hal_uart.o
    0x08003c1a   0x08003c1a   0x00000002   Code   RO         4953    i.HAL_UARTEx_RxFifoFullCallback  stm32h7xx_hal_uart_ex.o
    0x08003c1c   0x08003c1c   0x0000004c   Code   RO         4954    i.HAL_UARTEx_SetRxFifoThreshold  stm32h7xx_hal_uart_ex.o
    0x08003c68   0x08003c68   0x0000004c   Code   RO         4955    i.HAL_UARTEx_SetTxFifoThreshold  stm32h7xx_hal_uart_ex.o
    0x08003cb4   0x08003cb4   0x00000002   Code   RO         4957    i.HAL_UARTEx_TxFifoEmptyCallback  stm32h7xx_hal_uart_ex.o
    0x08003cb6   0x08003cb6   0x00000002   Code   RO         4958    i.HAL_UARTEx_WakeupCallback  stm32h7xx_hal_uart_ex.o
    0x08003cb8   0x08003cb8   0x00000002   Code   RO         4550    i.HAL_UART_ErrorCallback  stm32h7xx_hal_uart.o
    0x08003cba   0x08003cba   0x0000000e   Code   RO         4552    i.HAL_UART_GetState  stm32h7xx_hal_uart.o
    0x08003cc8   0x08003cc8   0x00000388   Code   RO         4553    i.HAL_UART_IRQHandler  stm32h7xx_hal_uart.o
    0x08004050   0x08004050   0x0000006a   Code   RO         4554    i.HAL_UART_Init     stm32h7xx_hal_uart.o
    0x080040ba   0x080040ba   0x00000002   PAD
    0x080040bc   0x080040bc   0x000000a0   Code   RO          618    i.HAL_UART_MspInit  stm32h7xx_hal_msp.o
    0x0800415c   0x0800415c   0x00000048   Code   RO         4559    i.HAL_UART_Receive_IT  stm32h7xx_hal_uart.o
    0x080041a4   0x080041a4   0x00000038   Code   RO           17    i.HAL_UART_RxCpltCallback  main.o
    0x080041dc   0x080041dc   0x000000b0   Code   RO         4563    i.HAL_UART_Transmit  stm32h7xx_hal_uart.o
    0x0800428c   0x0800428c   0x00000098   Code   RO         4565    i.HAL_UART_Transmit_IT  stm32h7xx_hal_uart.o
    0x08004324   0x08004324   0x00000028   Code   RO           18    i.HAL_UART_TxCpltCallback  main.o
    0x0800434c   0x0800434c   0x00000002   Code   RO          425    i.HardFault_Handler  stm32h7xx_it.o
    0x0800434e   0x0800434e   0x00000022   Code   RO         2978    i.I2C_Flush_TXDR    stm32h7xx_hal_i2c.o
    0x08004370   0x08004370   0x00000110   Code   RO         2986    i.I2C_IsErrorOccurred  stm32h7xx_hal_i2c.o
    0x08004480   0x08004480   0x00000064   Code   RO         2991    i.I2C_RequestMemoryRead  stm32h7xx_hal_i2c.o
    0x080044e4   0x080044e4   0x00000030   Code   RO         2995    i.I2C_TransferConfig  stm32h7xx_hal_i2c.o
    0x08004514   0x08004514   0x0000007c   Code   RO         2997    i.I2C_WaitOnFlagUntilTimeout  stm32h7xx_hal_i2c.o
    0x08004590   0x08004590   0x00000058   Code   RO         2999    i.I2C_WaitOnSTOPFlagUntilTimeout  stm32h7xx_hal_i2c.o
    0x080045e8   0x080045e8   0x0000005c   Code   RO         3000    i.I2C_WaitOnTXISFlagUntilTimeout  stm32h7xx_hal_i2c.o
    0x08004644   0x08004644   0x00000210   Code   RO           19    i.MX_GPIO_Init      main.o
    0x08004854   0x08004854   0x00000054   Code   RO           20    i.MX_I2C1_Init      main.o
    0x080048a8   0x080048a8   0x00000064   Code   RO           21    i.MX_TIM12_Init     main.o
    0x0800490c   0x0800490c   0x00000068   Code   RO           22    i.MX_TIM15_Init     main.o
    0x08004974   0x08004974   0x000000d4   Code   RO           23    i.MX_TIM1_Init      main.o
    0x08004a48   0x08004a48   0x000000cc   Code   RO           24    i.MX_TIM2_Init      main.o
    0x08004b14   0x08004b14   0x000000d0   Code   RO           25    i.MX_TIM3_Init      main.o
    0x08004be4   0x08004be4   0x000000d0   Code   RO           26    i.MX_TIM4_Init      main.o
    0x08004cb4   0x08004cb4   0x000000cc   Code   RO           27    i.MX_TIM5_Init      main.o
    0x08004d80   0x08004d80   0x000000d4   Code   RO           28    i.MX_TIM8_Init      main.o
    0x08004e54   0x08004e54   0x00000068   Code   RO           29    i.MX_UART4_Init     main.o
    0x08004ebc   0x08004ebc   0x00000002   Code   RO          426    i.MemManage_Handler  stm32h7xx_it.o
    0x08004ebe   0x08004ebe   0x00000006   Code   RO          427    i.NMI_Handler       stm32h7xx_it.o
    0x08004ec4   0x08004ec4   0x00000002   Code   RO          428    i.PendSV_Handler    stm32h7xx_it.o
    0x08004ec6   0x08004ec6   0x00000002   PAD
    0x08004ec8   0x08004ec8   0x00000120   Code   RO         1387    i.RCCEx_PLL2_Config  stm32h7xx_hal_rcc_ex.o
    0x08004fe8   0x08004fe8   0x00000120   Code   RO         1388    i.RCCEx_PLL3_Config  stm32h7xx_hal_rcc_ex.o
    0x08005108   0x08005108   0x0000000c   Code   RO          765    i.RS232_Init        rs232_driver.o
    0x08005114   0x08005114   0x00000010   Code   RO          885    i.SSD1306_Clear     ssd1306.o
    0x08005124   0x08005124   0x00000040   Code   RO          892    i.SSD1306_DrawPixel  ssd1306.o
    0x08005164   0x08005164   0x00000018   Code   RO          895    i.SSD1306_Fill      ssd1306.o
    0x0800517c   0x0800517c   0x0000000c   Code   RO          896    i.SSD1306_GotoXY    ssd1306.o
    0x08005188   0x08005188   0x00000168   Code   RO          897    i.SSD1306_Init      ssd1306.o
    0x080052f0   0x080052f0   0x000000a0   Code   RO          901    i.SSD1306_Putc      ssd1306.o
    0x08005390   0x08005390   0x00000028   Code   RO          902    i.SSD1306_Puts      ssd1306.o
    0x080053b8   0x080053b8   0x00000048   Code   RO          909    i.SSD1306_UpdateScreen  ssd1306.o
    0x08005400   0x08005400   0x00000002   Code   RO          429    i.SVC_Handler       stm32h7xx_it.o
    0x08005402   0x08005402   0x00000002   PAD
    0x08005404   0x08005404   0x0000003c   Code   RO          768    i.Send_feedback     rs232_driver.o
    0x08005440   0x08005440   0x00000168   Code   RO          773    i.Send_requested_data  rs232_driver.o
    0x080055a8   0x080055a8   0x00000014   Code   RO          777    i.Start_get_command  rs232_driver.o
    0x080055bc   0x080055bc   0x00000004   Code   RO          430    i.SysTick_Handler   stm32h7xx_it.o
    0x080055c0   0x080055c0   0x000000a8   Code   RO           30    i.SystemClock_Config  main.o
    0x08005668   0x08005668   0x000000dc   Code   RO         5064    i.SystemInit        system_stm32h7xx.o
    0x08005744   0x08005744   0x0000000c   Code   RO          431    i.TIM15_IRQHandler  stm32h7xx_it.o
    0x08005750   0x08005750   0x0000000c   Code   RO          432    i.TIM16_IRQHandler  stm32h7xx_it.o
    0x0800575c   0x0800575c   0x0000000c   Code   RO          433    i.TIM1_CC_IRQHandler  stm32h7xx_it.o
    0x08005768   0x08005768   0x0000000c   Code   RO          434    i.TIM2_IRQHandler   stm32h7xx_it.o
    0x08005774   0x08005774   0x0000000c   Code   RO          435    i.TIM3_IRQHandler   stm32h7xx_it.o
    0x08005780   0x08005780   0x0000000c   Code   RO          436    i.TIM4_IRQHandler   stm32h7xx_it.o
    0x0800578c   0x0800578c   0x0000000c   Code   RO          437    i.TIM5_IRQHandler   stm32h7xx_it.o
    0x08005798   0x08005798   0x0000000c   Code   RO          438    i.TIM6_DAC_IRQHandler  stm32h7xx_it.o
    0x080057a4   0x080057a4   0x0000000c   Code   RO          439    i.TIM7_IRQHandler   stm32h7xx_it.o
    0x080057b0   0x080057b0   0x0000001c   Code   RO          440    i.TIM8_BRK_TIM12_IRQHandler  stm32h7xx_it.o
    0x080057cc   0x080057cc   0x0000000c   Code   RO          441    i.TIM8_CC_IRQHandler  stm32h7xx_it.o
    0x080057d8   0x080057d8   0x0000001c   Code   RO          442    i.TIM8_TRG_COM_TIM14_IRQHandler  stm32h7xx_it.o
    0x080057f4   0x080057f4   0x0000001c   Code   RO          443    i.TIM8_UP_TIM13_IRQHandler  stm32h7xx_it.o
    0x08005810   0x08005810   0x000000d0   Code   RO         3613    i.TIM_Base_SetConfig  stm32h7xx_hal_tim.o
    0x080058e0   0x080058e0   0x00000012   Code   RO         3624    i.TIM_ETR_SetConfig  stm32h7xx_hal_tim.o
    0x080058f2   0x080058f2   0x00000002   PAD
    0x080058f4   0x080058f4   0x00000014   Code   RO         3625    i.TIM_ITRx_SetConfig  stm32h7xx_hal_tim.o
    0x08005908   0x08005908   0x000000e0   Code   RO         3632    i.TIM_SlaveTimer_SetConfig  stm32h7xx_hal_tim.o
    0x080059e8   0x080059e8   0x00000022   Code   RO         3633    i.TIM_TI1_ConfigInputStage  stm32h7xx_hal_tim.o
    0x08005a0a   0x08005a0a   0x00000002   PAD
    0x08005a0c   0x08005a0c   0x00000080   Code   RO         3634    i.TIM_TI1_SetConfig  stm32h7xx_hal_tim.o
    0x08005a8c   0x08005a8c   0x00000024   Code   RO         3635    i.TIM_TI2_ConfigInputStage  stm32h7xx_hal_tim.o
    0x08005ab0   0x08005ab0   0x00000036   Code   RO         3636    i.TIM_TI2_SetConfig  stm32h7xx_hal_tim.o
    0x08005ae6   0x08005ae6   0x00000002   PAD
    0x08005ae8   0x08005ae8   0x0000000c   Code   RO          444    i.UART4_IRQHandler  stm32h7xx_it.o
    0x08005af4   0x08005af4   0x00000044   Code   RO         4959    i.UARTEx_SetNbDataToProcess  stm32h7xx_hal_uart_ex.o
    0x08005b38   0x08005b38   0x000000c8   Code   RO         4568    i.UART_AdvFeatureConfig  stm32h7xx_hal_uart.o
    0x08005c00   0x08005c00   0x000000aa   Code   RO         4569    i.UART_CheckIdleState  stm32h7xx_hal_uart.o
    0x08005caa   0x08005caa   0x00000014   Code   RO         4570    i.UART_DMAAbortOnError  stm32h7xx_hal_uart.o
    0x08005cbe   0x08005cbe   0x00000002   PAD
    0x08005cc0   0x08005cc0   0x00000054   Code   RO         4580    i.UART_EndRxTransfer  stm32h7xx_hal_uart.o
    0x08005d14   0x08005d14   0x000000c8   Code   RO         4582    i.UART_RxISR_16BIT  stm32h7xx_hal_uart.o
    0x08005ddc   0x08005ddc   0x000001a0   Code   RO         4583    i.UART_RxISR_16BIT_FIFOEN  stm32h7xx_hal_uart.o
    0x08005f7c   0x08005f7c   0x000000c8   Code   RO         4584    i.UART_RxISR_8BIT   stm32h7xx_hal_uart.o
    0x08006044   0x08006044   0x000001a0   Code   RO         4585    i.UART_RxISR_8BIT_FIFOEN  stm32h7xx_hal_uart.o
    0x080061e4   0x080061e4   0x000003ac   Code   RO         4586    i.UART_SetConfig    stm32h7xx_hal_uart.o
    0x08006590   0x08006590   0x00000110   Code   RO         4588    i.UART_Start_Receive_IT  stm32h7xx_hal_uart.o
    0x080066a0   0x080066a0   0x00000052   Code   RO         4589    i.UART_TxISR_16BIT  stm32h7xx_hal_uart.o
    0x080066f2   0x080066f2   0x00000002   PAD
    0x080066f4   0x080066f4   0x0000006a   Code   RO         4590    i.UART_TxISR_16BIT_FIFOEN  stm32h7xx_hal_uart.o
    0x0800675e   0x0800675e   0x0000004e   Code   RO         4591    i.UART_TxISR_8BIT   stm32h7xx_hal_uart.o
    0x080067ac   0x080067ac   0x00000066   Code   RO         4592    i.UART_TxISR_8BIT_FIFOEN  stm32h7xx_hal_uart.o
    0x08006812   0x08006812   0x00000094   Code   RO         4593    i.UART_WaitOnFlagUntilTimeout  stm32h7xx_hal_uart.o
    0x080068a6   0x080068a6   0x00000002   Code   RO          445    i.UsageFault_Handler  stm32h7xx_it.o
    0x080068a8   0x080068a8   0x00000022   Code   RO         1127    i.__NVIC_SetPriority  stm32h7xx_hal_cortex.o
    0x080068ca   0x080068ca   0x00000002   PAD
    0x080068cc   0x080068cc   0x000000fc   Code   RO         5177    i.__hardfp_fmod     m_wv.l(fmod.o)
    0x080069c8   0x080069c8   0x00000018   Code   RO         5278    i.__mathlib_dbl_invalid  m_wv.l(dunder.o)
    0x080069e0   0x080069e0   0x0000000c   Code   RO          779    i.check_state       rs232_driver.o
    0x080069ec   0x080069ec   0x00000020   Code   RO           32    i.disable_stepper   main.o
    0x08006a0c   0x08006a0c   0x00000020   Code   RO           33    i.enable_stepper    main.o
    0x08006a2c   0x08006a2c   0x000003bc   Code   RO           38    i.main              main.o
    0x08006de8   0x08006de8   0x0000002c   Code   RO           46    i.receive_data      main.o
    0x08006e14   0x08006e14   0x00000364   Code   RO           50    i.show_menu         main.o
    0x08007178   0x08007178   0x0000000c   Code   RO          910    i.ssd1306_I2C_Init  ssd1306.o
    0x08007184   0x08007184   0x00000020   Code   RO          911    i.ssd1306_I2C_Write  ssd1306.o
    0x080071a4   0x080071a4   0x00000038   Code   RO          912    i.ssd1306_I2C_WriteMulti  ssd1306.o
    0x080071dc   0x080071dc   0x0000009c   Code   RO         5333    x$fpl$dnaninf       fz_wv.l(dnaninf.o)
    0x08007278   0x08007278   0x00000150   Code   RO         5272    x$fpl$drem          fz_wv.l(drem_clz.o)
    0x080073c8   0x080073c8   0x0000000a   Code   RO         5335    x$fpl$fpinit        fz_wv.l(fpinit.o)
    0x080073d2   0x080073d2   0x00000000   Code   RO         5274    x$fpl$usenofp       fz_wv.l(usenofp.o)
    0x080073d2   0x080073d2   0x0000076c   Data   RO          730    .constdata          fonts.o
    0x08007b3e   0x08007b3e   0x00000002   PAD
    0x08007b40   0x08007b40   0x0000004c   Data   RO          781    .constdata          rs232_driver.o
    0x08007b8c   0x08007b8c   0x00000018   Data   RO         4594    .constdata          stm32h7xx_hal_uart.o
    0x08007ba4   0x08007ba4   0x00000010   Data   RO         4960    .constdata          stm32h7xx_hal_uart_ex.o
    0x08007bb4   0x08007bb4   0x00000010   Data   RO         5065    .constdata          system_stm32h7xx.o
    0x08007bc4   0x08007bc4   0x00000020   Data   RO         5426    Region$$Table       anon$$obj.o


    Execution Region RW_IRAM1 (Exec base: 0x20000000, Load base: 0x08007be4, Size: 0x00000000, Max: 0x00020000, ABSOLUTE)

    **** No section assigned to this execution region ****


    Execution Region RW_IRAM2 (Exec base: 0x24000000, Load base: 0x08007be4, Size: 0x00001590, Max: 0x00080000, ABSOLUTE)

    Exec Addr    Load Addr    Size         Type   Attr      Idx    E Section Name        Object

    0x24000000   0x08007be4   0x000000de   Data   RW           71    .data               main.o
    0x240000de   0x08007cc2   0x00000002   PAD
    0x240000e0   0x08007cc4   0x00000008   Data   RW          733    .data               fonts.o
    0x240000e8   0x08007ccc   0x00000004   Data   RW          782    .data               rs232_driver.o
    0x240000ec   0x08007cd0   0x00000006   Data   RW          914    .data               ssd1306.o
    0x240000f2   0x08007cd6   0x00000002   PAD
    0x240000f4   0x08007cd8   0x0000000c   Data   RW         2656    .data               stm32h7xx_hal.o
    0x24000100   0x08007ce4   0x00000008   Data   RW         5066    .data               system_stm32h7xx.o
    0x24000108        -       0x000009d8   Zero   RW           51    .bss                main.o
    0x24000ae0        -       0x00000050   Zero   RW          780    .bss                rs232_driver.o
    0x24000b30        -       0x00000400   Zero   RW          913    .bss                ssd1306.o
    0x24000f30        -       0x00000060   Zero   RW         5292    .bss                c_w.l(libspace.o)
    0x24000f90        -       0x00000200   Zero   RW            2    HEAP                startup_stm32h743xx.o
    0x24001190        -       0x00000400   Zero   RW            1    STACK               startup_stm32h743xx.o


==============================================================================

Image component sizes


      Code (inc. data)   RO Data    RW Data    ZI Data      Debug   Object Name

       106          0          0          0          0       2972   eeprom_lib.o
         0          0       1900          8          0       1383   fonts.o
      5112        784          0        222       2520    1353111   main.o
      1048         40         76          4         80       9019   rs232_driver.o
       848         54          0          6       1024       9800   ssd1306.o
        64         26        664          0       1536        900   startup_stm32h743xx.o
       232         44          0         12          0      23932   stm32h7xx_hal.o
       198         12          0          0          0      39935   stm32h7xx_hal_cortex.o
      1508         70          0          0          0       4083   stm32h7xx_hal_dma.o
       592         50          0          0          0       3780   stm32h7xx_hal_gpio.o
      1894         56          0          0          0      13808   stm32h7xx_hal_i2c.o
       172          0          0          0          0       2259   stm32h7xx_hal_i2c_ex.o
      1172        106          0          0          0       4518   stm32h7xx_hal_msp.o
        84          6          0          0          0        845   stm32h7xx_hal_pwr_ex.o
      2516        112          0          0          0       9367   stm32h7xx_hal_rcc.o
      3736        118          0          0          0       8281   stm32h7xx_hal_rcc_ex.o
      2114        126          0          0          0      18354   stm32h7xx_hal_tim.o
       170         30          0          0          0       3516   stm32h7xx_hal_tim_ex.o
      4862        208         24          0          0      42783   stm32h7xx_hal_uart.o
       290          6         16          0          0       5974   stm32h7xx_hal_uart_ex.o
       284         96          0          0          0      14813   stm32h7xx_it.o
       220         40         16          8          0       1662   system_stm32h7xx.o

    ----------------------------------------------------------------------
     27256       1984       2730        264       5160    1575095   Object Totals
         0          0         32          0          0          0   (incl. Generated)
        34          0          2          4          0          0   (incl. Padding)

    ----------------------------------------------------------------------

      Code (inc. data)   RO Data    RW Data    ZI Data      Debug   Library Member Name

         8          0          0          0          0         68   __main.o
         0          0          0          0          0          0   __rtentry.o
        12          0          0          0          0          0   __rtentry2.o
         6          0          0          0          0          0   __rtentry4.o
        52          8          0          0          0          0   __scatter.o
        26          0          0          0          0          0   __scatter_copy.o
        28          0          0          0          0          0   __scatter_zi.o
        22          0          0          0          0        100   _rserrno.o
        16          0          0          0          0         68   aeabi_memset.o
        18          0          0          0          0         80   exit.o
         6          0          0          0          0        152   heapauxi.o
         0          0          0          0          0          0   indicate_semi.o
         2          0          0          0          0          0   libinit.o
         6          0          0          0          0          0   libinit2.o
         2          0          0          0          0          0   libshutdown.o
         2          0          0          0          0          0   libshutdown2.o
         8          4          0          0         96         68   libspace.o
       238          0          0          0          0        100   lludivv7m.o
         8          4          0          0          0         68   rt_errno_addr_intlibspace.o
        68          0          0          0          0         68   rt_memclr.o
        78          0          0          0          0         80   rt_memclr_w.o
       138          0          0          0          0         68   rt_memcpy_v6.o
       100          0          0          0          0         80   rt_memcpy_w.o
         2          0          0          0          0          0   rtexit.o
        10          0          0          0          0          0   rtexit2.o
        12          4          0          0          0         68   sys_exit.o
        74          0          0          0          0         80   sys_stackheap_outer.o
         2          0          0          0          0         68   use_no_semi.o
       156          4          0          0          0        140   dnaninf.o
       336         12          0          0          0        136   drem_clz.o
        10          0          0          0          0        116   fpinit.o
         0          0          0          0          0          0   usenofp.o
        24         14          0          0          0        116   dunder.o
       252          6          0          0          0        144   fmod.o

    ----------------------------------------------------------------------
      1730         56          0          0         96       1868   Library Totals
         8          0          0          0          0          0   (incl. Padding)

    ----------------------------------------------------------------------

      Code (inc. data)   RO Data    RW Data    ZI Data      Debug   Library Name

       944         20          0          0         96       1216   c_w.l
       502         16          0          0          0        392   fz_wv.l
       276         20          0          0          0        260   m_wv.l

    ----------------------------------------------------------------------
      1730         56          0          0         96       1868   Library Totals

    ----------------------------------------------------------------------

==============================================================================


      Code (inc. data)   RO Data    RW Data    ZI Data      Debug   

     28986       2040       2730        264       5256    1559491   Grand Totals
     28986       2040       2730        264       5256    1559491   ELF Image Totals
     28986       2040       2730        264          0          0   ROM Totals

==============================================================================

    Total RO  Size (Code + RO Data)                31716 (  30.97kB)
    Total RW  Size (RW Data + ZI Data)              5520 (   5.39kB)
    Total ROM Size (Code + RO Data + RW Data)      31980 (  31.23kB)

==============================================================================

