Component: ARM Compiler 5.06 update 7 (build 960) Tool: armlink [4d3601]

==============================================================================

Section Cross References

    startup_stm32f103xb.o(STACK) refers (Special) to heapauxi.o(.text) for __use_two_region_memory
    startup_stm32f103xb.o(HEAP) refers (Special) to heapauxi.o(.text) for __use_two_region_memory
    startup_stm32f103xb.o(RESET) refers (Special) to heapauxi.o(.text) for __use_two_region_memory
    startup_stm32f103xb.o(RESET) refers to startup_stm32f103xb.o(STACK) for __initial_sp
    startup_stm32f103xb.o(RESET) refers to startup_stm32f103xb.o(.text) for Reset_Handler
    startup_stm32f103xb.o(RESET) refers to stm32f1xx_it.o(i.NMI_Handler) for NMI_Handler
    startup_stm32f103xb.o(RESET) refers to stm32f1xx_it.o(i.HardFault_Handler) for HardFault_Handler
    startup_stm32f103xb.o(RESET) refers to stm32f1xx_it.o(i.MemManage_Handler) for MemManage_Handler
    startup_stm32f103xb.o(RESET) refers to stm32f1xx_it.o(i.BusFault_Handler) for BusFault_Handler
    startup_stm32f103xb.o(RESET) refers to stm32f1xx_it.o(i.UsageFault_Handler) for UsageFault_Handler
    startup_stm32f103xb.o(RESET) refers to stm32f1xx_it.o(i.SVC_Handler) for SVC_Handler
    startup_stm32f103xb.o(RESET) refers to stm32f1xx_it.o(i.DebugMon_Handler) for DebugMon_Handler
    startup_stm32f103xb.o(RESET) refers to stm32f1xx_it.o(i.PendSV_Handler) for PendSV_Handler
    startup_stm32f103xb.o(RESET) refers to stm32f1xx_it.o(i.SysTick_Handler) for SysTick_Handler
    startup_stm32f103xb.o(RESET) refers to stm32f1xx_it.o(i.DMA1_Channel5_IRQHandler) for DMA1_Channel5_IRQHandler
    startup_stm32f103xb.o(RESET) refers to stm32f1xx_it.o(i.TIM2_IRQHandler) for TIM2_IRQHandler
    startup_stm32f103xb.o(RESET) refers to stm32f1xx_it.o(i.TIM3_IRQHandler) for TIM3_IRQHandler
    startup_stm32f103xb.o(RESET) refers to stm32f1xx_it.o(i.USART1_IRQHandler) for USART1_IRQHandler
    startup_stm32f103xb.o(.text) refers (Special) to heapauxi.o(.text) for __use_two_region_memory
    startup_stm32f103xb.o(.text) refers to system_stm32f1xx.o(i.SystemInit) for SystemInit
    startup_stm32f103xb.o(.text) refers to __main.o(!!!main) for __main
    startup_stm32f103xb.o(.text) refers to startup_stm32f103xb.o(HEAP) for Heap_Mem
    startup_stm32f103xb.o(.text) refers to startup_stm32f103xb.o(STACK) for Stack_Mem
    main.o(i.HAL_TIM_PeriodElapsedCallback) refers to main.o(i.Show_Menu) for Show_Menu
    main.o(i.HAL_TIM_PeriodElapsedCallback) refers to main.o(.data) for .data
    main.o(i.HAL_UART_RxCpltCallback) refers to rs232_driver.o(i.Get_command) for Get_command
    main.o(i.HAL_UART_RxCpltCallback) refers to rs232_driver.o(i.check_state) for check_state
    main.o(i.HAL_UART_RxCpltCallback) refers to rs232_driver.o(i.check_error) for check_error
    main.o(i.HAL_UART_RxCpltCallback) refers to main.o(.bss) for .bss
    main.o(i.HAL_UART_RxCpltCallback) refers to main.o(.data) for .data
    main.o(i.MX_GPIO_Init) refers to stm32f1xx_hal_gpio.o(i.HAL_GPIO_WritePin) for HAL_GPIO_WritePin
    main.o(i.MX_GPIO_Init) refers to stm32f1xx_hal_gpio.o(i.HAL_GPIO_Init) for HAL_GPIO_Init
    main.o(i.MX_SPI1_Init) refers to stm32f1xx_hal_spi.o(i.HAL_SPI_Init) for HAL_SPI_Init
    main.o(i.MX_SPI1_Init) refers to main.o(.bss) for .bss
    main.o(i.MX_TIM2_Init) refers to rt_memclr_w.o(.text) for __aeabi_memclr4
    main.o(i.MX_TIM2_Init) refers to stm32f1xx_hal_tim.o(i.HAL_TIM_Encoder_Init) for HAL_TIM_Encoder_Init
    main.o(i.MX_TIM2_Init) refers to stm32f1xx_hal_tim_ex.o(i.HAL_TIMEx_MasterConfigSynchronization) for HAL_TIMEx_MasterConfigSynchronization
    main.o(i.MX_TIM2_Init) refers to main.o(.bss) for .bss
    main.o(i.MX_TIM3_Init) refers to stm32f1xx_hal_tim.o(i.HAL_TIM_Base_Init) for HAL_TIM_Base_Init
    main.o(i.MX_TIM3_Init) refers to stm32f1xx_hal_tim.o(i.HAL_TIM_ConfigClockSource) for HAL_TIM_ConfigClockSource
    main.o(i.MX_TIM3_Init) refers to stm32f1xx_hal_tim_ex.o(i.HAL_TIMEx_MasterConfigSynchronization) for HAL_TIMEx_MasterConfigSynchronization
    main.o(i.MX_TIM3_Init) refers to main.o(.bss) for .bss
    main.o(i.Read_All_WeldingDataBuyte) refers to eeprom_lib.o(i.EEPROM_PageRead) for EEPROM_PageRead
    main.o(i.Read_All_WeldingDataBuyte) refers to main.o(.bss) for .bss
    main.o(i.Read_WeldingPoint_Angle) refers to eeprom_lib.o(i.EEPROM_PageRead) for EEPROM_PageRead
    main.o(i.Read_WeldingPoint_Angle) refers to stm32f1xx_hal.o(i.HAL_Delay) for HAL_Delay
    main.o(i.Read_WeldingPoint_Angle) refers to main.o(.bss) for .bss
    main.o(i.Read_WeldingPoint_Angle) refers to main.o(.data) for .data
    main.o(i.Read_WeldingPoint_Pattern) refers to eeprom_lib.o(i.EEPROM_ByteRead) for EEPROM_ByteRead
    main.o(i.Read_WeldingPoint_Pattern) refers to main.o(.data) for .data
    main.o(i.Read_WeldingPoint_Pattern) refers to main.o(.bss) for .bss
    main.o(i.Read_WeldingPoint_Position) refers to eeprom_lib.o(i.EEPROM_PageRead) for EEPROM_PageRead
[...]
    ..\Middlewares\Third_Party\FatFs\src\ff_gen_drv.c 0x00000000   Number         0  ff_gen_drv.o ABSOLUTE
    ..\Middlewares\Third_Party\FatFs\src\option\ccsbcs.c 0x00000000   Number         0  ccsbcs.o ABSOLUTE
    ..\Middlewares\Third_Party\FatFs\src\option\syscall.c 0x00000000   Number         0  syscall.o ABSOLUTE
    EEPROM_lib.c                             0x00000000   Number         0  eeprom_lib.o ABSOLUTE
    EEPROM_lib.c                             0x00000000   Number         0  eeprom_lib.o ABSOLUTE
    RS232_Driver.c                           0x00000000   Number         0  rs232_driver.o ABSOLUTE
    RS232_Driver.c                           0x00000000   Number         0  rs232_driver.o ABSOLUTE
    TB6600_Driver.c                          0x00000000   Number         0  tb6600_driver.o ABSOLUTE
    TB6600_Driver.c                          0x00000000   Number         0  tb6600_driver.o ABSOLUTE
    dc.s                                     0x00000000   Number         0  dc.o ABSOLUTE
    fatfs_sd.c                               0x00000000   Number         0  fatfs_sd.o ABSOLUTE
    fatfs_sd.c                               0x00000000   Number         0  fatfs_sd.o ABSOLUTE
    fonts.c                                  0x00000000   Number         0  fonts.o ABSOLUTE
    fonts.c                                  0x00000000   Number         0  fonts.o ABSOLUTE
    ssd1306.c                                0x00000000   Number         0  ssd1306.o ABSOLUTE
    ssd1306.c                                0x00000000   Number         0  ssd1306.o ABSOLUTE
    startup_stm32f103xb.s                    0x00000000   Number         0  startup_stm32f103xb.o ABSOLUTE
    RESET                                    0x08000000   Section      236  startup_stm32f103xb.o(RESET)
    !!!main                                  0x080000ec   Section        8  __main.o(!!!main)
    !!!scatter                               0x080000f4   Section       52  __scatter.o(!!!scatter)
    !!handler_copy                           0x08000128   Section       26  __scatter_copy.o(!!handler_copy)
    !!handler_zi                             0x08000144   Section       28  __scatter_zi.o(!!handler_zi)
    .ARM.Collect$$libinit$$00000000          0x08000160   Section        2  libinit.o(.ARM.Collect$$libinit$$00000000)
    .ARM.Collect$$libinit$$00000002          0x08000162   Section        0  libinit2.o(.ARM.Collect$$libinit$$00000002)
    .ARM.Collect$$libinit$$00000004          0x08000162   Section        0  libinit2.o(.ARM.Collect$$libinit$$00000004)
    .ARM.Collect$$libinit$$0000000A          0x08000162   Section        0  libinit2.o(.ARM.Collect$$libinit$$0000000A)
    .ARM.Collect$$libinit$$0000000C          0x08000162   Section        0  libinit2.o(.ARM.Collect$$libinit$$0000000C)
    .ARM.Collect$$libinit$$0000000E          0x08000162   Section        0  libinit2.o(.ARM.Collect$$libinit$$0000000E)
    .ARM.Collect$$libinit$$00000011          0x08000162   Section        0  libinit2.o(.ARM.Collect$$libinit$$00000011)
    .ARM.Collect$$libinit$$00000013          0x08000162   Section        0  libinit2.o(.ARM.Collect$$libinit$$00000013)
    .ARM.Collect$$libinit$$00000015          0x08000162   Section        0  libinit2.o(.ARM.Collect$$libinit$$00000015)
    .ARM.Collect$$libinit$$00000017          0x08000162   Section        0  libinit2.o(.ARM.Collect$$libinit$$00000017)
    .ARM.Collect$$libinit$$00000019          0x08000162   Section        0  libinit2.o(.ARM.Collect$$libinit$$00000019)
    .ARM.Collect$$libinit$$0000001B          0x08000162   Section        0  libinit2.o(.ARM.Collect$$libinit$$0000001B)
    .ARM.Collect$$libinit$$0000001D          0x08000162   Section        0  libinit2.o(.ARM.Collect$$libinit$$0000001D)
    .ARM.Collect$$libinit$$0000001F          0x08000162   Section        0  libinit2.o(.ARM.Collect$$libinit$$0000001F)
    .ARM.Collect$$libinit$$00000021          0x08000162   Section        0  libinit2.o(.ARM.Collect$$libinit$$00000021)
    .ARM.Collect$$libinit$$00000023          0x08000162   Section        0  libinit2.o(.ARM.Collect$$libinit$$00000023)
    .ARM.Collect$$libinit$$00000025          0x08000162   Section        0  libinit2.o(.ARM.Collect$$libinit$$00000025)
    .ARM.Collect$$libinit$$0000002C          0x08000162   Section        0  libinit2.o(.ARM.Collect$$libinit$$0000002C)
    .ARM.Collect$$libinit$$0000002E          0x08000162   Section        0  libinit2.o(.ARM.Collect$$libinit$$0000002E)
    .ARM.Collect$$libinit$$00000030          0x08000162   Section        0  libinit2.o(.ARM.Collect$$libinit$$00000030)
    .ARM.Collect$$libinit$$00000032          0x08000162   Section        0  libinit2.o(.ARM.Collect$$libinit$$00000032)
    .ARM.Collect$$libinit$$00000033          0x08000162   Section        2  libinit2.o(.ARM.Collect$$libinit$$00000033)
    .ARM.Collect$$libshutdown$$00000000      0x08000164   Section        2  libshutdown.o(.ARM.Collect$$libshutdown$$00000000)
    .ARM.Collect$$libshutdown$$00000002      0x08000166   Section        0  libshutdown2.o(.ARM.Collect$$libshutdown$$00000002)
    .ARM.Collect$$libshutdown$$00000004      0x08000166   Section        0  libshutdown2.o(.ARM.Collect$$libshutdown$$00000004)
    .ARM.Collect$$libshutdown$$00000006      0x08000166   Section        0  libshutdown2.o(.ARM.Collect$$libshutdown$$00000006)
    .ARM.Collect$$libshutdown$$00000009      0x08000166   Section        0  libshutdown2.o(.ARM.Collect$$libshutdown$$00000009)
    .ARM.Collect$$libshutdown$$0000000C      0x08000166   Section        0  libshutdown2.o(.ARM.Collect$$libshutdown$$0000000C)
    .ARM.Collect$$libshutdown$$0000000E      0x08000166   Section        0  libshutdown2.o(.ARM.Collect$$libshutdown$$0000000E)
    .ARM.Collect$$libshutdown$$00000011      0x08000166   Section        0  libshutdown2.o(.ARM.Collect$$libshutdown$$00000011)
    .ARM.Collect$$libshutdown$$00000012      0x08000166   Section        2  libshutdown2.o(.ARM.Collect$$libshutdown$$00000012)
    .ARM.Collect$$rtentry$$00000000          0x08000168   Section        0  __rtentry.o(.ARM.Collect$$rtentry$$00000000)
    .ARM.Collect$$rtentry$$00000002          0x08000168   Section        0  __rtentry2.o(.ARM.Collect$$rtentry$$00000002)
    .ARM.Collect$$rtentry$$00000004          0x08000168   Section        6  __rtentry4.o(.ARM.Collect$$rtentry$$00000004)
    .ARM.Collect$$rtentry$$00000009          0x0800016e   Section        0  __rtentry2.o(.ARM.Collect$$rtentry$$00000009)
    .ARM.Collect$$rtentry$$0000000A          0x0800016e   Section        4  __rtentry2.o(.ARM.Collect$$rtentry$$0000000A)
    .ARM.Collect$$rtentry$$0000000C          0x08000172   Section        0  __rtentry2.o(.ARM.Collect$$rtentry$$0000000C)
    .ARM.Collect$$rtentry$$0000000D          0x08000172   Section        8  __rtentry2.o(.ARM.Collect$$rtentry$$0000000D)
    .ARM.Collect$$rtexit$$00000000           0x0800017a   Section        2  rtexit.o(.ARM.Collect$$rtexit$$00000000)
    .ARM.Collect$$rtexit$$00000002           0x0800017c   Section        0  rtexit2.o(.ARM.Collect$$rtexit$$00000002)
    .ARM.Collect$$rtexit$$00000003           0x0800017c   Section        4  rtexit2.o(.ARM.Collect$$rtexit$$00000003)
    .ARM.Collect$$rtexit$$00000004           0x08000180   Section        6  rtexit2.o(.ARM.Collect$$rtexit$$00000004)
    .text                                    0x08000188   Section       64  startup_stm32f103xb.o(.text)
    .text                                    0x080001c8   Section       78  rt_memclr_w.o(.text)
    .text                                    0x08000216   Section        0  heapauxi.o(.text)
    .text                                    0x0800021c   Section        8  libspace.o(.text)
    .text                                    0x08000224   Section        2  use_no_semi.o(.text)
    .text                                    0x08000226   Section       74  sys_stackheap_outer.o(.text)
    .text                                    0x08000226   Section        0  indicate_semi.o(.text)
    .text                                    0x08000270   Section        0  exit.o(.text)
    .text                                    0x08000284   Section        0  sys_exit.o(.text)
    i.BusFault_Handler                       0x08000290   Section        0  stm32f1xx_it.o(i.BusFault_Handler)
    i.DESELECT                               0x08000294   Section        0  fatfs_sd.o(i.DESELECT)
    DESELECT                                 0x08000295   Thumb Code    22  fatfs_sd.o(i.DESELECT)
    i.DMA1_Channel5_IRQHandler               0x080002b0   Section        0  stm32f1xx_it.o(i.DMA1_Channel5_IRQHandler)
    i.DMA_SetConfig                          0x080002bc   Section        0  stm32f1xx_hal_dma.o(i.DMA_SetConfig)
    DMA_SetConfig                            0x080002bd   Thumb Code    42  stm32f1xx_hal_dma.o(i.DMA_SetConfig)
    i.DebugMon_Handler                       0x080002e6   Section        0  stm32f1xx_it.o(i.DebugMon_Handler)
    i.Error_Handler                          0x080002e8   Section        0  main.o(i.Error_Handler)
    i.FATFS_LinkDriver                       0x080002ec   Section        0  ff_gen_drv.o(i.FATFS_LinkDriver)
    i.FATFS_LinkDriverEx                     0x080002f4   Section        0  ff_gen_drv.o(i.FATFS_LinkDriverEx)
    i.Get_command                            0x08000334   Section        0  rs232_driver.o(i.Get_command)
    i.HAL_DMA_Abort                          0x08000508   Section        0  stm32f1xx_hal_dma.o(i.HAL_DMA_Abort)
    i.HAL_DMA_Abort_IT                       0x08000550   Section        0  stm32f1xx_hal_dma.o(i.HAL_DMA_Abort_IT)
    i.HAL_DMA_IRQHandler                     0x080005e8   Section        0  stm32f1xx_hal_dma.o(i.HAL_DMA_IRQHandler)
    i.HAL_DMA_Init                           0x0800073c   Section        0  stm32f1xx_hal_dma.o(i.HAL_DMA_Init)
    i.HAL_DMA_Start_IT                       0x08000798   Section        0  stm32f1xx_hal_dma.o(i.HAL_DMA_Start_IT)
    i.HAL_Delay                              0x08000808   Section        0  stm32f1xx_hal.o(i.HAL_Delay)
    i.HAL_GPIO_Init                          0x0800082c   Section        0  stm32f1xx_hal_gpio.o(i.HAL_GPIO_Init)
    i.HAL_GPIO_WritePin                      0x08000a0c   Section        0  stm32f1xx_hal_gpio.o(i.HAL_GPIO_WritePin)
    i.HAL_GetTick                            0x08000a18   Section        0  stm32f1xx_hal.o(i.HAL_GetTick)
    i.HAL_I2C_Init                           0x08000a24   Section        0  stm32f1xx_hal_i2c.o(i.HAL_I2C_Init)
    i.HAL_I2C_Master_Transmit                0x08000bac   Section        0  stm32f1xx_hal_i2c.o(i.HAL_I2C_Master_Transmit)
    i.HAL_I2C_MspInit                        0x08000cd8   Section        0  stm32f1xx_hal_msp.o(i.HAL_I2C_MspInit)
    i.HAL_IncTick                            0x08000d48   Section        0  stm32f1xx_hal.o(i.HAL_IncTick)
    i.HAL_Init                               0x08000d58   Section        0  stm32f1xx_hal.o(i.HAL_Init)
    i.HAL_InitTick                           0x08000d7c   Section        0  stm32f1xx_hal.o(i.HAL_InitTick)
    i.HAL_MspInit                            0x08000dbc   Section        0  stm32f1xx_hal_msp.o(i.HAL_MspInit)
    i.HAL_NVIC_EnableIRQ                     0x08000df8   Section        0  stm32f1xx_hal_cortex.o(i.HAL_NVIC_EnableIRQ)
    i.HAL_NVIC_SetPriority                   0x08000e14   Section        0  stm32f1xx_hal_cortex.o(i.HAL_NVIC_SetPriority)
    i.HAL_NVIC_SetPriorityGrouping           0x08000e54   Section        0  stm32f1xx_hal_cortex.o(i.HAL_NVIC_SetPriorityGrouping)
    i.HAL_RCC_CSSCallback                    0x08000e78   Section        0  stm32f1xx_hal_rcc.o(i.HAL_RCC_CSSCallback)
    i.HAL_RCC_ClockConfig                    0x08000e7c   Section        0  stm32f1xx_hal_rcc.o(i.HAL_RCC_ClockConfig)
    i.HAL_RCC_EnableCSS                      0x08000fa8   Section        0  stm32f1xx_hal_rcc.o(i.HAL_RCC_EnableCSS)
    i.HAL_RCC_GetPCLK1Freq                   0x08000fb4   Section        0  stm32f1xx_hal_rcc.o(i.HAL_RCC_GetPCLK1Freq)
    i.HAL_RCC_GetPCLK2Freq                   0x08000fd4   Section        0  stm32f1xx_hal_rcc.o(i.HAL_RCC_GetPCLK2Freq)
    i.HAL_RCC_GetSysClockFreq                0x08000ff4   Section        0  stm32f1xx_hal_rcc.o(i.HAL_RCC_GetSysClockFreq)
    i.HAL_RCC_NMI_IRQHandler                 0x08001040   Section        0  stm32f1xx_hal_rcc.o(i.HAL_RCC_NMI_IRQHandler)
    i.HAL_RCC_OscConfig                      0x08001058   Section        0  stm32f1xx_hal_rcc.o(i.HAL_RCC_OscConfig)
    i.HAL_SPI_Init                           0x08001378   Section        0  stm32f1xx_hal_spi.o(i.HAL_SPI_Init)
    i.HAL_SPI_MspInit                        0x0800142c   Section        0  stm32f1xx_hal_msp.o(i.HAL_SPI_MspInit)
    i.HAL_SPI_Transmit                       0x0800149c   Section        0  stm32f1xx_hal_spi.o(i.HAL_SPI_Transmit)
    i.HAL_SPI_TransmitReceive                0x0800160a   Section        0  stm32f1xx_hal_spi.o(i.HAL_SPI_TransmitReceive)
    i.HAL_SYSTICK_Config                     0x080017f8   Section        0  stm32f1xx_hal_cortex.o(i.HAL_SYSTICK_Config)
    i.HAL_TIMEx_BreakCallback                0x08001820   Section        0  stm32f1xx_hal_tim_ex.o(i.HAL_TIMEx_BreakCallback)
    i.HAL_TIMEx_CommutCallback               0x08001822   Section        0  stm32f1xx_hal_tim_ex.o(i.HAL_TIMEx_CommutCallback)
    i.HAL_TIMEx_MasterConfigSynchronization  0x08001824   Section        0  stm32f1xx_hal_tim_ex.o(i.HAL_TIMEx_MasterConfigSynchronization)
    i.HAL_TIM_Base_Init                      0x0800188c   Section        0  stm32f1xx_hal_tim.o(i.HAL_TIM_Base_Init)
    i.HAL_TIM_Base_MspInit                   0x080018e8   Section        0  stm32f1xx_hal_msp.o(i.HAL_TIM_Base_MspInit)
    i.HAL_TIM_ConfigClockSource              0x08001924   Section        0  stm32f1xx_hal_tim.o(i.HAL_TIM_ConfigClockSource)
    i.HAL_TIM_Encoder_Init                   0x08001a00   Section        0  stm32f1xx_hal_tim.o(i.HAL_TIM_Encoder_Init)
    i.HAL_TIM_Encoder_MspInit                0x08001aa4   Section        0  stm32f1xx_hal_msp.o(i.HAL_TIM_Encoder_MspInit)
    i.HAL_TIM_IC_CaptureCallback             0x08001b04   Section        0  stm32f1xx_hal_tim.o(i.HAL_TIM_IC_CaptureCallback)
    i.HAL_TIM_IRQHandler                     0x08001b06   Section        0  stm32f1xx_hal_tim.o(i.HAL_TIM_IRQHandler)
    i.HAL_TIM_OC_DelayElapsedCallback        0x08001c6c   Section        0  stm32f1xx_hal_tim.o(i.HAL_TIM_OC_DelayElapsedCallback)
    i.HAL_TIM_PWM_PulseFinishedCallback      0x08001c6e   Section        0  stm32f1xx_hal_tim.o(i.HAL_TIM_PWM_PulseFinishedCallback)
    i.HAL_TIM_PeriodElapsedCallback          0x08001c70   Section        0  main.o(i.HAL_TIM_PeriodElapsedCallback)
    i.HAL_TIM_TriggerCallback                0x08001c8c   Section        0  stm32f1xx_hal_tim.o(i.HAL_TIM_TriggerCallback)
    i.HAL_UARTEx_RxEventCallback             0x08001c8e   Section        0  stm32f1xx_hal_uart.o(i.HAL_UARTEx_RxEventCallback)
    i.HAL_UART_ErrorCallback                 0x08001c90   Section        0  stm32f1xx_hal_uart.o(i.HAL_UART_ErrorCallback)
    i.HAL_UART_GetError                      0x08001c92   Section        0  stm32f1xx_hal_uart.o(i.HAL_UART_GetError)
    i.HAL_UART_GetState                      0x08001c96   Section        0  stm32f1xx_hal_uart.o(i.HAL_UART_GetState)
    i.HAL_UART_IRQHandler                    0x08001ca0   Section        0  stm32f1xx_hal_uart.o(i.HAL_UART_IRQHandler)
    i.HAL_UART_Init                          0x08001f0c   Section        0  stm32f1xx_hal_uart.o(i.HAL_UART_Init)
    i.HAL_UART_MspInit                       0x08001f70   Section        0  stm32f1xx_hal_msp.o(i.HAL_UART_MspInit)
    i.HAL_UART_Receive_DMA                   0x08002034   Section        0  stm32f1xx_hal_uart.o(i.HAL_UART_Receive_DMA)
    i.HAL_UART_RxCpltCallback                0x08002050   Section        0  main.o(i.HAL_UART_RxCpltCallback)
    i.HAL_UART_RxHalfCpltCallback            0x08002070   Section        0  stm32f1xx_hal_uart.o(i.HAL_UART_RxHalfCpltCallback)
    i.HAL_UART_Transmit                      0x08002072   Section        0  stm32f1xx_hal_uart.o(i.HAL_UART_Transmit)
    i.HAL_UART_TxCpltCallback                0x0800210c   Section        0  stm32f1xx_hal_uart.o(i.HAL_UART_TxCpltCallback)
    i.HardFault_Handler                      0x0800210e   Section        0  stm32f1xx_it.o(i.HardFault_Handler)
    i.I2C_IsAcknowledgeFailed                0x08002110   Section        0  stm32f1xx_hal_i2c.o(i.I2C_IsAcknowledgeFailed)
    I2C_IsAcknowledgeFailed                  0x08002111   Thumb Code    46  stm32f1xx_hal_i2c.o(i.I2C_IsAcknowledgeFailed)
    i.I2C_MasterRequestWrite                 0x08002140   Section        0  stm32f1xx_hal_i2c.o(i.I2C_MasterRequestWrite)
    I2C_MasterRequestWrite                   0x08002141   Thumb Code   150  stm32f1xx_hal_i2c.o(i.I2C_MasterRequestWrite)
    i.I2C_WaitOnBTFFlagUntilTimeout          0x080021dc   Section        0  stm32f1xx_hal_i2c.o(i.I2C_WaitOnBTFFlagUntilTimeout)
    I2C_WaitOnBTFFlagUntilTimeout            0x080021dd   Thumb Code    86  stm32f1xx_hal_i2c.o(i.I2C_WaitOnBTFFlagUntilTimeout)
    i.I2C_WaitOnFlagUntilTimeout             0x08002234   Section        0  stm32f1xx_hal_i2c.o(i.I2C_WaitOnFlagUntilTimeout)
    I2C_WaitOnFlagUntilTimeout               0x08002235   Thumb Code   144  stm32f1xx_hal_i2c.o(i.I2C_WaitOnFlagUntilTimeout)
    i.I2C_WaitOnMasterAddressFlagUntilTimeout 0x080022c4   Section        0  stm32f1xx_hal_i2c.o(i.I2C_WaitOnMasterAddressFlagUntilTimeout)
    I2C_WaitOnMasterAddressFlagUntilTimeout  0x080022c5   Thumb Code   188  stm32f1xx_hal_i2c.o(i.I2C_WaitOnMasterAddressFlagUntilTimeout)
    i.I2C_WaitOnTXEFlagUntilTimeout          0x08002380   Section        0  stm32f1xx_hal_i2c.o(i.I2C_WaitOnTXEFlagUntilTimeout)
    I2C_WaitOnTXEFlagUntilTimeout            0x08002381   Thumb Code    86  stm32f1xx_hal_i2c.o(i.I2C_WaitOnTXEFlagUntilTimeout)
    i.MX_FATFS_Init                          0x080023d8   Section        0  fatfs.o(i.MX_FATFS_Init)
    i.MX_GPIO_Init                           0x080023f4   Section        0  main.o(i.MX_GPIO_Init)
    MX_GPIO_Init                             0x080023f5   Thumb Code   246  main.o(i.MX_GPIO_Init)
    i.MX_SPI1_Init                           0x08002500   Section        0  main.o(i.MX_SPI1_Init)
    MX_SPI1_Init                             0x08002501   Thumb Code    58  main.o(i.MX_SPI1_Init)
    i.MX_TIM2_Init                           0x08002544   Section        0  main.o(i.MX_TIM2_Init)
    MX_TIM2_Init                             0x08002545   Thumb Code    98  main.o(i.MX_TIM2_Init)
    i.MX_TIM3_Init                           0x080025ac   Section        0  main.o(i.MX_TIM3_Init)
    MX_TIM3_Init                             0x080025ad   Thumb Code    96  main.o(i.MX_TIM3_Init)
    i.MemManage_Handler                      0x08002614   Section        0  stm32f1xx_it.o(i.MemManage_Handler)
    i.NMI_Handler                            0x08002616   Section        0  stm32f1xx_it.o(i.NMI_Handler)
    i.PendSV_Handler                         0x0800261c   Section        0  stm32f1xx_it.o(i.PendSV_Handler)
    i.SDTimer_Handler                        0x08002620   Section        0  stm32f1xx_it.o(i.SDTimer_Handler)
    i.SD_PowerOn                             0x08002640   Section        0  fatfs_sd.o(i.SD_PowerOn)
    SD_PowerOn                               0x08002641   Thumb Code   106  fatfs_sd.o(i.SD_PowerOn)
    i.SD_ReadyWait                           0x080026b0   Section        0  fatfs_sd.o(i.SD_ReadyWait)
    SD_ReadyWait                             0x080026b1   Thumb Code    28  fatfs_sd.o(i.SD_ReadyWait)
    i.SD_RxDataBlock                         0x080026d0   Section        0  fatfs_sd.o(i.SD_RxDataBlock)
    SD_RxDataBlock                           0x080026d1   Thumb Code    62  fatfs_sd.o(i.SD_RxDataBlock)
    i.SD_SendCmd                             0x08002714   Section        0  fatfs_sd.o(i.SD_SendCmd)
    SD_SendCmd                               0x08002715   Thumb Code   110  fatfs_sd.o(i.SD_SendCmd)
    i.SD_TxDataBlock                         0x08002782   Section        0  fatfs_sd.o(i.SD_TxDataBlock)
    SD_TxDataBlock                           0x08002783   Thumb Code    90  fatfs_sd.o(i.SD_TxDataBlock)
    i.SD_disk_initialize                     0x080027dc   Section        0  fatfs_sd.o(i.SD_disk_initialize)
    i.SD_disk_ioctl                          0x0800290c   Section        0  fatfs_sd.o(i.SD_disk_ioctl)
    i.SD_disk_read                           0x08002a4c   Section        0  fatfs_sd.o(i.SD_disk_read)
    i.SD_disk_status                         0x08002ae4   Section        0  fatfs_sd.o(i.SD_disk_status)
    i.SD_disk_write                          0x08002af4   Section        0  fatfs_sd.o(i.SD_disk_write)
    i.SELECT                                 0x08002bac   Section        0  fatfs_sd.o(i.SELECT)
    SELECT                                   0x08002bad   Thumb Code    22  fatfs_sd.o(i.SELECT)
    i.SPI_EndRxTxTransaction                 0x08002bc8   Section        0  stm32f1xx_hal_spi.o(i.SPI_EndRxTxTransaction)
    SPI_EndRxTxTransaction                   0x08002bc9   Thumb Code    32  stm32f1xx_hal_spi.o(i.SPI_EndRxTxTransaction)
    i.SPI_RxByte                             0x08002be8   Section        0  fatfs_sd.o(i.SPI_RxByte)
    SPI_RxByte                               0x08002be9   Thumb Code    40  fatfs_sd.o(i.SPI_RxByte)
    i.SPI_TxBuffer                           0x08002c14   Section        0  fatfs_sd.o(i.SPI_TxBuffer)
    SPI_TxBuffer                             0x08002c15   Thumb Code    22  fatfs_sd.o(i.SPI_TxBuffer)
    i.SPI_TxByte                             0x08002c30   Section        0  fatfs_sd.o(i.SPI_TxByte)
    SPI_TxByte                               0x08002c31   Thumb Code    26  fatfs_sd.o(i.SPI_TxByte)
    i.SPI_WaitFlagStateUntilTimeout          0x08002c50   Section        0  stm32f1xx_hal_spi.o(i.SPI_WaitFlagStateUntilTimeout)
    SPI_WaitFlagStateUntilTimeout            0x08002c51   Thumb Code   180  stm32f1xx_hal_spi.o(i.SPI_WaitFlagStateUntilTimeout)
    i.SSD1306_DrawPixel                      0x08002d08   Section        0  ssd1306.o(i.SSD1306_DrawPixel)
    i.SSD1306_GotoXY                         0x08002d48   Section        0  ssd1306.o(i.SSD1306_GotoXY)
    i.SSD1306_Putc                           0x08002d54   Section        0  ssd1306.o(i.SSD1306_Putc)
    i.SSD1306_Puts                           0x08002df4   Section        0  ssd1306.o(i.SSD1306_Puts)
    i.SSD1306_UpdateScreen                   0x08002e1c   Section        0  ssd1306.o(i.SSD1306_UpdateScreen)
    i.SVC_Handler                            0x08002e64   Section        0  stm32f1xx_it.o(i.SVC_Handler)
    i.Send_requested_data                    0x08002e68   Section        0  rs232_driver.o(i.Send_requested_data)
    i.Show_Menu                              0x08002f68   Section        0  main.o(i.Show_Menu)
    i.SysTick_Handler                        0x0800307c   Section        0  stm32f1xx_it.o(i.SysTick_Handler)
    i.SystemClock_Config                     0x080030a0   Section        0  main.o(i.SystemClock_Config)
    i.SystemInit                             0x08003100   Section        0  system_stm32f1xx.o(i.SystemInit)
    i.TIM2_IRQHandler                        0x08003104   Section        0  stm32f1xx_it.o(i.TIM2_IRQHandler)
    i.TIM3_IRQHandler                        0x08003110   Section        0  stm32f1xx_it.o(i.TIM3_IRQHandler)
    i.TIM_Base_SetConfig                     0x0800311c   Section        0  stm32f1xx_hal_tim.o(i.TIM_Base_SetConfig)
    i.TIM_ETR_SetConfig                      0x08003188   Section        0  stm32f1xx_hal_tim.o(i.TIM_ETR_SetConfig)
    i.TIM_ITRx_SetConfig                     0x0800319c   Section        0  stm32f1xx_hal_tim.o(i.TIM_ITRx_SetConfig)
    TIM_ITRx_SetConfig                       0x0800319d   Thumb Code    16  stm32f1xx_hal_tim.o(i.TIM_ITRx_SetConfig)
    i.TIM_TI1_ConfigInputStage               0x080031ac   Section        0  stm32f1xx_hal_tim.o(i.TIM_TI1_ConfigInputStage)
    TIM_TI1_ConfigInputStage                 0x080031ad   Thumb Code    34  stm32f1xx_hal_tim.o(i.TIM_TI1_ConfigInputStage)
    i.TIM_TI2_ConfigInputStage               0x080031ce   Section        0  stm32f1xx_hal_tim.o(i.TIM_TI2_ConfigInputStage)
    TIM_TI2_ConfigInputStage                 0x080031cf   Thumb Code    36  stm32f1xx_hal_tim.o(i.TIM_TI2_ConfigInputStage)
    i.UART_DMAAbortOnError                   0x080031f2   Section        0  stm32f1xx_hal_uart.o(i.UART_DMAAbortOnError)
    UART_DMAAbortOnError                     0x080031f3   Thumb Code    16  stm32f1xx_hal_uart.o(i.UART_DMAAbortOnError)
    i.UART_DMAError                          0x08003202   Section        0  stm32f1xx_hal_uart.o(i.UART_DMAError)
    UART_DMAError                            0x08003203   Thumb Code    74  stm32f1xx_hal_uart.o(i.UART_DMAError)
    i.UART_DMAReceiveCplt                    0x0800324c   Section        0  stm32f1xx_hal_uart.o(i.UART_DMAReceiveCplt)
    UART_DMAReceiveCplt                      0x0800324d   Thumb Code   134  stm32f1xx_hal_uart.o(i.UART_DMAReceiveCplt)
    i.UART_DMARxHalfCplt                     0x080032d2   Section        0  stm32f1xx_hal_uart.o(i.UART_DMARxHalfCplt)
    UART_DMARxHalfCplt                       0x080032d3   Thumb Code    30  stm32f1xx_hal_uart.o(i.UART_DMARxHalfCplt)
    i.UART_EndRxTransfer                     0x080032f0   Section        0  stm32f1xx_hal_uart.o(i.UART_EndRxTransfer)
    UART_EndRxTransfer                       0x080032f1   Thumb Code    78  stm32f1xx_hal_uart.o(i.UART_EndRxTransfer)
    i.UART_EndTxTransfer                     0x0800333e   Section        0  stm32f1xx_hal_uart.o(i.UART_EndTxTransfer)
    UART_EndTxTransfer                       0x0800333f   Thumb Code    28  stm32f1xx_hal_uart.o(i.UART_EndTxTransfer)
    i.UART_Receive_IT                        0x0800335a   Section        0  stm32f1xx_hal_uart.o(i.UART_Receive_IT)
    UART_Receive_IT                          0x0800335b   Thumb Code   194  stm32f1xx_hal_uart.o(i.UART_Receive_IT)
    i.UART_SetConfig                         0x0800341c   Section        0  stm32f1xx_hal_uart.o(i.UART_SetConfig)
    UART_SetConfig                           0x0800341d   Thumb Code   178  stm32f1xx_hal_uart.o(i.UART_SetConfig)
    i.UART_Start_Receive_DMA                 0x080034d4   Section        0  stm32f1xx_hal_uart.o(i.UART_Start_Receive_DMA)
    i.UART_WaitOnFlagUntilTimeout            0x08003564   Section        0  stm32f1xx_hal_uart.o(i.UART_WaitOnFlagUntilTimeout)
    UART_WaitOnFlagUntilTimeout              0x08003565   Thumb Code   120  stm32f1xx_hal_uart.o(i.UART_WaitOnFlagUntilTimeout)
    i.USART1_IRQHandler                      0x080035dc   Section        0  stm32f1xx_it.o(i.USART1_IRQHandler)
    i.USER_initialize                        0x080035e8   Section        0  user_diskio.o(i.USER_initialize)
    i.USER_ioctl                             0x080035ec   Section        0  user_diskio.o(i.USER_ioctl)
    i.USER_read                              0x080035f0   Section        0  user_diskio.o(i.USER_read)
    i.USER_status                            0x080035f4   Section        0  user_diskio.o(i.USER_status)
    i.USER_write                             0x080035f8   Section        0  user_diskio.o(i.USER_write)
    i.UsageFault_Handler                     0x080035fc   Section        0  stm32f1xx_it.o(i.UsageFault_Handler)
    i.__NVIC_SetPriority                     0x080035fe   Section        0  stm32f1xx_hal_cortex.o(i.__NVIC_SetPriority)
    __NVIC_SetPriority                       0x080035ff   Thumb Code    32  stm32f1xx_hal_cortex.o(i.__NVIC_SetPriority)
    i.check_error                            0x08003620   Section        0  rs232_driver.o(i.check_error)
    i.check_state                            0x0800362c   Section        0  rs232_driver.o(i.check_state)
    i.main                                   0x08003638   Section        0  main.o(i.main)
    i.ssd1306_I2C_Write                      0x08003788   Section        0  ssd1306.o(i.ssd1306_I2C_Write)
    i.ssd1306_I2C_WriteMulti                 0x080037a8   Section        0  ssd1306.o(i.ssd1306_I2C_WriteMulti)
    .constdata                               0x080037e0   Section       72  rs232_driver.o(.constdata)
    .constdata                               0x08003828   Section     1900  fonts.o(.constdata)
    .constdata                               0x08003f94   Section       18  stm32f1xx_hal_rcc.o(.constdata)
    aPredivFactorTable                       0x08003f94   Data           2  stm32f1xx_hal_rcc.o(.constdata)
    aPLLMULFactorTable                       0x08003f96   Data          16  stm32f1xx_hal_rcc.o(.constdata)
    .constdata                               0x08003fa6   Section       16  system_stm32f1xx.o(.constdata)
    .constdata                               0x08003fb6   Section        8  system_stm32f1xx.o(.constdata)
    .data                                    0x20000000   Section      103  main.o(.data)
    .data                                    0x20000067   Section        3  stm32f1xx_it.o(.data)
    .data                                    0x2000006c   Section        4  rs232_driver.o(.data)
    huart                                    0x2000006c   Data           4  rs232_driver.o(.data)
    .data                                    0x20000070   Section        8  fatfs_sd.o(.data)
    Stat                                     0x20000070   Data           1  fatfs_sd.o(.data)
    PowerFlag                                0x20000071   Data           1  fatfs_sd.o(.data)
    CardType                                 0x20000072   Data           1  fatfs_sd.o(.data)
    .data                                    0x20000078   Section        6  ssd1306.o(.data)
    SSD1306                                  0x20000078   Data           6  ssd1306.o(.data)
    .data                                    0x20000080   Section        8  fonts.o(.data)
    .data                                    0x20000088   Section       12  stm32f1xx_hal.o(.data)
    .data                                    0x20000094   Section        4  system_stm32f1xx.o(.data)
    .data                                    0x20000098   Section       20  user_diskio.o(.data)
    .data                                    0x200000ac   Section        5  fatfs.o(.data)
    .bss                                     0x200000b8   Section      992  main.o(.bss)
    .bss                                     0x20000498   Section       68  main.o(.bss)
    .bss                                     0x200004dc   Section      100  rs232_driver.o(.bss)
    get_buff                                 0x200004dc   Data         100  rs232_driver.o(.bss)
    .bss                                     0x20000540   Section     1024  ssd1306.o(.bss)
    SSD1306_Buffer                           0x20000540   Data        1024  ssd1306.o(.bss)
    .bss                                     0x20000940   Section       12  ff_gen_drv.o(.bss)
    .bss                                     0x2000094c   Section       96  libspace.o(.bss)
    HEAP                                     0x200009b0   Section      512  startup_stm32f103xb.o(HEAP)
    Heap_Mem                                 0x200009b0   Data         512  startup_stm32f103xb.o(HEAP)
    STACK                                    0x20000bb0   Section     1024  startup_stm32f103xb.o(STACK)
    Stack_Mem                                0x20000bb0   Data        1024  startup_stm32f103xb.o(STACK)
    __initial_sp                             0x20000fb0   Data           0  startup_stm32f103xb.o(STACK)

    Global Symbols

    Symbol Name                              Value     Ov Type        Size  Object(Section)

    BuildAttributes$$THM_ISAv4$P$D$K$B$S$PE$A:L22UL41UL21$X:L11$S22US41US21$IEEE1$IW$USESV6$~STKCKD$USESV7$~SHL$OTIME$ROPI$EBA8$UX$STANDARDLIB$REQ8$PRES8$EABIv2 0x00000000   Number         0  anon$$obj.o ABSOLUTE
    __ARM_use_no_argv                        0x00000000   Number         0  main.o ABSOLUTE
    __ARM_exceptions_init                     - Undefined Weak Reference
    __alloca_initialize                       - Undefined Weak Reference
    __arm_fini_                               - Undefined Weak Reference
    __arm_preinit_                            - Undefined Weak Reference
    __cpp_initialize__aeabi_                  - Undefined Weak Reference
    __cxa_finalize                            - Undefined Weak Reference
    __rt_locale                               - Undefined Weak Reference
    __sigvec_lookup                           - Undefined Weak Reference
    __user_heap_extent                        - Undefined Weak Reference
    _atexit_init                              - Undefined Weak Reference
    _call_atexit_fns                          - Undefined Weak Reference
    _clock_init                               - Undefined Weak Reference
    _fp_trap_init                             - Undefined Weak Reference
    _fp_trap_shutdown                         - Undefined Weak Reference
    _get_lc_collate                           - Undefined Weak Reference
    _get_lc_ctype                             - Undefined Weak Reference
    _get_lc_monetary                          - Undefined Weak Reference
    _get_lc_numeric                           - Undefined Weak Reference
    _get_lc_time                              - Undefined Weak Reference
    _getenv_init                              - Undefined Weak Reference
    _handle_redirection                       - Undefined Weak Reference
    _initio                                   - Undefined Weak Reference
    _mutex_acquire                            - Undefined Weak Reference
    _mutex_free                               - Undefined Weak Reference
    _mutex_release                            - Undefined Weak Reference
    _rand_init                                - Undefined Weak Reference
    _signal_finish                            - Undefined Weak Reference
    _signal_init                              - Undefined Weak Reference
    _terminateio                              - Undefined Weak Reference
    __Vectors_Size                           0x000000ec   Number         0  startup_stm32f103xb.o ABSOLUTE
    __Vectors                                0x08000000   Data           4  startup_stm32f103xb.o(RESET)
    __Vectors_End                            0x080000ec   Data           0  startup_stm32f103xb.o(RESET)
    __main                                   0x080000ed   Thumb Code     8  __main.o(!!!main)
    __scatterload                            0x080000f5   Thumb Code     0  __scatter.o(!!!scatter)
    __scatterload_rt2                        0x080000f5   Thumb Code    44  __scatter.o(!!!scatter)
    __scatterload_rt2_thumb_only             0x080000f5   Thumb Code     0  __scatter.o(!!!scatter)
    __scatterload_null                       0x08000103   Thumb Code     0  __scatter.o(!!!scatter)
    __scatterload_copy                       0x08000129   Thumb Code    26  __scatter_copy.o(!!handler_copy)
    __scatterload_zeroinit                   0x08000145   Thumb Code    28  __scatter_zi.o(!!handler_zi)
    __rt_lib_init                            0x08000161   Thumb Code     0  libinit.o(.ARM.Collect$$libinit$$00000000)
    __rt_lib_init_alloca_1                   0x08000163   Thumb Code     0  libinit2.o(.ARM.Collect$$libinit$$0000002E)
    __rt_lib_init_argv_1                     0x08000163   Thumb Code     0  libinit2.o(.ARM.Collect$$libinit$$0000002C)
    __rt_lib_init_atexit_1                   0x08000163   Thumb Code     0  libinit2.o(.ARM.Collect$$libinit$$0000001B)
    __rt_lib_init_clock_1                    0x08000163   Thumb Code     0  libinit2.o(.ARM.Collect$$libinit$$00000021)
    __rt_lib_init_cpp_1                      0x08000163   Thumb Code     0  libinit2.o(.ARM.Collect$$libinit$$00000032)
    __rt_lib_init_exceptions_1               0x08000163   Thumb Code     0  libinit2.o(.ARM.Collect$$libinit$$00000030)
    __rt_lib_init_fp_1                       0x08000163   Thumb Code     0  libinit2.o(.ARM.Collect$$libinit$$00000002)
    __rt_lib_init_fp_trap_1                  0x08000163   Thumb Code     0  libinit2.o(.ARM.Collect$$libinit$$0000001F)
    __rt_lib_init_getenv_1                   0x08000163   Thumb Code     0  libinit2.o(.ARM.Collect$$libinit$$00000023)
    __rt_lib_init_heap_1                     0x08000163   Thumb Code     0  libinit2.o(.ARM.Collect$$libinit$$0000000A)
    __rt_lib_init_lc_collate_1               0x08000163   Thumb Code     0  libinit2.o(.ARM.Collect$$libinit$$00000011)
    __rt_lib_init_lc_ctype_1                 0x08000163   Thumb Code     0  libinit2.o(.ARM.Collect$$libinit$$00000013)
    __rt_lib_init_lc_monetary_1              0x08000163   Thumb Code     0  libinit2.o(.ARM.Collect$$libinit$$00000015)
    __rt_lib_init_lc_numeric_1               0x08000163   Thumb Code     0  libinit2.o(.ARM.Collect$$libinit$$00000017)
    __rt_lib_init_lc_time_1                  0x08000163   Thumb Code     0  libinit2.o(.ARM.Collect$$libinit$$00000019)
    __rt_lib_init_preinit_1                  0x08000163   Thumb Code     0  libinit2.o(.ARM.Collect$$libinit$$00000004)
    __rt_lib_init_rand_1                     0x08000163   Thumb Code     0  libinit2.o(.ARM.Collect$$libinit$$0000000E)
    __rt_lib_init_return                     0x08000163   Thumb Code     0  libinit2.o(.ARM.Collect$$libinit$$00000033)
    __rt_lib_init_signal_1                   0x08000163   Thumb Code     0  libinit2.o(.ARM.Collect$$libinit$$0000001D)
    __rt_lib_init_stdio_1                    0x08000163   Thumb Code     0  libinit2.o(.ARM.Collect$$libinit$$00000025)
    __rt_lib_init_user_alloc_1               0x08000163   Thumb Code     0  libinit2.o(.ARM.Collect$$libinit$$0000000C)
    __rt_lib_shutdown                        0x08000165   Thumb Code     0  libshutdown.o(.ARM.Collect$$libshutdown$$00000000)
    __rt_lib_shutdown_cpp_1                  0x08000167   Thumb Code     0  libshutdown2.o(.ARM.Collect$$libshutdown$$00000004)
    __rt_lib_shutdown_fini_1                 0x08000167   Thumb Code     0  libshutdown2.o(.ARM.Collect$$libshutdown$$00000002)
    __rt_lib_shutdown_fp_trap_1              0x08000167   Thumb Code     0  libshutdown2.o(.ARM.Collect$$libshutdown$$00000009)
    __rt_lib_shutdown_heap_1                 0x08000167   Thumb Code     0  libshutdown2.o(.ARM.Collect$$libshutdown$$00000011)
    __rt_lib_shutdown_return                 0x08000167   Thumb Code     0  libshutdown2.o(.ARM.Collect$$libshutdown$$00000012)
    __rt_lib_shutdown_signal_1               0x08000167   Thumb Code     0  libshutdown2.o(.ARM.Collect$$libshutdown$$0000000C)
    __rt_lib_shutdown_stdio_1                0x08000167   Thumb Code     0  libshutdown2.o(.ARM.Collect$$libshutdown$$00000006)
    __rt_lib_shutdown_user_alloc_1           0x08000167   Thumb Code     0  libshutdown2.o(.ARM.Collect$$libshutdown$$0000000E)
    __rt_entry                               0x08000169   Thumb Code     0  __rtentry.o(.ARM.Collect$$rtentry$$00000000)
    __rt_entry_presh_1                       0x08000169   Thumb Code     0  __rtentry2.o(.ARM.Collect$$rtentry$$00000002)
    __rt_entry_sh                            0x08000169   Thumb Code     0  __rtentry4.o(.ARM.Collect$$rtentry$$00000004)
    __rt_entry_li                            0x0800016f   Thumb Code     0  __rtentry2.o(.ARM.Collect$$rtentry$$0000000A)
    __rt_entry_postsh_1                      0x0800016f   Thumb Code     0  __rtentry2.o(.ARM.Collect$$rtentry$$00000009)
    __rt_entry_main                          0x08000173   Thumb Code     0  __rtentry2.o(.ARM.Collect$$rtentry$$0000000D)
    __rt_entry_postli_1                      0x08000173   Thumb Code     0  __rtentry2.o(.ARM.Collect$$rtentry$$0000000C)
    __rt_exit                                0x0800017b   Thumb Code     0  rtexit.o(.ARM.Collect$$rtexit$$00000000)
    __rt_exit_ls                             0x0800017d   Thumb Code     0  rtexit2.o(.ARM.Collect$$rtexit$$00000003)
    __rt_exit_prels_1                        0x0800017d   Thumb Code     0  rtexit2.o(.ARM.Collect$$rtexit$$00000002)
    __rt_exit_exit                           0x08000181   Thumb Code     0  rtexit2.o(.ARM.Collect$$rtexit$$00000004)
    Reset_Handler                            0x08000189   Thumb Code     8  startup_stm32f103xb.o(.text)
    ADC1_2_IRQHandler                        0x080001a3   Thumb Code     0  startup_stm32f103xb.o(.text)
    CAN1_RX1_IRQHandler                      0x080001a3   Thumb Code     0  startup_stm32f103xb.o(.text)
    CAN1_SCE_IRQHandler                      0x080001a3   Thumb Code     0  startup_stm32f103xb.o(.text)
    DMA1_Channel1_IRQHandler                 0x080001a3   Thumb Code     0  startup_stm32f103xb.o(.text)
    DMA1_Channel2_IRQHandler                 0x080001a3   Thumb Code     0  startup_stm32f103xb.o(.text)
    DMA1_Channel3_IRQHandler                 0x080001a3   Thumb Code     0  startup_stm32f103xb.o(.text)
    DMA1_Channel4_IRQHandler                 0x080001a3   Thumb Code     0  startup_stm32f103xb.o(.text)
    DMA1_Channel6_IRQHandler                 0x080001a3   Thumb Code     0  startup_stm32f103xb.o(.text)
    DMA1_Channel7_IRQHandler                 0x080001a3   Thumb Code     0  startup_stm32f103xb.o(.text)
    EXTI0_IRQHandler                         0x080001a3   Thumb Code     0  startup_stm32f103xb.o(.text)
    EXTI15_10_IRQHandler                     0x080001a3   Thumb Code     0  startup_stm32f103xb.o(.text)
    EXTI1_IRQHandler                         0x080001a3   Thumb Code     0  startup_stm32f103xb.o(.text)
    EXTI2_IRQHandler                         0x080001a3   Thumb Code     0  startup_stm32f103xb.o(.text)
    EXTI3_IRQHandler                         0x080001a3   Thumb Code     0  startup_stm32f103xb.o(.text)
    EXTI4_IRQHandler                         0x080001a3   Thumb Code     0  startup_stm32f103xb.o(.text)
    EXTI9_5_IRQHandler                       0x080001a3   Thumb Code     0  startup_stm32f103xb.o(.text)
    FLASH_IRQHandler                         0x080001a3   Thumb Code     0  startup_stm32f103xb.o(.text)
    I2C1_ER_IRQHandler                       0x080001a3   Thumb Code     0  startup_stm32f103xb.o(.text)
    I2C1_EV_IRQHandler                       0x080001a3   Thumb Code     0  startup_stm32f103xb.o(.text)
    I2C2_ER_IRQHandler                       0x080001a3   Thumb Code     0  startup_stm32f103xb.o(.text)
    I2C2_EV_IRQHandler                       0x080001a3   Thumb Code     0  startup_stm32f103xb.o(.text)
    PVD_IRQHandler                           0x080001a3   Thumb Code     0  startup_stm32f103xb.o(.text)
    RCC_IRQHandler                           0x080001a3   Thumb Code     0  startup_stm32f103xb.o(.text)
    RTC_Alarm_IRQHandler                     0x080001a3   Thumb Code     0  startup_stm32f103xb.o(.text)
    RTC_IRQHandler                           0x080001a3   Thumb Code     0  startup_stm32f103xb.o(.text)
    SPI1_IRQHandler                          0x080001a3   Thumb Code     0  startup_stm32f103xb.o(.text)
    SPI2_IRQHandler                          0x080001a3   Thumb Code     0  startup_stm32f103xb.o(.text)
    TAMPER_IRQHandler                        0x080001a3   Thumb Code     0  startup_stm32f103xb.o(.text)
    TIM1_BRK_IRQHandler                      0x080001a3   Thumb Code     0  startup_stm32f103xb.o(.text)
    TIM1_CC_IRQHandler                       0x080001a3   Thumb Code     0  startup_stm32f103xb.o(.text)
    TIM1_TRG_COM_IRQHandler                  0x080001a3   Thumb Code     0  startup_stm32f103xb.o(.text)
    TIM1_UP_IRQHandler                       0x080001a3   Thumb Code     0  startup_stm32f103xb.o(.text)
    TIM4_IRQHandler                          0x080001a3   Thumb Code     0  startup_stm32f103xb.o(.text)
    USART2_IRQHandler                        0x080001a3   Thumb Code     0  startup_stm32f103xb.o(.text)
    USART3_IRQHandler                        0x080001a3   Thumb Code     0  startup_stm32f103xb.o(.text)
    USBWakeUp_IRQHandler                     0x080001a3   Thumb Code     0  startup_stm32f103xb.o(.text)
    USB_HP_CAN1_TX_IRQHandler                0x080001a3   Thumb Code     0  startup_stm32f103xb.o(.text)
    USB_LP_CAN1_RX0_IRQHandler               0x080001a3   Thumb Code     0  startup_stm32f103xb.o(.text)
    WWDG_IRQHandler                          0x080001a3   Thumb Code     0  startup_stm32f103xb.o(.text)
    __user_initial_stackheap                 0x080001a5   Thumb Code     0  startup_stm32f103xb.o(.text)
    __aeabi_memclr4                          0x080001c9   Thumb Code     0  rt_memclr_w.o(.text)
    __aeabi_memclr8                          0x080001c9   Thumb Code     0  rt_memclr_w.o(.text)
    __rt_memclr_w                            0x080001c9   Thumb Code    78  rt_memclr_w.o(.text)
    _memset_w                                0x080001cd   Thumb Code     0  rt_memclr_w.o(.text)
    __use_two_region_memory                  0x08000217   Thumb Code     2  heapauxi.o(.text)
    __rt_heap_escrow                         0x08000219   Thumb Code     2  heapauxi.o(.text)
    __rt_heap_expand                         0x0800021b   Thumb Code     2  heapauxi.o(.text)
    __user_libspace                          0x0800021d   Thumb Code     8  libspace.o(.text)
    __user_perproc_libspace                  0x0800021d   Thumb Code     0  libspace.o(.text)
    __user_perthread_libspace                0x0800021d   Thumb Code     0  libspace.o(.text)
    __I$use$semihosting                      0x08000225   Thumb Code     0  use_no_semi.o(.text)
    __use_no_semihosting_swi                 0x08000225   Thumb Code     2  use_no_semi.o(.text)
    __semihosting_library_function           0x08000227   Thumb Code     0  indicate_semi.o(.text)
    __user_setup_stackheap                   0x08000227   Thumb Code    74  sys_stackheap_outer.o(.text)
    exit                                     0x08000271   Thumb Code    18  exit.o(.text)
    _sys_exit                                0x08000285   Thumb Code     8  sys_exit.o(.text)
    BusFault_Handler                         0x08000291   Thumb Code     2  stm32f1xx_it.o(i.BusFault_Handler)
    DMA1_Channel5_IRQHandler                 0x080002b1   Thumb Code     6  stm32f1xx_it.o(i.DMA1_Channel5_IRQHandler)
    DebugMon_Handler                         0x080002e7   Thumb Code     2  stm32f1xx_it.o(i.DebugMon_Handler)
    Error_Handler                            0x080002e9   Thumb Code     4  main.o(i.Error_Handler)
    FATFS_LinkDriver                         0x080002ed   Thumb Code     6  ff_gen_drv.o(i.FATFS_LinkDriver)
    FATFS_LinkDriverEx                       0x080002f5   Thumb Code    60  ff_gen_drv.o(i.FATFS_LinkDriverEx)
    Get_command                              0x08000335   Thumb Code   458  rs232_driver.o(i.Get_command)
    HAL_DMA_Abort                            0x08000509   Thumb Code    70  stm32f1xx_hal_dma.o(i.HAL_DMA_Abort)
    HAL_DMA_Abort_IT                         0x08000551   Thumb Code   148  stm32f1xx_hal_dma.o(i.HAL_DMA_Abort_IT)
    HAL_DMA_IRQHandler                       0x080005e9   Thumb Code   316  stm32f1xx_hal_dma.o(i.HAL_DMA_IRQHandler)
    HAL_DMA_Init                             0x0800073d   Thumb Code    84  stm32f1xx_hal_dma.o(i.HAL_DMA_Init)
    HAL_DMA_Start_IT                         0x08000799   Thumb Code   112  stm32f1xx_hal_dma.o(i.HAL_DMA_Start_IT)
    HAL_Delay                                0x08000809   Thumb Code    32  stm32f1xx_hal.o(i.HAL_Delay)
    HAL_GPIO_Init                            0x0800082d   Thumb Code   446  stm32f1xx_hal_gpio.o(i.HAL_GPIO_Init)
    HAL_GPIO_WritePin                        0x08000a0d   Thumb Code    10  stm32f1xx_hal_gpio.o(i.HAL_GPIO_WritePin)
    HAL_GetTick                              0x08000a19   Thumb Code     6  stm32f1xx_hal.o(i.HAL_GetTick)
    HAL_I2C_Init                             0x08000a25   Thumb Code   376  stm32f1xx_hal_i2c.o(i.HAL_I2C_Init)
    HAL_I2C_Master_Transmit                  0x08000bad   Thumb Code   290  stm32f1xx_hal_i2c.o(i.HAL_I2C_Master_Transmit)
    HAL_I2C_MspInit                          0x08000cd9   Thumb Code    96  stm32f1xx_hal_msp.o(i.HAL_I2C_MspInit)
    HAL_IncTick                              0x08000d49   Thumb Code    12  stm32f1xx_hal.o(i.HAL_IncTick)
    HAL_Init                                 0x08000d59   Thumb Code    32  stm32f1xx_hal.o(i.HAL_Init)
    HAL_InitTick                             0x08000d7d   Thumb Code    54  stm32f1xx_hal.o(i.HAL_InitTick)
    HAL_MspInit                              0x08000dbd   Thumb Code    52  stm32f1xx_hal_msp.o(i.HAL_MspInit)
    HAL_NVIC_EnableIRQ                       0x08000df9   Thumb Code    26  stm32f1xx_hal_cortex.o(i.HAL_NVIC_EnableIRQ)
    HAL_NVIC_SetPriority                     0x08000e15   Thumb Code    60  stm32f1xx_hal_cortex.o(i.HAL_NVIC_SetPriority)
    HAL_NVIC_SetPriorityGrouping             0x08000e55   Thumb Code    26  stm32f1xx_hal_cortex.o(i.HAL_NVIC_SetPriorityGrouping)
    HAL_RCC_CSSCallback                      0x08000e79   Thumb Code     2  stm32f1xx_hal_rcc.o(i.HAL_RCC_CSSCallback)
    HAL_RCC_ClockConfig                      0x08000e7d   Thumb Code   280  stm32f1xx_hal_rcc.o(i.HAL_RCC_ClockConfig)
    HAL_RCC_EnableCSS                        0x08000fa9   Thumb Code     8  stm32f1xx_hal_rcc.o(i.HAL_RCC_EnableCSS)
    HAL_RCC_GetPCLK1Freq                     0x08000fb5   Thumb Code    20  stm32f1xx_hal_rcc.o(i.HAL_RCC_GetPCLK1Freq)
    HAL_RCC_GetPCLK2Freq                     0x08000fd5   Thumb Code    20  stm32f1xx_hal_rcc.o(i.HAL_RCC_GetPCLK2Freq)
    HAL_RCC_GetSysClockFreq                  0x08000ff5   Thumb Code    58  stm32f1xx_hal_rcc.o(i.HAL_RCC_GetSysClockFreq)
    HAL_RCC_NMI_IRQHandler                   0x08001041   Thumb Code    20  stm32f1xx_hal_rcc.o(i.HAL_RCC_NMI_IRQHandler)
    HAL_RCC_OscConfig                        0x08001059   Thumb Code   778  stm32f1xx_hal_rcc.o(i.HAL_RCC_OscConfig)
    HAL_SPI_Init                             0x08001379   Thumb Code   178  stm32f1xx_hal_spi.o(i.HAL_SPI_Init)
    HAL_SPI_MspInit                          0x0800142d   Thumb Code    98  stm32f1xx_hal_msp.o(i.HAL_SPI_MspInit)
    HAL_SPI_Transmit                         0x0800149d   Thumb Code   366  stm32f1xx_hal_spi.o(i.HAL_SPI_Transmit)
    HAL_SPI_TransmitReceive                  0x0800160b   Thumb Code   494  stm32f1xx_hal_spi.o(i.HAL_SPI_TransmitReceive)
    HAL_SYSTICK_Config                       0x080017f9   Thumb Code    40  stm32f1xx_hal_cortex.o(i.HAL_SYSTICK_Config)
    HAL_TIMEx_BreakCallback                  0x08001821   Thumb Code     2  stm32f1xx_hal_tim_ex.o(i.HAL_TIMEx_BreakCallback)
    HAL_TIMEx_CommutCallback                 0x08001823   Thumb Code     2  stm32f1xx_hal_tim_ex.o(i.HAL_TIMEx_CommutCallback)
    HAL_TIMEx_MasterConfigSynchronization    0x08001825   Thumb Code    92  stm32f1xx_hal_tim_ex.o(i.HAL_TIMEx_MasterConfigSynchronization)
    HAL_TIM_Base_Init                        0x0800188d   Thumb Code    90  stm32f1xx_hal_tim.o(i.HAL_TIM_Base_Init)
    HAL_TIM_Base_MspInit                     0x080018e9   Thumb Code    50  stm32f1xx_hal_msp.o(i.HAL_TIM_Base_MspInit)
    HAL_TIM_ConfigClockSource                0x08001925   Thumb Code   220  stm32f1xx_hal_tim.o(i.HAL_TIM_ConfigClockSource)
    HAL_TIM_Encoder_Init                     0x08001a01   Thumb Code   164  stm32f1xx_hal_tim.o(i.HAL_TIM_Encoder_Init)
    HAL_TIM_Encoder_MspInit                  0x08001aa5   Thumb Code    88  stm32f1xx_hal_msp.o(i.HAL_TIM_Encoder_MspInit)
    HAL_TIM_IC_CaptureCallback               0x08001b05   Thumb Code     2  stm32f1xx_hal_tim.o(i.HAL_TIM_IC_CaptureCallback)
    HAL_TIM_IRQHandler                       0x08001b07   Thumb Code   358  stm32f1xx_hal_tim.o(i.HAL_TIM_IRQHandler)
    HAL_TIM_OC_DelayElapsedCallback          0x08001c6d   Thumb Code     2  stm32f1xx_hal_tim.o(i.HAL_TIM_OC_DelayElapsedCallback)
    HAL_TIM_PWM_PulseFinishedCallback        0x08001c6f   Thumb Code     2  stm32f1xx_hal_tim.o(i.HAL_TIM_PWM_PulseFinishedCallback)
    HAL_TIM_PeriodElapsedCallback            0x08001c71   Thumb Code    18  main.o(i.HAL_TIM_PeriodElapsedCallback)
    HAL_TIM_TriggerCallback                  0x08001c8d   Thumb Code     2  stm32f1xx_hal_tim.o(i.HAL_TIM_TriggerCallback)
    HAL_UARTEx_RxEventCallback               0x08001c8f   Thumb Code     2  stm32f1xx_hal_uart.o(i.HAL_UARTEx_RxEventCallback)
    HAL_UART_ErrorCallback                   0x08001c91   Thumb Code     2  stm32f1xx_hal_uart.o(i.HAL_UART_ErrorCallback)
    HAL_UART_GetError                        0x08001c93   Thumb Code     4  stm32f1xx_hal_uart.o(i.HAL_UART_GetError)
    HAL_UART_GetState                        0x08001c97   Thumb Code    10  stm32f1xx_hal_uart.o(i.HAL_UART_GetState)
    HAL_UART_IRQHandler                      0x08001ca1   Thumb Code   616  stm32f1xx_hal_uart.o(i.HAL_UART_IRQHandler)
    HAL_UART_Init                            0x08001f0d   Thumb Code   100  stm32f1xx_hal_uart.o(i.HAL_UART_Init)
    HAL_UART_MspInit                         0x08001f71   Thumb Code   170  stm32f1xx_hal_msp.o(i.HAL_UART_MspInit)
    HAL_UART_Receive_DMA                     0x08002035   Thumb Code    28  stm32f1xx_hal_uart.o(i.HAL_UART_Receive_DMA)
    HAL_UART_RxCpltCallback                  0x08002051   Thumb Code    24  main.o(i.HAL_UART_RxCpltCallback)
    HAL_UART_RxHalfCpltCallback              0x08002071   Thumb Code     2  stm32f1xx_hal_uart.o(i.HAL_UART_RxHalfCpltCallback)
    HAL_UART_Transmit                        0x08002073   Thumb Code   154  stm32f1xx_hal_uart.o(i.HAL_UART_Transmit)
    HAL_UART_TxCpltCallback                  0x0800210d   Thumb Code     2  stm32f1xx_hal_uart.o(i.HAL_UART_TxCpltCallback)
    HardFault_Handler                        0x0800210f   Thumb Code     2  stm32f1xx_it.o(i.HardFault_Handler)
    MX_FATFS_Init                            0x080023d9   Thumb Code    18  fatfs.o(i.MX_FATFS_Init)
    MemManage_Handler                        0x08002615   Thumb Code     2  stm32f1xx_it.o(i.MemManage_Handler)
    NMI_Handler                              0x08002617   Thumb Code     6  stm32f1xx_it.o(i.NMI_Handler)
    PendSV_Handler                           0x0800261d   Thumb Code     2  stm32f1xx_it.o(i.PendSV_Handler)
    SDTimer_Handler                          0x08002621   Thumb Code    26  stm32f1xx_it.o(i.SDTimer_Handler)
    SD_disk_initialize                       0x080027dd   Thumb Code   298  fatfs_sd.o(i.SD_disk_initialize)
    SD_disk_ioctl                            0x0800290d   Thumb Code   314  fatfs_sd.o(i.SD_disk_ioctl)
    SD_disk_read                             0x08002a4d   Thumb Code   146  fatfs_sd.o(i.SD_disk_read)
    SD_disk_status                           0x08002ae5   Thumb Code    12  fatfs_sd.o(i.SD_disk_status)
    SD_disk_write                            0x08002af5   Thumb Code   178  fatfs_sd.o(i.SD_disk_write)
    SSD1306_DrawPixel                        0x08002d09   Thumb Code    54  ssd1306.o(i.SSD1306_DrawPixel)
    SSD1306_GotoXY                           0x08002d49   Thumb Code     8  ssd1306.o(i.SSD1306_GotoXY)
    SSD1306_Putc                             0x08002d55   Thumb Code   156  ssd1306.o(i.SSD1306_Putc)
    SSD1306_Puts                             0x08002df5   Thumb Code    40  ssd1306.o(i.SSD1306_Puts)
    SSD1306_UpdateScreen                     0x08002e1d   Thumb Code    66  ssd1306.o(i.SSD1306_UpdateScreen)
    SVC_Handler                              0x08002e65   Thumb Code     2  stm32f1xx_it.o(i.SVC_Handler)
    Send_requested_data                      0x08002e69   Thumb Code   246  rs232_driver.o(i.Send_requested_data)
    Show_Menu                                0x08002f69   Thumb Code   182  main.o(i.Show_Menu)
    SysTick_Handler                          0x0800307d   Thumb Code    32  stm32f1xx_it.o(i.SysTick_Handler)
    SystemClock_Config                       0x080030a1   Thumb Code    96  main.o(i.SystemClock_Config)
    SystemInit                               0x08003101   Thumb Code     2  system_stm32f1xx.o(i.SystemInit)
    TIM2_IRQHandler                          0x08003105   Thumb Code     6  stm32f1xx_it.o(i.TIM2_IRQHandler)
    TIM3_IRQHandler                          0x08003111   Thumb Code     6  stm32f1xx_it.o(i.TIM3_IRQHandler)
    TIM_Base_SetConfig                       0x0800311d   Thumb Code    94  stm32f1xx_hal_tim.o(i.TIM_Base_SetConfig)
    TIM_ETR_SetConfig                        0x08003189   Thumb Code    20  stm32f1xx_hal_tim.o(i.TIM_ETR_SetConfig)
    UART_Start_Receive_DMA                   0x080034d5   Thumb Code   130  stm32f1xx_hal_uart.o(i.UART_Start_Receive_DMA)
    USART1_IRQHandler                        0x080035dd   Thumb Code     6  stm32f1xx_it.o(i.USART1_IRQHandler)
    USER_initialize                          0x080035e9   Thumb Code     4  user_diskio.o(i.USER_initialize)
    USER_ioctl                               0x080035ed   Thumb Code     4  user_diskio.o(i.USER_ioctl)
    USER_read                                0x080035f1   Thumb Code     4  user_diskio.o(i.USER_read)
    USER_status                              0x080035f5   Thumb Code     4  user_diskio.o(i.USER_status)
    USER_write                               0x080035f9   Thumb Code     4  user_diskio.o(i.USER_write)
    UsageFault_Handler                       0x080035fd   Thumb Code     2  stm32f1xx_it.o(i.UsageFault_Handler)
    check_error                              0x08003621   Thumb Code     8  rs232_driver.o(i.check_error)
    check_state                              0x0800362d   Thumb Code     8  rs232_driver.o(i.check_state)
    main                                     0x08003639   Thumb Code   300  main.o(i.main)
    ssd1306_I2C_Write                        0x08003789   Thumb Code    28  ssd1306.o(i.ssd1306_I2C_Write)
    ssd1306_I2C_WriteMulti                   0x080037a9   Thumb Code    50  ssd1306.o(i.ssd1306_I2C_WriteMulti)
    Font7x10                                 0x08003828   Data        1900  fonts.o(.constdata)
    AHBPrescTable                            0x08003fa6   Data          16  system_stm32f1xx.o(.constdata)
    APBPrescTable                            0x08003fb6   Data           8  system_stm32f1xx.o(.constdata)
    Region$$Table$$Base                      0x08003fc0   Number         0  anon$$obj.o(Region$$Table)
    Region$$Table$$Limit                     0x08003fe0   Number         0  anon$$obj.o(Region$$Table)
    welding_pattern                          0x20000000   Data           1  main.o(.data)
    read_saved_pattern                       0x20000001   Data           1  main.o(.data)
    current_point                            0x20000002   Data           1  main.o(.data)
    current_speed                            0x20000003   Data           1  main.o(.data)
    selected_menu                            0x20000004   Data           1  main.o(.data)
    RS232_state                              0x20000008   Data           4  main.o(.data)
    RS232_err_status                         0x2000000c   Data           4  main.o(.data)
    read_saved_posX                          0x20000010   Data           8  main.o(.data)
    read_saved_posY                          0x20000018   Data           8  main.o(.data)
    read_saved_posZ                          0x20000020   Data           8  main.o(.data)
    read_saved_angle1                        0x20000028   Data           8  main.o(.data)
    read_saved_angle2                        0x20000030   Data           8  main.o(.data)
    read_saved_angle3                        0x20000038   Data           8  main.o(.data)
    read_saved_angle4                        0x20000040   Data           8  main.o(.data)
    read_saved_angle5                        0x20000048   Data           8  main.o(.data)
    read_saved_angle6                        0x20000050   Data           8  main.o(.data)
    title                                    0x20000058   Data          15  main.o(.data)
    FatFsCnt                                 0x20000067   Data           1  stm32f1xx_it.o(.data)
    Timr1                                    0x20000068   Data           1  stm32f1xx_it.o(.data)
    Timr2                                    0x20000069   Data           1  stm32f1xx_it.o(.data)
    Timer1                                   0x20000074   Data           2  fatfs_sd.o(.data)
    Timer2                                   0x20000076   Data           2  fatfs_sd.o(.data)
    Font_7x10                                0x20000080   Data           8  fonts.o(.data)
    uwTickFreq                               0x20000088   Data           1  stm32f1xx_hal.o(.data)
    uwTickPrio                               0x2000008c   Data           4  stm32f1xx_hal.o(.data)
    uwTick                                   0x20000090   Data           4  stm32f1xx_hal.o(.data)
    SystemCoreClock                          0x20000094   Data           4  system_stm32f1xx.o(.data)
    USER_Driver                              0x20000098   Data          20  user_diskio.o(.data)
    retUSER                                  0x200000ac   Data           1  fatfs.o(.data)
    USERPath                                 0x200000ad   Data           4  fatfs.o(.data)
    eeprom1                                  0x200000b8   Data          12  main.o(.bss)
    command                                  0x200000c8   Data         168  main.o(.bss)
    hi2c1                                    0x20000170   Data          84  main.o(.bss)
    hspi1                                    0x200001c4   Data          88  main.o(.bss)
    htim2                                    0x2000021c   Data          72  main.o(.bss)
    htim3                                    0x20000264   Data          72  main.o(.bss)
    huart1                                   0x200002ac   Data          72  main.o(.bss)
    page_data_byte                           0x200002f4   Data         128  main.o(.bss)
    saved_pos                                0x20000374   Data          24  main.o(.bss)
    read_saved_pos                           0x2000038c   Data          24  main.o(.bss)
    saved_angle                              0x200003a4   Data          48  main.o(.bss)
    read_saved_angle                         0x200003d4   Data          48  main.o(.bss)
    current_position                         0x20000408   Data          24  main.o(.bss)
    move_position                            0x20000420   Data          24  main.o(.bss)
    current_angle                            0x20000438   Data          48  main.o(.bss)
    move_angle                               0x20000468   Data          48  main.o(.bss)
    hdma_usart1_rx                           0x20000498   Data          68  main.o(.bss)
    disk                                     0x20000940   Data          12  ff_gen_drv.o(.bss)
    __libspace_start                         0x2000094c   Data          96  libspace.o(.bss)
    __temporary_stack_top$libspace           0x200009ac   Data           0  libspace.o(.bss)



==============================================================================

Memory Map of the image

  Image Entry point : 0x080000ed

  Load Region LR_IROM1 (Base: 0x08000000, Size: 0x00004094, Max: 0x00010000, ABSOLUTE)

    Execution Region ER_IROM1 (Exec base: 0x08000000, Load base: 0x08000000, Size: 0x00003fe0, Max: 0x00010000, ABSOLUTE)

    Exec Addr    Load Addr    Size         Type   Attr      Idx    E Section Name        Object

    0x08000000   0x08000000   0x000000ec   Data   RO            3    RESET               startup_stm32f103xb.o
    0x080000ec   0x080000ec   0x00000008   Code   RO         4886  * !!!main             c_w.l(__main.o)
    0x080000f4   0x080000f4   0x00000034   Code   RO         5091    !!!scatter          c_w.l(__scatter.o)
    0x08000128   0x08000128   0x0000001a   Code   RO         5093    !!handler_copy      c_w.l(__scatter_copy.o)
    0x08000142   0x08000142   0x00000002   PAD
    0x08000144   0x08000144   0x0000001c   Code   RO         5095    !!handler_zi        c_w.l(__scatter_zi.o)
    0x08000160   0x08000160   0x00000002   Code   RO         5028    .ARM.Collect$$libinit$$00000000  c_w.l(libinit.o)
    0x08000162   0x08000162   0x00000000   Code   RO         4921    .ARM.Collect$$libinit$$00000002  c_w.l(libinit2.o)
    0x08000162   0x08000162   0x00000000   Code   RO         4923    .ARM.Collect$$libinit$$00000004  c_w.l(libinit2.o)
    0x08000162   0x08000162   0x00000000   Code   RO         4926    .ARM.Collect$$libinit$$0000000A  c_w.l(libinit2.o)
    0x08000162   0x08000162   0x00000000   Code   RO         4928    .ARM.Collect$$libinit$$0000000C  c_w.l(libinit2.o)
    0x08000162   0x08000162   0x00000000   Code   RO         4930    .ARM.Collect$$libinit$$0000000E  c_w.l(libinit2.o)
    0x08000162   0x08000162   0x00000000   Code   RO         4933    .ARM.Collect$$libinit$$00000011  c_w.l(libinit2.o)
    0x08000162   0x08000162   0x00000000   Code   RO         4935    .ARM.Collect$$libinit$$00000013  c_w.l(libinit2.o)
    0x08000162   0x08000162   0x00000000   Code   RO         4937    .ARM.Collect$$libinit$$00000015  c_w.l(libinit2.o)
    0x08000162   0x08000162   0x00000000   Code   RO         4939    .ARM.Collect$$libinit$$00000017  c_w.l(libinit2.o)
    0x08000162   0x08000162   0x00000000   Code   RO         4941    .ARM.Collect$$libinit$$00000019  c_w.l(libinit2.o)
    0x08000162   0x08000162   0x00000000   Code   RO         4943    .ARM.Collect$$libinit$$0000001B  c_w.l(libinit2.o)
    0x08000162   0x08000162   0x00000000   Code   RO         4945    .ARM.Collect$$libinit$$0000001D  c_w.l(libinit2.o)
    0x08000162   0x08000162   0x00000000   Code   RO         4947    .ARM.Collect$$libinit$$0000001F  c_w.l(libinit2.o)
    0x08000162   0x08000162   0x00000000   Code   RO         4949    .ARM.Collect$$libinit$$00000021  c_w.l(libinit2.o)
    0x08000162   0x08000162   0x00000000   Code   RO         4951    .ARM.Collect$$libinit$$00000023  c_w.l(libinit2.o)
    0x08000162   0x08000162   0x00000000   Code   RO         4953    .ARM.Collect$$libinit$$00000025  c_w.l(libinit2.o)
    0x08000162   0x08000162   0x00000000   Code   RO         4957    .ARM.Collect$$libinit$$0000002C  c_w.l(libinit2.o)
    0x08000162   0x08000162   0x00000000   Code   RO         4959    .ARM.Collect$$libinit$$0000002E  c_w.l(libinit2.o)
    0x08000162   0x08000162   0x00000000   Code   RO         4961    .ARM.Collect$$libinit$$00000030  c_w.l(libinit2.o)
    0x08000162   0x08000162   0x00000000   Code   RO         4963    .ARM.Collect$$libinit$$00000032  c_w.l(libinit2.o)
    0x08000162   0x08000162   0x00000002   Code   RO         4964    .ARM.Collect$$libinit$$00000033  c_w.l(libinit2.o)
    0x08000164   0x08000164   0x00000002   Code   RO         5088    .ARM.Collect$$libshutdown$$00000000  c_w.l(libshutdown.o)
    0x08000166   0x08000166   0x00000000   Code   RO         5042    .ARM.Collect$$libshutdown$$00000002  c_w.l(libshutdown2.o)
    0x08000166   0x08000166   0x00000000   Code   RO         5044    .ARM.Collect$$libshutdown$$00000004  c_w.l(libshutdown2.o)
    0x08000166   0x08000166   0x00000000   Code   RO         5046    .ARM.Collect$$libshutdown$$00000006  c_w.l(libshutdown2.o)
    0x08000166   0x08000166   0x00000000   Code   RO         5049    .ARM.Collect$$libshutdown$$00000009  c_w.l(libshutdown2.o)
    0x08000166   0x08000166   0x00000000   Code   RO         5052    .ARM.Collect$$libshutdown$$0000000C  c_w.l(libshutdown2.o)
    0x08000166   0x08000166   0x00000000   Code   RO         5054    .ARM.Collect$$libshutdown$$0000000E  c_w.l(libshutdown2.o)
    0x08000166   0x08000166   0x00000000   Code   RO         5057    .ARM.Collect$$libshutdown$$00000011  c_w.l(libshutdown2.o)
    0x08000166   0x08000166   0x00000002   Code   RO         5058    .ARM.Collect$$libshutdown$$00000012  c_w.l(libshutdown2.o)
    0x08000168   0x08000168   0x00000000   Code   RO         4890    .ARM.Collect$$rtentry$$00000000  c_w.l(__rtentry.o)
    0x08000168   0x08000168   0x00000000   Code   RO         4971    .ARM.Collect$$rtentry$$00000002  c_w.l(__rtentry2.o)
    0x08000168   0x08000168   0x00000006   Code   RO         4983    .ARM.Collect$$rtentry$$00000004  c_w.l(__rtentry4.o)
    0x0800016e   0x0800016e   0x00000000   Code   RO         4973    .ARM.Collect$$rtentry$$00000009  c_w.l(__rtentry2.o)
    0x0800016e   0x0800016e   0x00000004   Code   RO         4974    .ARM.Collect$$rtentry$$0000000A  c_w.l(__rtentry2.o)
    0x08000172   0x08000172   0x00000000   Code   RO         4976    .ARM.Collect$$rtentry$$0000000C  c_w.l(__rtentry2.o)
    0x08000172   0x08000172   0x00000008   Code   RO         4977    .ARM.Collect$$rtentry$$0000000D  c_w.l(__rtentry2.o)
    0x0800017a   0x0800017a   0x00000002   Code   RO         5031    .ARM.Collect$$rtexit$$00000000  c_w.l(rtexit.o)
    0x0800017c   0x0800017c   0x00000000   Code   RO         5062    .ARM.Collect$$rtexit$$00000002  c_w.l(rtexit2.o)
    0x0800017c   0x0800017c   0x00000004   Code   RO         5063    .ARM.Collect$$rtexit$$00000003  c_w.l(rtexit2.o)
    0x08000180   0x08000180   0x00000006   Code   RO         5064    .ARM.Collect$$rtexit$$00000004  c_w.l(rtexit2.o)
    0x08000186   0x08000186   0x00000002   PAD
    0x08000188   0x08000188   0x00000040   Code   RO            4    .text               startup_stm32f103xb.o
    0x080001c8   0x080001c8   0x0000004e   Code   RO         4882    .text               c_w.l(rt_memclr_w.o)
    0x08000216   0x08000216   0x00000006   Code   RO         4884    .text               c_w.l(heapauxi.o)
    0x0800021c   0x0800021c   0x00000008   Code   RO         4967    .text               c_w.l(libspace.o)
    0x08000224   0x08000224   0x00000002   Code   RO         5004    .text               c_w.l(use_no_semi.o)
    0x08000226   0x08000226   0x00000000   Code   RO         5006    .text               c_w.l(indicate_semi.o)
    0x08000226   0x08000226   0x0000004a   Code   RO         5007    .text               c_w.l(sys_stackheap_outer.o)
    0x08000270   0x08000270   0x00000012   Code   RO         5013    .text               c_w.l(exit.o)
    0x08000282   0x08000282   0x00000002   PAD
    0x08000284   0x08000284   0x0000000c   Code   RO         5029    .text               c_w.l(sys_exit.o)
    0x08000290   0x08000290   0x00000002   Code   RO          314    i.BusFault_Handler  stm32f1xx_it.o
    0x08000292   0x08000292   0x00000002   PAD
    0x08000294   0x08000294   0x0000001c   Code   RO          730    i.DESELECT          fatfs_sd.o
    0x080002b0   0x080002b0   0x0000000c   Code   RO          315    i.DMA1_Channel5_IRQHandler  stm32f1xx_it.o
    0x080002bc   0x080002bc   0x0000002a   Code   RO         1480    i.DMA_SetConfig     stm32f1xx_hal_dma.o
    0x080002e6   0x080002e6   0x00000002   Code   RO          316    i.DebugMon_Handler  stm32f1xx_it.o
    0x080002e8   0x080002e8   0x00000004   Code   RO           14    i.Error_Handler     main.o
    0x080002ec   0x080002ec   0x00000006   Code   RO         4701    i.FATFS_LinkDriver  ff_gen_drv.o
    0x080002f2   0x080002f2   0x00000002   PAD
    0x080002f4   0x080002f4   0x00000040   Code   RO         4702    i.FATFS_LinkDriverEx  ff_gen_drv.o
    0x08000334   0x08000334   0x000001d4   Code   RO          610    i.Get_command       rs232_driver.o
    0x08000508   0x08000508   0x00000046   Code   RO         1481    i.HAL_DMA_Abort     stm32f1xx_hal_dma.o
    0x0800054e   0x0800054e   0x00000002   PAD
    0x08000550   0x08000550   0x00000098   Code   RO         1482    i.HAL_DMA_Abort_IT  stm32f1xx_hal_dma.o
    0x080005e8   0x080005e8   0x00000154   Code   RO         1486    i.HAL_DMA_IRQHandler  stm32f1xx_hal_dma.o
    0x0800073c   0x0800073c   0x0000005c   Code   RO         1487    i.HAL_DMA_Init      stm32f1xx_hal_dma.o
    0x08000798   0x08000798   0x00000070   Code   RO         1491    i.HAL_DMA_Start_IT  stm32f1xx_hal_dma.o
    0x08000808   0x08000808   0x00000024   Code   RO         1107    i.HAL_Delay         stm32f1xx_hal.o
    0x0800082c   0x0800082c   0x000001e0   Code   RO         1417    i.HAL_GPIO_Init     stm32f1xx_hal_gpio.o
    0x08000a0c   0x08000a0c   0x0000000a   Code   RO         1421    i.HAL_GPIO_WritePin  stm32f1xx_hal_gpio.o
    0x08000a16   0x08000a16   0x00000002   PAD
    0x08000a18   0x08000a18   0x0000000c   Code   RO         1111    i.HAL_GetTick       stm32f1xx_hal.o
    0x08000a24   0x08000a24   0x00000188   Code   RO         2088    i.HAL_I2C_Init      stm32f1xx_hal_i2c.o
    0x08000bac   0x08000bac   0x0000012c   Code   RO         2101    i.HAL_I2C_Master_Transmit  stm32f1xx_hal_i2c.o
    0x08000cd8   0x08000cd8   0x00000070   Code   RO          424    i.HAL_I2C_MspInit   stm32f1xx_hal_msp.o
    0x08000d48   0x08000d48   0x00000010   Code   RO         1117    i.HAL_IncTick       stm32f1xx_hal.o
    0x08000d58   0x08000d58   0x00000024   Code   RO         1118    i.HAL_Init          stm32f1xx_hal.o
    0x08000d7c   0x08000d7c   0x00000040   Code   RO         1119    i.HAL_InitTick      stm32f1xx_hal.o
    0x08000dbc   0x08000dbc   0x0000003c   Code   RO          425    i.HAL_MspInit       stm32f1xx_hal_msp.o
    0x08000df8   0x08000df8   0x0000001a   Code   RO         1577    i.HAL_NVIC_EnableIRQ  stm32f1xx_hal_cortex.o
    0x08000e12   0x08000e12   0x00000002   PAD
    0x08000e14   0x08000e14   0x00000040   Code   RO         1583    i.HAL_NVIC_SetPriority  stm32f1xx_hal_cortex.o
    0x08000e54   0x08000e54   0x00000024   Code   RO         1584    i.HAL_NVIC_SetPriorityGrouping  stm32f1xx_hal_cortex.o
    0x08000e78   0x08000e78   0x00000002   Code   RO         1274    i.HAL_RCC_CSSCallback  stm32f1xx_hal_rcc.o
    0x08000e7a   0x08000e7a   0x00000002   PAD
    0x08000e7c   0x08000e7c   0x0000012c   Code   RO         1275    i.HAL_RCC_ClockConfig  stm32f1xx_hal_rcc.o
    0x08000fa8   0x08000fa8   0x0000000c   Code   RO         1278    i.HAL_RCC_EnableCSS  stm32f1xx_hal_rcc.o
    0x08000fb4   0x08000fb4   0x00000020   Code   RO         1282    i.HAL_RCC_GetPCLK1Freq  stm32f1xx_hal_rcc.o
    0x08000fd4   0x08000fd4   0x00000020   Code   RO         1283    i.HAL_RCC_GetPCLK2Freq  stm32f1xx_hal_rcc.o
    0x08000ff4   0x08000ff4   0x0000004c   Code   RO         1284    i.HAL_RCC_GetSysClockFreq  stm32f1xx_hal_rcc.o
    0x08001040   0x08001040   0x00000018   Code   RO         1286    i.HAL_RCC_NMI_IRQHandler  stm32f1xx_hal_rcc.o
    0x08001058   0x08001058   0x00000320   Code   RO         1287    i.HAL_RCC_OscConfig  stm32f1xx_hal_rcc.o
    0x08001378   0x08001378   0x000000b2   Code   RO         2525    i.HAL_SPI_Init      stm32f1xx_hal_spi.o
    0x0800142a   0x0800142a   0x00000002   PAD
    0x0800142c   0x0800142c   0x00000070   Code   RO          427    i.HAL_SPI_MspInit   stm32f1xx_hal_msp.o
    0x0800149c   0x0800149c   0x0000016e   Code   RO         2533    i.HAL_SPI_Transmit  stm32f1xx_hal_spi.o
    0x0800160a   0x0800160a   0x000001ee   Code   RO         2534    i.HAL_SPI_TransmitReceive  stm32f1xx_hal_spi.o
    0x080017f8   0x080017f8   0x00000028   Code   RO         1588    i.HAL_SYSTICK_Config  stm32f1xx_hal_cortex.o
    0x08001820   0x08001820   0x00000002   Code   RO         3542    i.HAL_TIMEx_BreakCallback  stm32f1xx_hal_tim_ex.o
    0x08001822   0x08001822   0x00000002   Code   RO         3543    i.HAL_TIMEx_CommutCallback  stm32f1xx_hal_tim_ex.o
    0x08001824   0x08001824   0x00000068   Code   RO         3561    i.HAL_TIMEx_MasterConfigSynchronization  stm32f1xx_hal_tim_ex.o
    0x0800188c   0x0800188c   0x0000005a   Code   RO         2838    i.HAL_TIM_Base_Init  stm32f1xx_hal_tim.o
    0x080018e6   0x080018e6   0x00000002   PAD
    0x080018e8   0x080018e8   0x0000003c   Code   RO          429    i.HAL_TIM_Base_MspInit  stm32f1xx_hal_msp.o
    0x08001924   0x08001924   0x000000dc   Code   RO         2847    i.HAL_TIM_ConfigClockSource  stm32f1xx_hal_tim.o
    0x08001a00   0x08001a00   0x000000a4   Code   RO         2859    i.HAL_TIM_Encoder_Init  stm32f1xx_hal_tim.o
    0x08001aa4   0x08001aa4   0x00000060   Code   RO          431    i.HAL_TIM_Encoder_MspInit  stm32f1xx_hal_msp.o
    0x08001b04   0x08001b04   0x00000002   Code   RO         2872    i.HAL_TIM_IC_CaptureCallback  stm32f1xx_hal_tim.o
    0x08001b06   0x08001b06   0x00000166   Code   RO         2886    i.HAL_TIM_IRQHandler  stm32f1xx_hal_tim.o
    0x08001c6c   0x08001c6c   0x00000002   Code   RO         2889    i.HAL_TIM_OC_DelayElapsedCallback  stm32f1xx_hal_tim.o
    0x08001c6e   0x08001c6e   0x00000002   Code   RO         2916    i.HAL_TIM_PWM_PulseFinishedCallback  stm32f1xx_hal_tim.o
    0x08001c70   0x08001c70   0x0000001c   Code   RO           15    i.HAL_TIM_PeriodElapsedCallback  main.o
    0x08001c8c   0x08001c8c   0x00000002   Code   RO         2929    i.HAL_TIM_TriggerCallback  stm32f1xx_hal_tim.o
    0x08001c8e   0x08001c8e   0x00000002   Code   RO         3821    i.HAL_UARTEx_RxEventCallback  stm32f1xx_hal_uart.o
    0x08001c90   0x08001c90   0x00000002   Code   RO         3835    i.HAL_UART_ErrorCallback  stm32f1xx_hal_uart.o
    0x08001c92   0x08001c92   0x00000004   Code   RO         3836    i.HAL_UART_GetError  stm32f1xx_hal_uart.o
    0x08001c96   0x08001c96   0x0000000a   Code   RO         3837    i.HAL_UART_GetState  stm32f1xx_hal_uart.o
    0x08001ca0   0x08001ca0   0x0000026c   Code   RO         3838    i.HAL_UART_IRQHandler  stm32f1xx_hal_uart.o
    0x08001f0c   0x08001f0c   0x00000064   Code   RO         3839    i.HAL_UART_Init     stm32f1xx_hal_uart.o
    0x08001f70   0x08001f70   0x000000c4   Code   RO          433    i.HAL_UART_MspInit  stm32f1xx_hal_msp.o
    0x08002034   0x08002034   0x0000001c   Code   RO         3843    i.HAL_UART_Receive_DMA  stm32f1xx_hal_uart.o
    0x08002050   0x08002050   0x00000020   Code   RO           16    i.HAL_UART_RxCpltCallback  main.o
    0x08002070   0x08002070   0x00000002   Code   RO         3846    i.HAL_UART_RxHalfCpltCallback  stm32f1xx_hal_uart.o
    0x08002072   0x08002072   0x0000009a   Code   RO         3847    i.HAL_UART_Transmit  stm32f1xx_hal_uart.o
    0x0800210c   0x0800210c   0x00000002   Code   RO         3850    i.HAL_UART_TxCpltCallback  stm32f1xx_hal_uart.o
    0x0800210e   0x0800210e   0x00000002   Code   RO          317    i.HardFault_Handler  stm32f1xx_it.o
    0x08002110   0x08002110   0x0000002e   Code   RO         2131    i.I2C_IsAcknowledgeFailed  stm32f1xx_hal_i2c.o
    0x0800213e   0x0800213e   0x00000002   PAD
    0x08002140   0x08002140   0x0000009c   Code   RO         2135    i.I2C_MasterRequestWrite  stm32f1xx_hal_i2c.o
    0x080021dc   0x080021dc   0x00000056   Code   RO         2146    i.I2C_WaitOnBTFFlagUntilTimeout  stm32f1xx_hal_i2c.o
    0x08002232   0x08002232   0x00000002   PAD
    0x08002234   0x08002234   0x00000090   Code   RO         2147    i.I2C_WaitOnFlagUntilTimeout  stm32f1xx_hal_i2c.o
    0x080022c4   0x080022c4   0x000000bc   Code   RO         2148    i.I2C_WaitOnMasterAddressFlagUntilTimeout  stm32f1xx_hal_i2c.o
    0x08002380   0x08002380   0x00000056   Code   RO         2150    i.I2C_WaitOnTXEFlagUntilTimeout  stm32f1xx_hal_i2c.o
    0x080023d6   0x080023d6   0x00000002   PAD
    0x080023d8   0x080023d8   0x0000001c   Code   RO         4271    i.MX_FATFS_Init     fatfs.o
    0x080023f4   0x080023f4   0x0000010c   Code   RO           17    i.MX_GPIO_Init      main.o
    0x08002500   0x08002500   0x00000044   Code   RO           18    i.MX_SPI1_Init      main.o
    0x08002544   0x08002544   0x00000068   Code   RO           19    i.MX_TIM2_Init      main.o
    0x080025ac   0x080025ac   0x00000068   Code   RO           20    i.MX_TIM3_Init      main.o
    0x08002614   0x08002614   0x00000002   Code   RO          318    i.MemManage_Handler  stm32f1xx_it.o
    0x08002616   0x08002616   0x00000006   Code   RO          319    i.NMI_Handler       stm32f1xx_it.o
    0x0800261c   0x0800261c   0x00000002   Code   RO          320    i.PendSV_Handler    stm32f1xx_it.o
    0x0800261e   0x0800261e   0x00000002   PAD
    0x08002620   0x08002620   0x00000020   Code   RO          321    i.SDTimer_Handler   stm32f1xx_it.o
    0x08002640   0x08002640   0x00000070   Code   RO          731    i.SD_PowerOn        fatfs_sd.o
    0x080026b0   0x080026b0   0x00000020   Code   RO          732    i.SD_ReadyWait      fatfs_sd.o
    0x080026d0   0x080026d0   0x00000044   Code   RO          733    i.SD_RxDataBlock    fatfs_sd.o
    0x08002714   0x08002714   0x0000006e   Code   RO          734    i.SD_SendCmd        fatfs_sd.o
    0x08002782   0x08002782   0x0000005a   Code   RO          735    i.SD_TxDataBlock    fatfs_sd.o
    0x080027dc   0x080027dc   0x00000130   Code   RO          736    i.SD_disk_initialize  fatfs_sd.o
    0x0800290c   0x0800290c   0x00000140   Code   RO          737    i.SD_disk_ioctl     fatfs_sd.o
    0x08002a4c   0x08002a4c   0x00000098   Code   RO          738    i.SD_disk_read      fatfs_sd.o
    0x08002ae4   0x08002ae4   0x00000010   Code   RO          739    i.SD_disk_status    fatfs_sd.o
    0x08002af4   0x08002af4   0x000000b8   Code   RO          740    i.SD_disk_write     fatfs_sd.o
    0x08002bac   0x08002bac   0x0000001c   Code   RO          741    i.SELECT            fatfs_sd.o
    0x08002bc8   0x08002bc8   0x00000020   Code   RO         2563    i.SPI_EndRxTxTransaction  stm32f1xx_hal_spi.o
    0x08002be8   0x08002be8   0x0000002c   Code   RO          742    i.SPI_RxByte        fatfs_sd.o
    0x08002c14   0x08002c14   0x0000001c   Code   RO          743    i.SPI_TxBuffer      fatfs_sd.o
    0x08002c30   0x08002c30   0x00000020   Code   RO          744    i.SPI_TxByte        fatfs_sd.o
    0x08002c50   0x08002c50   0x000000b8   Code   RO         2568    i.SPI_WaitFlagStateUntilTimeout  stm32f1xx_hal_spi.o
    0x08002d08   0x08002d08   0x00000040   Code   RO          842    i.SSD1306_DrawPixel  ssd1306.o
    0x08002d48   0x08002d48   0x0000000c   Code   RO          846    i.SSD1306_GotoXY    ssd1306.o
    0x08002d54   0x08002d54   0x000000a0   Code   RO          851    i.SSD1306_Putc      ssd1306.o
    0x08002df4   0x08002df4   0x00000028   Code   RO          852    i.SSD1306_Puts      ssd1306.o
    0x08002e1c   0x08002e1c   0x00000048   Code   RO          859    i.SSD1306_UpdateScreen  ssd1306.o
    0x08002e64   0x08002e64   0x00000002   Code   RO          322    i.SVC_Handler       stm32f1xx_it.o
    0x08002e66   0x08002e66   0x00000002   PAD
    0x08002e68   0x08002e68   0x00000100   Code   RO          619    i.Send_requested_data  rs232_driver.o
    0x08002f68   0x08002f68   0x00000114   Code   RO           28    i.Show_Menu         main.o
    0x0800307c   0x0800307c   0x00000024   Code   RO          323    i.SysTick_Handler   stm32f1xx_it.o
    0x080030a0   0x080030a0   0x00000060   Code   RO           29    i.SystemClock_Config  main.o
    0x08003100   0x08003100   0x00000002   Code   RO         4173    i.SystemInit        system_stm32f1xx.o
    0x08003102   0x08003102   0x00000002   PAD
    0x08003104   0x08003104   0x0000000c   Code   RO          324    i.TIM2_IRQHandler   stm32f1xx_it.o
    0x08003110   0x08003110   0x0000000c   Code   RO          325    i.TIM3_IRQHandler   stm32f1xx_it.o
    0x0800311c   0x0800311c   0x0000006c   Code   RO         2931    i.TIM_Base_SetConfig  stm32f1xx_hal_tim.o
    0x08003188   0x08003188   0x00000014   Code   RO         2942    i.TIM_ETR_SetConfig  stm32f1xx_hal_tim.o
    0x0800319c   0x0800319c   0x00000010   Code   RO         2943    i.TIM_ITRx_SetConfig  stm32f1xx_hal_tim.o
    0x080031ac   0x080031ac   0x00000022   Code   RO         2949    i.TIM_TI1_ConfigInputStage  stm32f1xx_hal_tim.o
    0x080031ce   0x080031ce   0x00000024   Code   RO         2951    i.TIM_TI2_ConfigInputStage  stm32f1xx_hal_tim.o
    0x080031f2   0x080031f2   0x00000010   Code   RO         3852    i.UART_DMAAbortOnError  stm32f1xx_hal_uart.o
    0x08003202   0x08003202   0x0000004a   Code   RO         3853    i.UART_DMAError     stm32f1xx_hal_uart.o
    0x0800324c   0x0800324c   0x00000086   Code   RO         3854    i.UART_DMAReceiveCplt  stm32f1xx_hal_uart.o
    0x080032d2   0x080032d2   0x0000001e   Code   RO         3856    i.UART_DMARxHalfCplt  stm32f1xx_hal_uart.o
    0x080032f0   0x080032f0   0x0000004e   Code   RO         3862    i.UART_EndRxTransfer  stm32f1xx_hal_uart.o
    0x0800333e   0x0800333e   0x0000001c   Code   RO         3863    i.UART_EndTxTransfer  stm32f1xx_hal_uart.o
    0x0800335a   0x0800335a   0x000000c2   Code   RO         3864    i.UART_Receive_IT   stm32f1xx_hal_uart.o
    0x0800341c   0x0800341c   0x000000b8   Code   RO         3865    i.UART_SetConfig    stm32f1xx_hal_uart.o
    0x080034d4   0x080034d4   0x00000090   Code   RO         3866    i.UART_Start_Receive_DMA  stm32f1xx_hal_uart.o
    0x08003564   0x08003564   0x00000078   Code   RO         3868    i.UART_WaitOnFlagUntilTimeout  stm32f1xx_hal_uart.o
    0x080035dc   0x080035dc   0x0000000c   Code   RO          326    i.USART1_IRQHandler  stm32f1xx_it.o
    0x080035e8   0x080035e8   0x00000004   Code   RO         4210    i.USER_initialize   user_diskio.o
    0x080035ec   0x080035ec   0x00000004   Code   RO         4211    i.USER_ioctl        user_diskio.o
    0x080035f0   0x080035f0   0x00000004   Code   RO         4212    i.USER_read         user_diskio.o
    0x080035f4   0x080035f4   0x00000004   Code   RO         4213    i.USER_status       user_diskio.o
    0x080035f8   0x080035f8   0x00000004   Code   RO         4214    i.USER_write        user_diskio.o
    0x080035fc   0x080035fc   0x00000002   Code   RO          327    i.UsageFault_Handler  stm32f1xx_it.o
    0x080035fe   0x080035fe   0x00000020   Code   RO         1590    i.__NVIC_SetPriority  stm32f1xx_hal_cortex.o
    0x0800361e   0x0800361e   0x00000002   PAD
    0x08003620   0x08003620   0x0000000c   Code   RO          623    i.check_error       rs232_driver.o
    0x0800362c   0x0800362c   0x0000000c   Code   RO          624    i.check_state       rs232_driver.o
    0x08003638   0x08003638   0x00000150   Code   RO           30    i.main              main.o
    0x08003788   0x08003788   0x00000020   Code   RO          861    i.ssd1306_I2C_Write  ssd1306.o
    0x080037a8   0x080037a8   0x00000038   Code   RO          862    i.ssd1306_I2C_WriteMulti  ssd1306.o
    0x080037e0   0x080037e0   0x00000048   Data   RO          627    .constdata          rs232_driver.o
    0x08003828   0x08003828   0x0000076c   Data   RO         1030    .constdata          fonts.o
    0x08003f94   0x08003f94   0x00000012   Data   RO         1288    .constdata          stm32f1xx_hal_rcc.o
    0x08003fa6   0x08003fa6   0x00000010   Data   RO         4174    .constdata          system_stm32f1xx.o
    0x08003fb6   0x08003fb6   0x00000008   Data   RO         4175    .constdata          system_stm32f1xx.o
    0x08003fbe   0x08003fbe   0x00000002   PAD
    0x08003fc0   0x08003fc0   0x00000020   Data   RO         5089    Region$$Table       anon$$obj.o


    Execution Region RW_IRAM1 (Exec base: 0x20000000, Load base: 0x08003fe0, Size: 0x00000fb0, Max: 0x00005000, ABSOLUTE)

    Exec Addr    Load Addr    Size         Type   Attr      Idx    E Section Name        Object

    0x20000000   0x08003fe0   0x00000067   Data   RW           50    .data               main.o
    0x20000067   0x08004047   0x00000003   Data   RW          328    .data               stm32f1xx_it.o
    0x2000006a   0x0800404a   0x00000002   PAD
    0x2000006c   0x0800404c   0x00000004   Data   RW          628    .data               rs232_driver.o
    0x20000070   0x08004050   0x00000008   Data   RW          745    .data               fatfs_sd.o
    0x20000078   0x08004058   0x00000006   Data   RW          864    .data               ssd1306.o
    0x2000007e   0x0800405e   0x00000002   PAD
    0x20000080   0x08004060   0x00000008   Data   RW         1033    .data               fonts.o
    0x20000088   0x08004068   0x0000000c   Data   RW         1125    .data               stm32f1xx_hal.o
    0x20000094   0x08004074   0x00000004   Data   RW         4176    .data               system_stm32f1xx.o
    0x20000098   0x08004078   0x00000014   Data   RW         4215    .data               user_diskio.o
    0x200000ac   0x0800408c   0x00000005   Data   RW         4275    .data               fatfs.o
    0x200000b1   0x08004091   0x00000007   PAD
    0x200000b8        -       0x000003e0   Zero   RW           31    .bss                main.o
    0x20000498        -       0x00000044   Zero   RW           39    .bss                main.o
    0x200004dc        -       0x00000064   Zero   RW          626    .bss                rs232_driver.o
    0x20000540        -       0x00000400   Zero   RW          863    .bss                ssd1306.o
    0x20000940        -       0x0000000c   Zero   RW         4705    .bss                ff_gen_drv.o
    0x2000094c        -       0x00000060   Zero   RW         4968    .bss                c_w.l(libspace.o)
    0x200009ac   0x08004091   0x00000004   PAD
    0x200009b0        -       0x00000200   Zero   RW            2    HEAP                startup_stm32f103xb.o
    0x20000bb0        -       0x00000400   Zero   RW            1    STACK               startup_stm32f103xb.o


==============================================================================

Image component sizes


      Code (inc. data)   RO Data    RW Data    ZI Data      Debug   Object Name

        28         10          0          5          0       1150   fatfs.o
      1548         72          0          8          0      10925   fatfs_sd.o
        70          4          0          0         12       1667   ff_gen_drv.o
         0          0       1900          8          0       1223   fonts.o
      1316        194          0        103       1060     460241   main.o
       748         28         72          4        100       6372   rs232_driver.o
       436         34          0          6       1024       7009   ssd1306.o
        64         26        236          0       1536        840   startup_stm32f103xb.o
       164         28          0         12          0       6133   stm32f1xx_hal.o
       198         14          0          0          0      29115   stm32f1xx_hal_cortex.o
       808         36          0          0          0       5190   stm32f1xx_hal_dma.o
       490         34          0          0          0       2976   stm32f1xx_hal_gpio.o
      1398         32          0          0          0       9377   stm32f1xx_hal_i2c.o
       636         82          0          0          0       4635   stm32f1xx_hal_msp.o
      1278         92         18          0          0       6911   stm32f1xx_hal_rcc.o
      1254          4          0          0          0       6400   stm32f1xx_hal_spi.o
      1054         14          0          0          0      10316   stm32f1xx_hal_tim.o
       108         12          0          0          0       2517   stm32f1xx_hal_tim_ex.o
      1926         24          0          0          0      15772   stm32f1xx_hal_uart.o
       136         34          0          3          0       7338   stm32f1xx_it.o
         2          0         24          4          0       1203   system_stm32f1xx.o
        20          0          0         20          0       3600   user_diskio.o

    ----------------------------------------------------------------------
     13712        774       2284        180       3736     600910   Object Totals
         0          0         32          0          0          0   (incl. Generated)
        30          0          2          7          4          0   (incl. Padding)

    ----------------------------------------------------------------------

      Code (inc. data)   RO Data    RW Data    ZI Data      Debug   Library Member Name

         8          0          0          0          0         68   __main.o
         0          0          0          0          0          0   __rtentry.o
        12          0          0          0          0          0   __rtentry2.o
         6          0          0          0          0          0   __rtentry4.o
        52          8          0          0          0          0   __scatter.o
        26          0          0          0          0          0   __scatter_copy.o
        28          0          0          0          0          0   __scatter_zi.o
        18          0          0          0          0         80   exit.o
         6          0          0          0          0        152   heapauxi.o
         0          0          0          0          0          0   indicate_semi.o
         2          0          0          0          0          0   libinit.o
         2          0          0          0          0          0   libinit2.o
         2          0          0          0          0          0   libshutdown.o
         2          0          0          0          0          0   libshutdown2.o
         8          4          0          0         96         68   libspace.o
        78          0          0          0          0         80   rt_memclr_w.o
         2          0          0          0          0          0   rtexit.o
        10          0          0          0          0          0   rtexit2.o
        12          4          0          0          0         68   sys_exit.o
        74          0          0          0          0         80   sys_stackheap_outer.o
         2          0          0          0          0         68   use_no_semi.o

    ----------------------------------------------------------------------
       356         16          0          0        100        664   Library Totals
         6          0          0          0          4          0   (incl. Padding)

    ----------------------------------------------------------------------

      Code (inc. data)   RO Data    RW Data    ZI Data      Debug   Library Name

       350         16          0          0         96        664   c_w.l

    ----------------------------------------------------------------------
       356         16          0          0        100        664   Library Totals

    ----------------------------------------------------------------------

==============================================================================


      Code (inc. data)   RO Data    RW Data    ZI Data      Debug   

     14068        790       2284        180       3836     594394   Grand Totals
     14068        790       2284        180       3836     594394   ELF Image Totals
     14068        790       2284        180          0          0   ROM Totals

==============================================================================

    Total RO  Size (Code + RO Data)                16352 (  15.97kB)
    Total RW  Size (RW Data + ZI Data)              4016 (   3.92kB)
    Total ROM Size (Code + RO Data + RW Data)      16532 (  16.14kB)

==============================================================================

