Component: ARM Compiler 5.06 update 7 (build 960) Tool: armlink [4d3601]

==============================================================================

Section Cross References

    startup_stm32f103xb.o(STACK) refers (Special) to heapauxi.o(.text) for __use_two_region_memory
    startup_stm32f103xb.o(HEAP) refers (Special) to heapauxi.o(.text) for __use_two_region_memory
    startup_stm32f103xb.o(RESET) refers (Special) to heapauxi.o(.text) for __use_two_region_memory
    startup_stm32f103xb.o(RESET) refers to startup_stm32f103xb.o(STACK) for __initial_sp
    startup_stm32f103xb.o(RESET) refers to startup_stm32f103xb.o(.text) for Reset_Handler
    startup_stm32f103xb.o(RESET) refers to stm32f1xx_it.o(i.NMI_Handler) for NMI_Handler
    startup_stm32f103xb.o(RESET) refers to stm32f1xx_it.o(i.HardFault_Handler) for HardFault_Handler
    startup_stm32f103xb.o(RESET) refers to stm32f1xx_it.o(i.MemManage_Handler) for MemManage_Handler
    startup_stm32f103xb.o(RESET) refers to stm32f1xx_it.o(i.BusFault_Handler) for BusFault_Handler
    startup_stm32f103xb.o(RESET) refers to stm32f1xx_it.o(i.UsageFault_Handler) for UsageFault_Handler
    startup_stm32f103xb.o(RESET) refers to stm32f1xx_it.o(i.SVC_Handler) for SVC_Handler
    startup_stm32f103xb.o(RESET) refers to stm32f1xx_it.o(i.DebugMon_Handler) for DebugMon_Handler
    startup_stm32f103xb.o(RESET) refers to stm32f1xx_it.o(i.PendSV_Handler) for PendSV_Handler
    startup_stm32f103xb.o(RESET) refers to stm32f1xx_it.o(i.SysTick_Handler) for SysTick_Handler
    startup_stm32f103xb.o(RESET) refers to stm32f1xx_it.o(i.DMA1_Channel5_IRQHandler) for DMA1_Channel5_IRQHandler
    startup_stm32f103xb.o(RESET) refers to stm32f1xx_it.o(i.TIM2_IRQHandler) for TIM2_IRQHandler
    startup_stm32f103xb.o(.text) refers (Special) to heapauxi.o(.text) for __use_two_region_memory
    startup_stm32f103xb.o(.text) refers to system_stm32f1xx.o(i.SystemInit) for SystemInit
    startup_stm32f103xb.o(.text) refers to __main.o(!!!main) for __main
    startup_stm32f103xb.o(.text) refers to startup_stm32f103xb.o(HEAP) for Heap_Mem
    startup_stm32f103xb.o(.text) refers to startup_stm32f103xb.o(STACK) for Stack_Mem
    main.o(i.HAL_UART_RxCpltCallback) refers to rs232_driver.o(i.check_state) for check_state
    main.o(i.HAL_UART_RxCpltCallback) refers to rs232_driver.o(i.check_error) for check_error
    main.o(i.HAL_UART_RxCpltCallback) refers to main.o(.data) for .data
    main.o(i.MX_GPIO_Init) refers to stm32f1xx_hal_gpio.o(i.HAL_GPIO_WritePin) for HAL_GPIO_WritePin
    main.o(i.MX_GPIO_Init) refers to stm32f1xx_hal_gpio.o(i.HAL_GPIO_Init) for HAL_GPIO_Init
    main.o(i.MX_SPI1_Init) refers to stm32f1xx_hal_spi.o(i.HAL_SPI_Init) for HAL_SPI_Init
    main.o(i.MX_SPI1_Init) refers to main.o(.bss) for .bss
    main.o(i.MX_TIM2_Init) refers to rt_memclr_w.o(.text) for __aeabi_memclr4
    main.o(i.MX_TIM2_Init) refers to stm32f1xx_hal_tim.o(i.HAL_TIM_Encoder_Init) for HAL_TIM_Encoder_Init
    main.o(i.MX_TIM2_Init) refers to stm32f1xx_hal_tim_ex.o(i.HAL_TIMEx_MasterConfigSynchronization) for HAL_TIMEx_MasterConfigSynchronization
    main.o(i.MX_TIM2_Init) refers to main.o(.bss) for .bss
    main.o(i.Read_WeldingPoint_Angle) refers to eeprom_lib.o(i.EEPROM_PageRead) for EEPROM_PageRead
    main.o(i.Read_WeldingPoint_Angle) refers to stm32f1xx_hal.o(i.HAL_Delay) for HAL_Delay
    main.o(i.Read_WeldingPoint_Angle) refers to main.o(.bss) for .bss
    main.o(i.Read_WeldingPoint_Angle) refers to main.o(.data) for .data
    main.o(i.Read_WeldingPoint_Pattern) refers to eeprom_lib.o(i.EEPROM_ByteRead) for EEPROM_ByteRead
    main.o(i.Read_WeldingPoint_Pattern) refers to main.o(.data) for .data
    main.o(i.Read_WeldingPoint_Pattern) refers to main.o(.bss) for .bss
    main.o(i.Read_WeldingPoint_Position) refers to eeprom_lib.o(i.EEPROM_PageRead) for EEPROM_PageRead
    main.o(i.Read_WeldingPoint_Position) refers to stm32f1xx_hal.o(i.HAL_Delay) for HAL_Delay
    main.o(i.Read_WeldingPoint_Position) refers to main.o(.bss) for .bss
    main.o(i.Read_WeldingPoint_Position) refers to main.o(.data) for .data
    main.o(i.Save_WeldingPoint_Angle) refers to eeprom_lib.o(i.EEPROM_PageWrite) for EEPROM_PageWrite
    main.o(i.Save_WeldingPoint_Angle) refers to stm32f1xx_hal.o(i.HAL_Delay) for HAL_Delay
    main.o(i.Save_WeldingPoint_Angle) refers to main.o(.bss) for .bss
    main.o(i.Save_WeldingPoint_Pattern) refers to eeprom_lib.o(i.EEPROM_ByteWrite) for EEPROM_ByteWrite
    main.o(i.Save_WeldingPoint_Pattern) refers to main.o(.bss) for .bss
    main.o(i.Save_WeldingPoint_Position) refers to eeprom_lib.o(i.EEPROM_PageWrite) for EEPROM_PageWrite
    main.o(i.Save_WeldingPoint_Position) refers to stm32f1xx_hal.o(i.HAL_Delay) for HAL_Delay
    main.o(i.Save_WeldingPoint_Position) refers to main.o(.bss) for .bss
    main.o(i.SystemClock_Config) refers to rt_memclr_w.o(.text) for __aeabi_memclr4
    main.o(i.SystemClock_Config) refers to stm32f1xx_hal_rcc.o(i.HAL_RCC_OscConfig) for HAL_RCC_OscConfig
[...]
    ../clib/signal.c                         0x00000000   Number         0  defsig_rtmem_inner.o ABSOLUTE
    ../clib/signal.c                         0x00000000   Number         0  defsig_exit.o ABSOLUTE
    ../clib/signal.c                         0x00000000   Number         0  defsig_general.o ABSOLUTE
    ../clib/signal.c                         0x00000000   Number         0  defsig_fpe_inner.o ABSOLUTE
    ../clib/signal.c                         0x00000000   Number         0  defsig_rtred_inner.o ABSOLUTE
    ../clib/signal.c                         0x00000000   Number         0  defsig_pvfn_inner.o ABSOLUTE
    ../clib/signal.c                         0x00000000   Number         0  defsig_cppl_inner.o ABSOLUTE
    ../clib/signal.c                         0x00000000   Number         0  defsig_rtmem_formal.o ABSOLUTE
    ../clib/signal.c                         0x00000000   Number         0  defsig_rtmem_outer.o ABSOLUTE
    ../clib/signal.c                         0x00000000   Number         0  defsig_segv_inner.o ABSOLUTE
    ../clib/signal.c                         0x00000000   Number         0  defsig_other.o ABSOLUTE
    ../clib/signal.s                         0x00000000   Number         0  defsig.o ABSOLUTE
    ../clib/stdlib.c                         0x00000000   Number         0  exit.o ABSOLUTE
    ../fplib/fpinit.s                        0x00000000   Number         0  fpinit.o ABSOLUTE
    ..\Core\Src\main.c                       0x00000000   Number         0  main.o ABSOLUTE
    ..\Core\Src\stm32f1xx_hal_msp.c          0x00000000   Number         0  stm32f1xx_hal_msp.o ABSOLUTE
    ..\Core\Src\stm32f1xx_it.c               0x00000000   Number         0  stm32f1xx_it.o ABSOLUTE
    ..\Core\Src\system_stm32f1xx.c           0x00000000   Number         0  system_stm32f1xx.o ABSOLUTE
    ..\Drivers\STM32F1xx_HAL_Driver\Src\stm32f1xx_hal.c 0x00000000   Number         0  stm32f1xx_hal.o ABSOLUTE
    ..\Drivers\STM32F1xx_HAL_Driver\Src\stm32f1xx_hal_cortex.c 0x00000000   Number         0  stm32f1xx_hal_cortex.o ABSOLUTE
    ..\Drivers\STM32F1xx_HAL_Driver\Src\stm32f1xx_hal_dma.c 0x00000000   Number         0  stm32f1xx_hal_dma.o ABSOLUTE
    ..\Drivers\STM32F1xx_HAL_Driver\Src\stm32f1xx_hal_exti.c 0x00000000   Number         0  stm32f1xx_hal_exti.o ABSOLUTE
    ..\Drivers\STM32F1xx_HAL_Driver\Src\stm32f1xx_hal_flash.c 0x00000000   Number         0  stm32f1xx_hal_flash.o ABSOLUTE
    ..\Drivers\STM32F1xx_HAL_Driver\Src\stm32f1xx_hal_flash_ex.c 0x00000000   Number         0  stm32f1xx_hal_flash_ex.o ABSOLUTE
    ..\Drivers\STM32F1xx_HAL_Driver\Src\stm32f1xx_hal_gpio.c 0x00000000   Number         0  stm32f1xx_hal_gpio.o ABSOLUTE
    ..\Drivers\STM32F1xx_HAL_Driver\Src\stm32f1xx_hal_gpio_ex.c 0x00000000   Number         0  stm32f1xx_hal_gpio_ex.o ABSOLUTE
    ..\Drivers\STM32F1xx_HAL_Driver\Src\stm32f1xx_hal_i2c.c 0x00000000   Number         0  stm32f1xx_hal_i2c.o ABSOLUTE
    ..\Drivers\STM32F1xx_HAL_Driver\Src\stm32f1xx_hal_pwr.c 0x00000000   Number         0  stm32f1xx_hal_pwr.o ABSOLUTE
    ..\Drivers\STM32F1xx_HAL_Driver\Src\stm32f1xx_hal_rcc.c 0x00000000   Number         0  stm32f1xx_hal_rcc.o ABSOLUTE
    ..\Drivers\STM32F1xx_HAL_Driver\Src\stm32f1xx_hal_rcc_ex.c 0x00000000   Number         0  stm32f1xx_hal_rcc_ex.o ABSOLUTE
    ..\Drivers\STM32F1xx_HAL_Driver\Src\stm32f1xx_hal_spi.c 0x00000000   Number         0  stm32f1xx_hal_spi.o ABSOLUTE
    ..\Drivers\STM32F1xx_HAL_Driver\Src\stm32f1xx_hal_tim.c 0x00000000   Number         0  stm32f1xx_hal_tim.o ABSOLUTE
    ..\Drivers\STM32F1xx_HAL_Driver\Src\stm32f1xx_hal_tim_ex.c 0x00000000   Number         0  stm32f1xx_hal_tim_ex.o ABSOLUTE
    ..\Drivers\STM32F1xx_HAL_Driver\Src\stm32f1xx_hal_uart.c 0x00000000   Number         0  stm32f1xx_hal_uart.o ABSOLUTE
    ..\FATFS\App\fatfs.c                     0x00000000   Number         0  fatfs.o ABSOLUTE
    ..\FATFS\Target\user_diskio.c            0x00000000   Number         0  user_diskio.o ABSOLUTE
    ..\Middlewares\Third_Party\FatFs\src\diskio.c 0x00000000   Number         0  diskio.o ABSOLUTE
    ..\Middlewares\Third_Party\FatFs\src\ff.c 0x00000000   Number         0  ff.o ABSOLUTE
    ..\Middlewares\Third_Party\FatFs\src\ff_gen_drv.c 0x00000000   Number         0  ff_gen_drv.o ABSOLUTE
    ..\Middlewares\Third_Party\FatFs\src\option\ccsbcs.c 0x00000000   Number         0  ccsbcs.o ABSOLUTE
    ..\Middlewares\Third_Party\FatFs\src\option\syscall.c 0x00000000   Number         0  syscall.o ABSOLUTE
    EEPROM_lib.c                             0x00000000   Number         0  eeprom_lib.o ABSOLUTE
    EEPROM_lib.c                             0x00000000   Number         0  eeprom_lib.o ABSOLUTE
    RS232_Driver.c                           0x00000000   Number         0  rs232_driver.o ABSOLUTE
    RS232_Driver.c                           0x00000000   Number         0  rs232_driver.o ABSOLUTE
    TB6600_Driver.c                          0x00000000   Number         0  tb6600_driver.o ABSOLUTE
    TB6600_Driver.c                          0x00000000   Number         0  tb6600_driver.o ABSOLUTE
    dc.s                                     0x00000000   Number         0  dc.o ABSOLUTE
    fatfs_sd.c                               0x00000000   Number         0  fatfs_sd.o ABSOLUTE
    fatfs_sd.c                               0x00000000   Number         0  fatfs_sd.o ABSOLUTE
    startup_stm32f103xb.s                    0x00000000   Number         0  startup_stm32f103xb.o ABSOLUTE
    RESET                                    0x08000000   Section      236  startup_stm32f103xb.o(RESET)
    !!!main                                  0x080000ec   Section        8  __main.o(!!!main)
    !!!scatter                               0x080000f4   Section       52  __scatter.o(!!!scatter)
    !!handler_copy                           0x08000128   Section       26  __scatter_copy.o(!!handler_copy)
    !!handler_zi                             0x08000144   Section       28  __scatter_zi.o(!!handler_zi)
    .ARM.Collect$$libinit$$00000000          0x08000160   Section        2  libinit.o(.ARM.Collect$$libinit$$00000000)
    .ARM.Collect$$libinit$$00000002          0x08000162   Section        0  libinit2.o(.ARM.Collect$$libinit$$00000002)
    .ARM.Collect$$libinit$$00000004          0x08000162   Section        0  libinit2.o(.ARM.Collect$$libinit$$00000004)
    .ARM.Collect$$libinit$$0000000A          0x08000162   Section        0  libinit2.o(.ARM.Collect$$libinit$$0000000A)
    .ARM.Collect$$libinit$$0000000C          0x08000162   Section        0  libinit2.o(.ARM.Collect$$libinit$$0000000C)
    .ARM.Collect$$libinit$$0000000E          0x08000162   Section        0  libinit2.o(.ARM.Collect$$libinit$$0000000E)
    .ARM.Collect$$libinit$$00000011          0x08000162   Section        0  libinit2.o(.ARM.Collect$$libinit$$00000011)
    .ARM.Collect$$libinit$$00000013          0x08000162   Section        0  libinit2.o(.ARM.Collect$$libinit$$00000013)
    .ARM.Collect$$libinit$$00000015          0x08000162   Section        0  libinit2.o(.ARM.Collect$$libinit$$00000015)
    .ARM.Collect$$libinit$$00000017          0x08000162   Section        0  libinit2.o(.ARM.Collect$$libinit$$00000017)
    .ARM.Collect$$libinit$$00000019          0x08000162   Section        0  libinit2.o(.ARM.Collect$$libinit$$00000019)
    .ARM.Collect$$libinit$$0000001B          0x08000162   Section        0  libinit2.o(.ARM.Collect$$libinit$$0000001B)
    .ARM.Collect$$libinit$$0000001D          0x08000162   Section        0  libinit2.o(.ARM.Collect$$libinit$$0000001D)
    .ARM.Collect$$libinit$$0000001F          0x08000162   Section        0  libinit2.o(.ARM.Collect$$libinit$$0000001F)
    .ARM.Collect$$libinit$$00000021          0x08000162   Section        0  libinit2.o(.ARM.Collect$$libinit$$00000021)
    .ARM.Collect$$libinit$$00000023          0x08000162   Section        0  libinit2.o(.ARM.Collect$$libinit$$00000023)
    .ARM.Collect$$libinit$$00000025          0x08000162   Section        0  libinit2.o(.ARM.Collect$$libinit$$00000025)
    .ARM.Collect$$libinit$$0000002C          0x08000162   Section        0  libinit2.o(.ARM.Collect$$libinit$$0000002C)
    .ARM.Collect$$libinit$$0000002E          0x08000162   Section        0  libinit2.o(.ARM.Collect$$libinit$$0000002E)
    .ARM.Collect$$libinit$$00000030          0x08000162   Section        0  libinit2.o(.ARM.Collect$$libinit$$00000030)
    .ARM.Collect$$libinit$$00000032          0x08000162   Section        0  libinit2.o(.ARM.Collect$$libinit$$00000032)
    .ARM.Collect$$libinit$$00000033          0x08000162   Section        2  libinit2.o(.ARM.Collect$$libinit$$00000033)
    .ARM.Collect$$libshutdown$$00000000      0x08000164   Section        2  libshutdown.o(.ARM.Collect$$libshutdown$$00000000)
    .ARM.Collect$$libshutdown$$00000002      0x08000166   Section        0  libshutdown2.o(.ARM.Collect$$libshutdown$$00000002)
    .ARM.Collect$$libshutdown$$00000004      0x08000166   Section        0  libshutdown2.o(.ARM.Collect$$libshutdown$$00000004)
    .ARM.Collect$$libshutdown$$00000006      0x08000166   Section        0  libshutdown2.o(.ARM.Collect$$libshutdown$$00000006)
    .ARM.Collect$$libshutdown$$00000009      0x08000166   Section        0  libshutdown2.o(.ARM.Collect$$libshutdown$$00000009)
    .ARM.Collect$$libshutdown$$0000000C      0x08000166   Section        0  libshutdown2.o(.ARM.Collect$$libshutdown$$0000000C)
    .ARM.Collect$$libshutdown$$0000000E      0x08000166   Section        0  libshutdown2.o(.ARM.Collect$$libshutdown$$0000000E)
    .ARM.Collect$$libshutdown$$00000011      0x08000166   Section        0  libshutdown2.o(.ARM.Collect$$libshutdown$$00000011)
    .ARM.Collect$$libshutdown$$00000012      0x08000166   Section        2  libshutdown2.o(.ARM.Collect$$libshutdown$$00000012)
    .ARM.Collect$$rtentry$$00000000          0x08000168   Section        0  __rtentry.o(.ARM.Collect$$rtentry$$00000000)
    .ARM.Collect$$rtentry$$00000002          0x08000168   Section        0  __rtentry2.o(.ARM.Collect$$rtentry$$00000002)
    .ARM.Collect$$rtentry$$00000004          0x08000168   Section        6  __rtentry4.o(.ARM.Collect$$rtentry$$00000004)
    .ARM.Collect$$rtentry$$00000009          0x0800016e   Section        0  __rtentry2.o(.ARM.Collect$$rtentry$$00000009)
    .ARM.Collect$$rtentry$$0000000A          0x0800016e   Section        4  __rtentry2.o(.ARM.Collect$$rtentry$$0000000A)
    .ARM.Collect$$rtentry$$0000000C          0x08000172   Section        0  __rtentry2.o(.ARM.Collect$$rtentry$$0000000C)
    .ARM.Collect$$rtentry$$0000000D          0x08000172   Section        8  __rtentry2.o(.ARM.Collect$$rtentry$$0000000D)
    .ARM.Collect$$rtexit$$00000000           0x0800017a   Section        2  rtexit.o(.ARM.Collect$$rtexit$$00000000)
    .ARM.Collect$$rtexit$$00000002           0x0800017c   Section        0  rtexit2.o(.ARM.Collect$$rtexit$$00000002)
    .ARM.Collect$$rtexit$$00000003           0x0800017c   Section        4  rtexit2.o(.ARM.Collect$$rtexit$$00000003)
    .ARM.Collect$$rtexit$$00000004           0x08000180   Section        6  rtexit2.o(.ARM.Collect$$rtexit$$00000004)
    .text                                    0x08000188   Section       64  startup_stm32f103xb.o(.text)
    .text                                    0x080001c8   Section      100  rt_memcpy_w.o(.text)
    .text                                    0x0800022c   Section       78  rt_memclr_w.o(.text)
    .text                                    0x0800027a   Section        0  heapauxi.o(.text)
    .text                                    0x08000280   Section        8  libspace.o(.text)
    .text                                    0x08000288   Section        2  use_no_semi.o(.text)
    .text                                    0x0800028a   Section        0  indicate_semi.o(.text)
    .text                                    0x0800028a   Section       74  sys_stackheap_outer.o(.text)
    .text                                    0x080002d4   Section        0  exit.o(.text)
    .text                                    0x080002e8   Section        0  sys_exit.o(.text)
    i.BusFault_Handler                       0x080002f4   Section        0  stm32f1xx_it.o(i.BusFault_Handler)
    i.DESELECT                               0x080002f8   Section        0  fatfs_sd.o(i.DESELECT)
    DESELECT                                 0x080002f9   Thumb Code    22  fatfs_sd.o(i.DESELECT)
    i.DMA1_Channel5_IRQHandler               0x08000314   Section        0  stm32f1xx_it.o(i.DMA1_Channel5_IRQHandler)
    i.DMA_SetConfig                          0x08000320   Section        0  stm32f1xx_hal_dma.o(i.DMA_SetConfig)
    DMA_SetConfig                            0x08000321   Thumb Code    42  stm32f1xx_hal_dma.o(i.DMA_SetConfig)
    i.DebugMon_Handler                       0x0800034a   Section        0  stm32f1xx_it.o(i.DebugMon_Handler)
    i.Driver_set_power                       0x0800034c   Section        0  tb6600_driver.o(i.Driver_set_power)
    i.EEPROM_ByteRead                        0x0800035e   Section        0  eeprom_lib.o(i.EEPROM_ByteRead)
    i.EEPROM_ByteWrite                       0x0800038e   Section        0  eeprom_lib.o(i.EEPROM_ByteWrite)
    i.EEPROM_Init                            0x080003c4   Section        0  eeprom_lib.o(i.EEPROM_Init)
    i.EEPROM_PageRead                        0x080003f2   Section        0  eeprom_lib.o(i.EEPROM_PageRead)
    i.EEPROM_PageWrite                       0x08000422   Section        0  eeprom_lib.o(i.EEPROM_PageWrite)
    i.Error_Handler                          0x08000452   Section        0  main.o(i.Error_Handler)
    i.FATFS_LinkDriver                       0x08000456   Section        0  ff_gen_drv.o(i.FATFS_LinkDriver)
    i.FATFS_LinkDriverEx                     0x0800045c   Section        0  ff_gen_drv.o(i.FATFS_LinkDriverEx)
    i.Get_command                            0x0800049c   Section        0  rs232_driver.o(i.Get_command)
    i.HAL_DMA_IRQHandler                     0x08000670   Section        0  stm32f1xx_hal_dma.o(i.HAL_DMA_IRQHandler)
    i.HAL_DMA_Init                           0x080007c4   Section        0  stm32f1xx_hal_dma.o(i.HAL_DMA_Init)
    i.HAL_DMA_Start_IT                       0x08000820   Section        0  stm32f1xx_hal_dma.o(i.HAL_DMA_Start_IT)
    i.HAL_Delay                              0x08000890   Section        0  stm32f1xx_hal.o(i.HAL_Delay)
    i.HAL_GPIO_Init                          0x080008b4   Section        0  stm32f1xx_hal_gpio.o(i.HAL_GPIO_Init)
    i.HAL_GPIO_WritePin                      0x08000a94   Section        0  stm32f1xx_hal_gpio.o(i.HAL_GPIO_WritePin)
    i.HAL_GetTick                            0x08000aa0   Section        0  stm32f1xx_hal.o(i.HAL_GetTick)
    i.HAL_I2C_Init                           0x08000aac   Section        0  stm32f1xx_hal_i2c.o(i.HAL_I2C_Init)
    i.HAL_I2C_Mem_Read                       0x08000c34   Section        0  stm32f1xx_hal_i2c.o(i.HAL_I2C_Mem_Read)
    i.HAL_I2C_Mem_Write                      0x08000e84   Section        0  stm32f1xx_hal_i2c.o(i.HAL_I2C_Mem_Write)
    i.HAL_I2C_MspInit                        0x08000fb4   Section        0  stm32f1xx_hal_msp.o(i.HAL_I2C_MspInit)
    i.HAL_IncTick                            0x08001024   Section        0  stm32f1xx_hal.o(i.HAL_IncTick)
    i.HAL_Init                               0x08001034   Section        0  stm32f1xx_hal.o(i.HAL_Init)
    i.HAL_InitTick                           0x08001058   Section        0  stm32f1xx_hal.o(i.HAL_InitTick)
    i.HAL_MspInit                            0x08001098   Section        0  stm32f1xx_hal_msp.o(i.HAL_MspInit)
    i.HAL_NVIC_EnableIRQ                     0x080010d4   Section        0  stm32f1xx_hal_cortex.o(i.HAL_NVIC_EnableIRQ)
    i.HAL_NVIC_SetPriority                   0x080010f0   Section        0  stm32f1xx_hal_cortex.o(i.HAL_NVIC_SetPriority)
    i.HAL_NVIC_SetPriorityGrouping           0x08001130   Section        0  stm32f1xx_hal_cortex.o(i.HAL_NVIC_SetPriorityGrouping)
    i.HAL_RCC_CSSCallback                    0x08001154   Section        0  stm32f1xx_hal_rcc.o(i.HAL_RCC_CSSCallback)
    i.HAL_RCC_ClockConfig                    0x08001158   Section        0  stm32f1xx_hal_rcc.o(i.HAL_RCC_ClockConfig)
    i.HAL_RCC_EnableCSS                      0x08001284   Section        0  stm32f1xx_hal_rcc.o(i.HAL_RCC_EnableCSS)
    i.HAL_RCC_GetPCLK1Freq                   0x08001290   Section        0  stm32f1xx_hal_rcc.o(i.HAL_RCC_GetPCLK1Freq)
    i.HAL_RCC_GetPCLK2Freq                   0x080012b0   Section        0  stm32f1xx_hal_rcc.o(i.HAL_RCC_GetPCLK2Freq)
    i.HAL_RCC_GetSysClockFreq                0x080012d0   Section        0  stm32f1xx_hal_rcc.o(i.HAL_RCC_GetSysClockFreq)
    i.HAL_RCC_NMI_IRQHandler                 0x0800131c   Section        0  stm32f1xx_hal_rcc.o(i.HAL_RCC_NMI_IRQHandler)
    i.HAL_RCC_OscConfig                      0x08001334   Section        0  stm32f1xx_hal_rcc.o(i.HAL_RCC_OscConfig)
    i.HAL_SPI_Init                           0x08001654   Section        0  stm32f1xx_hal_spi.o(i.HAL_SPI_Init)
    i.HAL_SPI_MspInit                        0x08001708   Section        0  stm32f1xx_hal_msp.o(i.HAL_SPI_MspInit)
    i.HAL_SPI_Transmit                       0x08001778   Section        0  stm32f1xx_hal_spi.o(i.HAL_SPI_Transmit)
    i.HAL_SPI_TransmitReceive                0x080018e6   Section        0  stm32f1xx_hal_spi.o(i.HAL_SPI_TransmitReceive)
    i.HAL_SYSTICK_Config                     0x08001ad4   Section        0  stm32f1xx_hal_cortex.o(i.HAL_SYSTICK_Config)
    i.HAL_TIMEx_BreakCallback                0x08001afc   Section        0  stm32f1xx_hal_tim_ex.o(i.HAL_TIMEx_BreakCallback)
    i.HAL_TIMEx_CommutCallback               0x08001afe   Section        0  stm32f1xx_hal_tim_ex.o(i.HAL_TIMEx_CommutCallback)
    i.HAL_TIMEx_MasterConfigSynchronization  0x08001b00   Section        0  stm32f1xx_hal_tim_ex.o(i.HAL_TIMEx_MasterConfigSynchronization)
    i.HAL_TIM_Encoder_Init                   0x08001b68   Section        0  stm32f1xx_hal_tim.o(i.HAL_TIM_Encoder_Init)
    i.HAL_TIM_Encoder_MspInit                0x08001c0c   Section        0  stm32f1xx_hal_msp.o(i.HAL_TIM_Encoder_MspInit)
    i.HAL_TIM_IC_CaptureCallback             0x08001c6c   Section        0  stm32f1xx_hal_tim.o(i.HAL_TIM_IC_CaptureCallback)
    i.HAL_TIM_IRQHandler                     0x08001c6e   Section        0  stm32f1xx_hal_tim.o(i.HAL_TIM_IRQHandler)
    i.HAL_TIM_OC_DelayElapsedCallback        0x08001dd4   Section        0  stm32f1xx_hal_tim.o(i.HAL_TIM_OC_DelayElapsedCallback)
    i.HAL_TIM_PWM_PulseFinishedCallback      0x08001dd6   Section        0  stm32f1xx_hal_tim.o(i.HAL_TIM_PWM_PulseFinishedCallback)
    i.HAL_TIM_PeriodElapsedCallback          0x08001dd8   Section        0  stm32f1xx_hal_tim.o(i.HAL_TIM_PeriodElapsedCallback)
    i.HAL_TIM_TriggerCallback                0x08001dda   Section        0  stm32f1xx_hal_tim.o(i.HAL_TIM_TriggerCallback)
    i.HAL_UARTEx_RxEventCallback             0x08001ddc   Section        0  stm32f1xx_hal_uart.o(i.HAL_UARTEx_RxEventCallback)
    i.HAL_UART_ErrorCallback                 0x08001dde   Section        0  stm32f1xx_hal_uart.o(i.HAL_UART_ErrorCallback)
    i.HAL_UART_GetError                      0x08001de0   Section        0  stm32f1xx_hal_uart.o(i.HAL_UART_GetError)
    i.HAL_UART_GetState                      0x08001de4   Section        0  stm32f1xx_hal_uart.o(i.HAL_UART_GetState)
    i.HAL_UART_Init                          0x08001dee   Section        0  stm32f1xx_hal_uart.o(i.HAL_UART_Init)
    i.HAL_UART_MspInit                       0x08001e54   Section        0  stm32f1xx_hal_msp.o(i.HAL_UART_MspInit)
    i.HAL_UART_Receive_DMA                   0x08001f08   Section        0  stm32f1xx_hal_uart.o(i.HAL_UART_Receive_DMA)
    i.HAL_UART_RxCpltCallback                0x08001f24   Section        0  main.o(i.HAL_UART_RxCpltCallback)
    i.HAL_UART_RxHalfCpltCallback            0x08001f3c   Section        0  stm32f1xx_hal_uart.o(i.HAL_UART_RxHalfCpltCallback)
    i.HardFault_Handler                      0x08001f3e   Section        0  stm32f1xx_it.o(i.HardFault_Handler)
    i.I2C_IsAcknowledgeFailed                0x08001f40   Section        0  stm32f1xx_hal_i2c.o(i.I2C_IsAcknowledgeFailed)
    I2C_IsAcknowledgeFailed                  0x08001f41   Thumb Code    46  stm32f1xx_hal_i2c.o(i.I2C_IsAcknowledgeFailed)
    i.I2C_RequestMemoryRead                  0x08001f70   Section        0  stm32f1xx_hal_i2c.o(i.I2C_RequestMemoryRead)
    I2C_RequestMemoryRead                    0x08001f71   Thumb Code   246  stm32f1xx_hal_i2c.o(i.I2C_RequestMemoryRead)
    i.I2C_RequestMemoryWrite                 0x0800206c   Section        0  stm32f1xx_hal_i2c.o(i.I2C_RequestMemoryWrite)
    I2C_RequestMemoryWrite                   0x0800206d   Thumb Code   162  stm32f1xx_hal_i2c.o(i.I2C_RequestMemoryWrite)
    i.I2C_WaitOnBTFFlagUntilTimeout          0x08002114   Section        0  stm32f1xx_hal_i2c.o(i.I2C_WaitOnBTFFlagUntilTimeout)
    I2C_WaitOnBTFFlagUntilTimeout            0x08002115   Thumb Code    86  stm32f1xx_hal_i2c.o(i.I2C_WaitOnBTFFlagUntilTimeout)
    i.I2C_WaitOnFlagUntilTimeout             0x0800216c   Section        0  stm32f1xx_hal_i2c.o(i.I2C_WaitOnFlagUntilTimeout)
    I2C_WaitOnFlagUntilTimeout               0x0800216d   Thumb Code   144  stm32f1xx_hal_i2c.o(i.I2C_WaitOnFlagUntilTimeout)
    i.I2C_WaitOnMasterAddressFlagUntilTimeout 0x080021fc   Section        0  stm32f1xx_hal_i2c.o(i.I2C_WaitOnMasterAddressFlagUntilTimeout)
    I2C_WaitOnMasterAddressFlagUntilTimeout  0x080021fd   Thumb Code   188  stm32f1xx_hal_i2c.o(i.I2C_WaitOnMasterAddressFlagUntilTimeout)
    i.I2C_WaitOnRXNEFlagUntilTimeout         0x080022b8   Section        0  stm32f1xx_hal_i2c.o(i.I2C_WaitOnRXNEFlagUntilTimeout)
    I2C_WaitOnRXNEFlagUntilTimeout           0x080022b9   Thumb Code   112  stm32f1xx_hal_i2c.o(i.I2C_WaitOnRXNEFlagUntilTimeout)
    i.I2C_WaitOnTXEFlagUntilTimeout          0x08002328   Section        0  stm32f1xx_hal_i2c.o(i.I2C_WaitOnTXEFlagUntilTimeout)
    I2C_WaitOnTXEFlagUntilTimeout            0x08002329   Thumb Code    86  stm32f1xx_hal_i2c.o(i.I2C_WaitOnTXEFlagUntilTimeout)
    i.MX_FATFS_Init                          0x08002380   Section        0  fatfs.o(i.MX_FATFS_Init)
    i.MX_GPIO_Init                           0x0800239c   Section        0  main.o(i.MX_GPIO_Init)
    MX_GPIO_Init                             0x0800239d   Thumb Code   196  main.o(i.MX_GPIO_Init)
    i.MX_SPI1_Init                           0x08002470   Section        0  main.o(i.MX_SPI1_Init)
    MX_SPI1_Init                             0x08002471   Thumb Code    58  main.o(i.MX_SPI1_Init)
    i.MX_TIM2_Init                           0x080024b4   Section        0  main.o(i.MX_TIM2_Init)
    MX_TIM2_Init                             0x080024b5   Thumb Code    98  main.o(i.MX_TIM2_Init)
    i.MemManage_Handler                      0x0800251c   Section        0  stm32f1xx_it.o(i.MemManage_Handler)
    i.NMI_Handler                            0x0800251e   Section        0  stm32f1xx_it.o(i.NMI_Handler)
    i.PendSV_Handler                         0x08002524   Section        0  stm32f1xx_it.o(i.PendSV_Handler)
    i.RS232_Init                             0x08002528   Section        0  rs232_driver.o(i.RS232_Init)
    i.Read_WeldingPoint_Angle                0x08002534   Section        0  main.o(i.Read_WeldingPoint_Angle)
    i.Read_WeldingPoint_Pattern              0x08002608   Section        0  main.o(i.Read_WeldingPoint_Pattern)
    i.Read_WeldingPoint_Position             0x08002630   Section        0  main.o(i.Read_WeldingPoint_Position)
    i.SDTimer_Handler                        0x080026b8   Section        0  stm32f1xx_it.o(i.SDTimer_Handler)
    i.SD_PowerOn                             0x080026d8   Section        0  fatfs_sd.o(i.SD_PowerOn)
    SD_PowerOn                               0x080026d9   Thumb Code   106  fatfs_sd.o(i.SD_PowerOn)
    i.SD_ReadyWait                           0x08002748   Section        0  fatfs_sd.o(i.SD_ReadyWait)
    SD_ReadyWait                             0x08002749   Thumb Code    28  fatfs_sd.o(i.SD_ReadyWait)
    i.SD_RxDataBlock                         0x08002768   Section        0  fatfs_sd.o(i.SD_RxDataBlock)
    SD_RxDataBlock                           0x08002769   Thumb Code    62  fatfs_sd.o(i.SD_RxDataBlock)
    i.SD_SendCmd                             0x080027ac   Section        0  fatfs_sd.o(i.SD_SendCmd)
    SD_SendCmd                               0x080027ad   Thumb Code   110  fatfs_sd.o(i.SD_SendCmd)
    i.SD_TxDataBlock                         0x0800281a   Section        0  fatfs_sd.o(i.SD_TxDataBlock)
    SD_TxDataBlock                           0x0800281b   Thumb Code    90  fatfs_sd.o(i.SD_TxDataBlock)
    i.SD_disk_initialize                     0x08002874   Section        0  fatfs_sd.o(i.SD_disk_initialize)
    i.SD_disk_ioctl                          0x080029a4   Section        0  fatfs_sd.o(i.SD_disk_ioctl)
    i.SD_disk_read                           0x08002ae4   Section        0  fatfs_sd.o(i.SD_disk_read)
    i.SD_disk_status                         0x08002b7c   Section        0  fatfs_sd.o(i.SD_disk_status)
    i.SD_disk_write                          0x08002b8c   Section        0  fatfs_sd.o(i.SD_disk_write)
    i.SELECT                                 0x08002c44   Section        0  fatfs_sd.o(i.SELECT)
    SELECT                                   0x08002c45   Thumb Code    22  fatfs_sd.o(i.SELECT)
    i.SPI_EndRxTxTransaction                 0x08002c60   Section        0  stm32f1xx_hal_spi.o(i.SPI_EndRxTxTransaction)
    SPI_EndRxTxTransaction                   0x08002c61   Thumb Code    32  stm32f1xx_hal_spi.o(i.SPI_EndRxTxTransaction)
    i.SPI_RxByte                             0x08002c80   Section        0  fatfs_sd.o(i.SPI_RxByte)
    SPI_RxByte                               0x08002c81   Thumb Code    40  fatfs_sd.o(i.SPI_RxByte)
    i.SPI_TxBuffer                           0x08002cac   Section        0  fatfs_sd.o(i.SPI_TxBuffer)
    SPI_TxBuffer                             0x08002cad   Thumb Code    22  fatfs_sd.o(i.SPI_TxBuffer)
    i.SPI_TxByte                             0x08002cc8   Section        0  fatfs_sd.o(i.SPI_TxByte)
    SPI_TxByte                               0x08002cc9   Thumb Code    26  fatfs_sd.o(i.SPI_TxByte)
    i.SPI_WaitFlagStateUntilTimeout          0x08002ce8   Section        0  stm32f1xx_hal_spi.o(i.SPI_WaitFlagStateUntilTimeout)
    SPI_WaitFlagStateUntilTimeout            0x08002ce9   Thumb Code   180  stm32f1xx_hal_spi.o(i.SPI_WaitFlagStateUntilTimeout)
    i.SVC_Handler                            0x08002da0   Section        0  stm32f1xx_it.o(i.SVC_Handler)
    i.Save_WeldingPoint_Angle                0x08002da4   Section        0  main.o(i.Save_WeldingPoint_Angle)
    i.Save_WeldingPoint_Pattern              0x08002df4   Section        0  main.o(i.Save_WeldingPoint_Pattern)
    i.Save_WeldingPoint_Position             0x08002e0c   Section        0  main.o(i.Save_WeldingPoint_Position)
    i.Start_get_command                      0x08002e5c   Section        0  rs232_driver.o(i.Start_get_command)
    i.SysTick_Handler                        0x08002e70   Section        0  stm32f1xx_it.o(i.SysTick_Handler)
    i.SystemClock_Config                     0x08002e94   Section        0  main.o(i.SystemClock_Config)
    i.SystemInit                             0x08002ef4   Section        0  system_stm32f1xx.o(i.SystemInit)
    i.TIM2_IRQHandler                        0x08002ef8   Section        0  stm32f1xx_it.o(i.TIM2_IRQHandler)
    i.TIM_Base_SetConfig                     0x08002f04   Section        0  stm32f1xx_hal_tim.o(i.TIM_Base_SetConfig)
    i.UART_DMAError                          0x08002f70   Section        0  stm32f1xx_hal_uart.o(i.UART_DMAError)
    UART_DMAError                            0x08002f71   Thumb Code    74  stm32f1xx_hal_uart.o(i.UART_DMAError)
    i.UART_DMAReceiveCplt                    0x08002fba   Section        0  stm32f1xx_hal_uart.o(i.UART_DMAReceiveCplt)
    UART_DMAReceiveCplt                      0x08002fbb   Thumb Code   134  stm32f1xx_hal_uart.o(i.UART_DMAReceiveCplt)
    i.UART_DMARxHalfCplt                     0x08003040   Section        0  stm32f1xx_hal_uart.o(i.UART_DMARxHalfCplt)
    UART_DMARxHalfCplt                       0x08003041   Thumb Code    30  stm32f1xx_hal_uart.o(i.UART_DMARxHalfCplt)
    i.UART_EndRxTransfer                     0x0800305e   Section        0  stm32f1xx_hal_uart.o(i.UART_EndRxTransfer)
    UART_EndRxTransfer                       0x0800305f   Thumb Code    78  stm32f1xx_hal_uart.o(i.UART_EndRxTransfer)
    i.UART_EndTxTransfer                     0x080030ac   Section        0  stm32f1xx_hal_uart.o(i.UART_EndTxTransfer)
    UART_EndTxTransfer                       0x080030ad   Thumb Code    28  stm32f1xx_hal_uart.o(i.UART_EndTxTransfer)
    i.UART_SetConfig                         0x080030c8   Section        0  stm32f1xx_hal_uart.o(i.UART_SetConfig)
    UART_SetConfig                           0x080030c9   Thumb Code   178  stm32f1xx_hal_uart.o(i.UART_SetConfig)
    i.UART_Start_Receive_DMA                 0x08003180   Section        0  stm32f1xx_hal_uart.o(i.UART_Start_Receive_DMA)
    i.USER_initialize                        0x08003210   Section        0  user_diskio.o(i.USER_initialize)
    i.USER_ioctl                             0x08003214   Section        0  user_diskio.o(i.USER_ioctl)
    i.USER_read                              0x08003218   Section        0  user_diskio.o(i.USER_read)
    i.USER_status                            0x0800321c   Section        0  user_diskio.o(i.USER_status)
    i.USER_write                             0x08003220   Section        0  user_diskio.o(i.USER_write)
    i.UsageFault_Handler                     0x08003224   Section        0  stm32f1xx_it.o(i.UsageFault_Handler)
    i.__NVIC_SetPriority                     0x08003226   Section        0  stm32f1xx_hal_cortex.o(i.__NVIC_SetPriority)
    __NVIC_SetPriority                       0x08003227   Thumb Code    32  stm32f1xx_hal_cortex.o(i.__NVIC_SetPriority)
    i.check_error                            0x08003248   Section        0  rs232_driver.o(i.check_error)
    i.check_state                            0x08003254   Section        0  rs232_driver.o(i.check_state)
    i.main                                   0x08003260   Section        0  main.o(i.main)
    .constdata                               0x080034b0   Section      144  main.o(.constdata)
    .constdata                               0x08003540   Section       18  stm32f1xx_hal_rcc.o(.constdata)
    aPredivFactorTable                       0x08003540   Data           2  stm32f1xx_hal_rcc.o(.constdata)
    aPLLMULFactorTable                       0x08003542   Data          16  stm32f1xx_hal_rcc.o(.constdata)
    .constdata                               0x08003552   Section       16  system_stm32f1xx.o(.constdata)
    .constdata                               0x08003562   Section        8  system_stm32f1xx.o(.constdata)
    .data                                    0x20000000   Section       84  main.o(.data)
    .data                                    0x20000054   Section        3  stm32f1xx_it.o(.data)
    .data                                    0x20000058   Section        4  rs232_driver.o(.data)
    huart                                    0x20000058   Data           4  rs232_driver.o(.data)
    .data                                    0x2000005c   Section        8  fatfs_sd.o(.data)
    Stat                                     0x2000005c   Data           1  fatfs_sd.o(.data)
    PowerFlag                                0x2000005d   Data           1  fatfs_sd.o(.data)
    CardType                                 0x2000005e   Data           1  fatfs_sd.o(.data)
    .data                                    0x20000064   Section       12  stm32f1xx_hal.o(.data)
    .data                                    0x20000070   Section        4  system_stm32f1xx.o(.data)
    .data                                    0x20000074   Section       20  user_diskio.o(.data)
    .data                                    0x20000088   Section        5  fatfs.o(.data)
    .bss                                     0x20000090   Section     1016  main.o(.bss)
    .bss                                     0x20000488   Section       68  main.o(.bss)
    .bss                                     0x200004cc   Section      100  rs232_driver.o(.bss)
    get_buff                                 0x200004cc   Data         100  rs232_driver.o(.bss)
    .bss                                     0x20000530   Section       12  ff_gen_drv.o(.bss)
    .bss                                     0x2000053c   Section       96  libspace.o(.bss)
    HEAP                                     0x200005a0   Section      512  startup_stm32f103xb.o(HEAP)
    Heap_Mem                                 0x200005a0   Data         512  startup_stm32f103xb.o(HEAP)
    STACK                                    0x200007a0   Section     1024  startup_stm32f103xb.o(STACK)
    Stack_Mem                                0x200007a0   Data        1024  startup_stm32f103xb.o(STACK)
    __initial_sp                             0x20000ba0   Data           0  startup_stm32f103xb.o(STACK)

    Global Symbols

    Symbol Name                              Value     Ov Type        Size  Object(Section)

    BuildAttributes$$THM_ISAv4$P$D$K$B$S$PE$A:L22UL41UL21$X:L11$S22US41US21$IEEE1$IW$USESV6$~STKCKD$USESV7$~SHL$OTIME$ROPI$EBA8$UX$STANDARDLIB$REQ8$PRES8$EABIv2 0x00000000   Number         0  anon$$obj.o ABSOLUTE
    __ARM_use_no_argv                        0x00000000   Number         0  main.o ABSOLUTE
    __ARM_exceptions_init                     - Undefined Weak Reference
    __alloca_initialize                       - Undefined Weak Reference
    __arm_fini_                               - Undefined Weak Reference
    __arm_preinit_                            - Undefined Weak Reference
    __cpp_initialize__aeabi_                  - Undefined Weak Reference
    __cxa_finalize                            - Undefined Weak Reference
    __rt_locale                               - Undefined Weak Reference
    __sigvec_lookup                           - Undefined Weak Reference
    __user_heap_extent                        - Undefined Weak Reference
    _atexit_init                              - Undefined Weak Reference
    _call_atexit_fns                          - Undefined Weak Reference
    _clock_init                               - Undefined Weak Reference
    _fp_trap_init                             - Undefined Weak Reference
    _fp_trap_shutdown                         - Undefined Weak Reference
    _get_lc_collate                           - Undefined Weak Reference
    _get_lc_ctype                             - Undefined Weak Reference
    _get_lc_monetary                          - Undefined Weak Reference
    _get_lc_numeric                           - Undefined Weak Reference
    _get_lc_time                              - Undefined Weak Reference
    _getenv_init                              - Undefined Weak Reference
    _handle_redirection                       - Undefined Weak Reference
    _initio                                   - Undefined Weak Reference
    _mutex_acquire                            - Undefined Weak Reference
    _mutex_free                               - Undefined Weak Reference
    _mutex_release                            - Undefined Weak Reference
    _rand_init                                - Undefined Weak Reference
    _signal_finish                            - Undefined Weak Reference
    _signal_init                              - Undefined Weak Reference
    _terminateio                              - Undefined Weak Reference
    __Vectors_Size                           0x000000ec   Number         0  startup_stm32f103xb.o ABSOLUTE
    __Vectors                                0x08000000   Data           4  startup_stm32f103xb.o(RESET)
    __Vectors_End                            0x080000ec   Data           0  startup_stm32f103xb.o(RESET)
    __main                                   0x080000ed   Thumb Code     8  __main.o(!!!main)
    __scatterload                            0x080000f5   Thumb Code     0  __scatter.o(!!!scatter)
    __scatterload_rt2                        0x080000f5   Thumb Code    44  __scatter.o(!!!scatter)
    __scatterload_rt2_thumb_only             0x080000f5   Thumb Code     0  __scatter.o(!!!scatter)
    __scatterload_null                       0x08000103   Thumb Code     0  __scatter.o(!!!scatter)
    __scatterload_copy                       0x08000129   Thumb Code    26  __scatter_copy.o(!!handler_copy)
    __scatterload_zeroinit                   0x08000145   Thumb Code    28  __scatter_zi.o(!!handler_zi)
    __rt_lib_init                            0x08000161   Thumb Code     0  libinit.o(.ARM.Collect$$libinit$$00000000)
    __rt_lib_init_alloca_1                   0x08000163   Thumb Code     0  libinit2.o(.ARM.Collect$$libinit$$0000002E)
    __rt_lib_init_argv_1                     0x08000163   Thumb Code     0  libinit2.o(.ARM.Collect$$libinit$$0000002C)
    __rt_lib_init_atexit_1                   0x08000163   Thumb Code     0  libinit2.o(.ARM.Collect$$libinit$$0000001B)
    __rt_lib_init_clock_1                    0x08000163   Thumb Code     0  libinit2.o(.ARM.Collect$$libinit$$00000021)
    __rt_lib_init_cpp_1                      0x08000163   Thumb Code     0  libinit2.o(.ARM.Collect$$libinit$$00000032)
    __rt_lib_init_exceptions_1               0x08000163   Thumb Code     0  libinit2.o(.ARM.Collect$$libinit$$00000030)
    __rt_lib_init_fp_1                       0x08000163   Thumb Code     0  libinit2.o(.ARM.Collect$$libinit$$00000002)
    __rt_lib_init_fp_trap_1                  0x08000163   Thumb Code     0  libinit2.o(.ARM.Collect$$libinit$$0000001F)
    __rt_lib_init_getenv_1                   0x08000163   Thumb Code     0  libinit2.o(.ARM.Collect$$libinit$$00000023)
    __rt_lib_init_heap_1                     0x08000163   Thumb Code     0  libinit2.o(.ARM.Collect$$libinit$$0000000A)
    __rt_lib_init_lc_collate_1               0x08000163   Thumb Code     0  libinit2.o(.ARM.Collect$$libinit$$00000011)
    __rt_lib_init_lc_ctype_1                 0x08000163   Thumb Code     0  libinit2.o(.ARM.Collect$$libinit$$00000013)
    __rt_lib_init_lc_monetary_1              0x08000163   Thumb Code     0  libinit2.o(.ARM.Collect$$libinit$$00000015)
    __rt_lib_init_lc_numeric_1               0x08000163   Thumb Code     0  libinit2.o(.ARM.Collect$$libinit$$00000017)
    __rt_lib_init_lc_time_1                  0x08000163   Thumb Code     0  libinit2.o(.ARM.Collect$$libinit$$00000019)
    __rt_lib_init_preinit_1                  0x08000163   Thumb Code     0  libinit2.o(.ARM.Collect$$libinit$$00000004)
    __rt_lib_init_rand_1                     0x08000163   Thumb Code     0  libinit2.o(.ARM.Collect$$libinit$$0000000E)
    __rt_lib_init_return                     0x08000163   Thumb Code     0  libinit2.o(.ARM.Collect$$libinit$$00000033)
    __rt_lib_init_signal_1                   0x08000163   Thumb Code     0  libinit2.o(.ARM.Collect$$libinit$$0000001D)
    __rt_lib_init_stdio_1                    0x08000163   Thumb Code     0  libinit2.o(.ARM.Collect$$libinit$$00000025)
    __rt_lib_init_user_alloc_1               0x08000163   Thumb Code     0  libinit2.o(.ARM.Collect$$libinit$$0000000C)
    __rt_lib_shutdown                        0x08000165   Thumb Code     0  libshutdown.o(.ARM.Collect$$libshutdown$$00000000)
    __rt_lib_shutdown_cpp_1                  0x08000167   Thumb Code     0  libshutdown2.o(.ARM.Collect$$libshutdown$$00000004)
    __rt_lib_shutdown_fini_1                 0x08000167   Thumb Code     0  libshutdown2.o(.ARM.Collect$$libshutdown$$00000002)
    __rt_lib_shutdown_fp_trap_1              0x08000167   Thumb Code     0  libshutdown2.o(.ARM.Collect$$libshutdown$$00000009)
    __rt_lib_shutdown_heap_1                 0x08000167   Thumb Code     0  libshutdown2.o(.ARM.Collect$$libshutdown$$00000011)
    __rt_lib_shutdown_return                 0x08000167   Thumb Code     0  libshutdown2.o(.ARM.Collect$$libshutdown$$00000012)
    __rt_lib_shutdown_signal_1               0x08000167   Thumb Code     0  libshutdown2.o(.ARM.Collect$$libshutdown$$0000000C)
    __rt_lib_shutdown_stdio_1                0x08000167   Thumb Code     0  libshutdown2.o(.ARM.Collect$$libshutdown$$00000006)
    __rt_lib_shutdown_user_alloc_1           0x08000167   Thumb Code     0  libshutdown2.o(.ARM.Collect$$libshutdown$$0000000E)
    __rt_entry                               0x08000169   Thumb Code     0  __rtentry.o(.ARM.Collect$$rtentry$$00000000)
    __rt_entry_presh_1                       0x08000169   Thumb Code     0  __rtentry2.o(.ARM.Collect$$rtentry$$00000002)
    __rt_entry_sh                            0x08000169   Thumb Code     0  __rtentry4.o(.ARM.Collect$$rtentry$$00000004)
    __rt_entry_li                            0x0800016f   Thumb Code     0  __rtentry2.o(.ARM.Collect$$rtentry$$0000000A)
    __rt_entry_postsh_1                      0x0800016f   Thumb Code     0  __rtentry2.o(.ARM.Collect$$rtentry$$00000009)
    __rt_entry_main                          0x08000173   Thumb Code     0  __rtentry2.o(.ARM.Collect$$rtentry$$0000000D)
    __rt_entry_postli_1                      0x08000173   Thumb Code     0  __rtentry2.o(.ARM.Collect$$rtentry$$0000000C)
    __rt_exit                                0x0800017b   Thumb Code     0  rtexit.o(.ARM.Collect$$rtexit$$00000000)
    __rt_exit_ls                             0x0800017d   Thumb Code     0  rtexit2.o(.ARM.Collect$$rtexit$$00000003)
    __rt_exit_prels_1                        0x0800017d   Thumb Code     0  rtexit2.o(.ARM.Collect$$rtexit$$00000002)
    __rt_exit_exit                           0x08000181   Thumb Code     0  rtexit2.o(.ARM.Collect$$rtexit$$00000004)
    Reset_Handler                            0x08000189   Thumb Code     8  startup_stm32f103xb.o(.text)
    ADC1_2_IRQHandler                        0x080001a3   Thumb Code     0  startup_stm32f103xb.o(.text)
    CAN1_RX1_IRQHandler                      0x080001a3   Thumb Code     0  startup_stm32f103xb.o(.text)
    CAN1_SCE_IRQHandler                      0x080001a3   Thumb Code     0  startup_stm32f103xb.o(.text)
    DMA1_Channel1_IRQHandler                 0x080001a3   Thumb Code     0  startup_stm32f103xb.o(.text)
    DMA1_Channel2_IRQHandler                 0x080001a3   Thumb Code     0  startup_stm32f103xb.o(.text)
    DMA1_Channel3_IRQHandler                 0x080001a3   Thumb Code     0  startup_stm32f103xb.o(.text)
    DMA1_Channel4_IRQHandler                 0x080001a3   Thumb Code     0  startup_stm32f103xb.o(.text)
    DMA1_Channel6_IRQHandler                 0x080001a3   Thumb Code     0  startup_stm32f103xb.o(.text)
    DMA1_Channel7_IRQHandler                 0x080001a3   Thumb Code     0  startup_stm32f103xb.o(.text)
    EXTI0_IRQHandler                         0x080001a3   Thumb Code     0  startup_stm32f103xb.o(.text)
    EXTI15_10_IRQHandler                     0x080001a3   Thumb Code     0  startup_stm32f103xb.o(.text)
    EXTI1_IRQHandler                         0x080001a3   Thumb Code     0  startup_stm32f103xb.o(.text)
    EXTI2_IRQHandler                         0x080001a3   Thumb Code     0  startup_stm32f103xb.o(.text)
    EXTI3_IRQHandler                         0x080001a3   Thumb Code     0  startup_stm32f103xb.o(.text)
    EXTI4_IRQHandler                         0x080001a3   Thumb Code     0  startup_stm32f103xb.o(.text)
    EXTI9_5_IRQHandler                       0x080001a3   Thumb Code     0  startup_stm32f103xb.o(.text)
    FLASH_IRQHandler                         0x080001a3   Thumb Code     0  startup_stm32f103xb.o(.text)
    I2C1_ER_IRQHandler                       0x080001a3   Thumb Code     0  startup_stm32f103xb.o(.text)
    I2C1_EV_IRQHandler                       0x080001a3   Thumb Code     0  startup_stm32f103xb.o(.text)
    I2C2_ER_IRQHandler                       0x080001a3   Thumb Code     0  startup_stm32f103xb.o(.text)
    I2C2_EV_IRQHandler                       0x080001a3   Thumb Code     0  startup_stm32f103xb.o(.text)
    PVD_IRQHandler                           0x080001a3   Thumb Code     0  startup_stm32f103xb.o(.text)
    RCC_IRQHandler                           0x080001a3   Thumb Code     0  startup_stm32f103xb.o(.text)
    RTC_Alarm_IRQHandler                     0x080001a3   Thumb Code     0  startup_stm32f103xb.o(.text)
    RTC_IRQHandler                           0x080001a3   Thumb Code     0  startup_stm32f103xb.o(.text)
    SPI1_IRQHandler                          0x080001a3   Thumb Code     0  startup_stm32f103xb.o(.text)
    SPI2_IRQHandler                          0x080001a3   Thumb Code     0  startup_stm32f103xb.o(.text)
    TAMPER_IRQHandler                        0x080001a3   Thumb Code     0  startup_stm32f103xb.o(.text)
    TIM1_BRK_IRQHandler                      0x080001a3   Thumb Code     0  startup_stm32f103xb.o(.text)
    TIM1_CC_IRQHandler                       0x080001a3   Thumb Code     0  startup_stm32f103xb.o(.text)
    TIM1_TRG_COM_IRQHandler                  0x080001a3   Thumb Code     0  startup_stm32f103xb.o(.text)
    TIM1_UP_IRQHandler                       0x080001a3   Thumb Code     0  startup_stm32f103xb.o(.text)
    TIM3_IRQHandler                          0x080001a3   Thumb Code     0  startup_stm32f103xb.o(.text)
    TIM4_IRQHandler                          0x080001a3   Thumb Code     0  startup_stm32f103xb.o(.text)
    USART1_IRQHandler                        0x080001a3   Thumb Code     0  startup_stm32f103xb.o(.text)
    USART2_IRQHandler                        0x080001a3   Thumb Code     0  startup_stm32f103xb.o(.text)
    USART3_IRQHandler                        0x080001a3   Thumb Code     0  startup_stm32f103xb.o(.text)
    USBWakeUp_IRQHandler                     0x080001a3   Thumb Code     0  startup_stm32f103xb.o(.text)
    USB_HP_CAN1_TX_IRQHandler                0x080001a3   Thumb Code     0  startup_stm32f103xb.o(.text)
    USB_LP_CAN1_RX0_IRQHandler               0x080001a3   Thumb Code     0  startup_stm32f103xb.o(.text)
    WWDG_IRQHandler                          0x080001a3   Thumb Code     0  startup_stm32f103xb.o(.text)
    __user_initial_stackheap                 0x080001a5   Thumb Code     0  startup_stm32f103xb.o(.text)
    __aeabi_memcpy4                          0x080001c9   Thumb Code     0  rt_memcpy_w.o(.text)
    __aeabi_memcpy8                          0x080001c9   Thumb Code     0  rt_memcpy_w.o(.text)
    __rt_memcpy_w                            0x080001c9   Thumb Code   100  rt_memcpy_w.o(.text)
    _memcpy_lastbytes_aligned                0x08000211   Thumb Code     0  rt_memcpy_w.o(.text)
    __aeabi_memclr4                          0x0800022d   Thumb Code     0  rt_memclr_w.o(.text)
    __aeabi_memclr8                          0x0800022d   Thumb Code     0  rt_memclr_w.o(.text)
    __rt_memclr_w                            0x0800022d   Thumb Code    78  rt_memclr_w.o(.text)
    _memset_w                                0x08000231   Thumb Code     0  rt_memclr_w.o(.text)
    __use_two_region_memory                  0x0800027b   Thumb Code     2  heapauxi.o(.text)
    __rt_heap_escrow                         0x0800027d   Thumb Code     2  heapauxi.o(.text)
    __rt_heap_expand                         0x0800027f   Thumb Code     2  heapauxi.o(.text)
    __user_libspace                          0x08000281   Thumb Code     8  libspace.o(.text)
    __user_perproc_libspace                  0x08000281   Thumb Code     0  libspace.o(.text)
    __user_perthread_libspace                0x08000281   Thumb Code     0  libspace.o(.text)
    __I$use$semihosting                      0x08000289   Thumb Code     0  use_no_semi.o(.text)
    __use_no_semihosting_swi                 0x08000289   Thumb Code     2  use_no_semi.o(.text)
    __semihosting_library_function           0x0800028b   Thumb Code     0  indicate_semi.o(.text)
    __user_setup_stackheap                   0x0800028b   Thumb Code    74  sys_stackheap_outer.o(.text)
    exit                                     0x080002d5   Thumb Code    18  exit.o(.text)
    _sys_exit                                0x080002e9   Thumb Code     8  sys_exit.o(.text)
    BusFault_Handler                         0x080002f5   Thumb Code     2  stm32f1xx_it.o(i.BusFault_Handler)
    DMA1_Channel5_IRQHandler                 0x08000315   Thumb Code     6  stm32f1xx_it.o(i.DMA1_Channel5_IRQHandler)
    DebugMon_Handler                         0x0800034b   Thumb Code     2  stm32f1xx_it.o(i.DebugMon_Handler)
    Driver_set_power                         0x0800034d   Thumb Code    18  tb6600_driver.o(i.Driver_set_power)
    EEPROM_ByteRead                          0x0800035f   Thumb Code    48  eeprom_lib.o(i.EEPROM_ByteRead)
    EEPROM_ByteWrite                         0x0800038f   Thumb Code    54  eeprom_lib.o(i.EEPROM_ByteWrite)
    EEPROM_Init                              0x080003c5   Thumb Code    46  eeprom_lib.o(i.EEPROM_Init)
    EEPROM_PageRead                          0x080003f3   Thumb Code    48  eeprom_lib.o(i.EEPROM_PageRead)
    EEPROM_PageWrite                         0x08000423   Thumb Code    48  eeprom_lib.o(i.EEPROM_PageWrite)
    Error_Handler                            0x08000453   Thumb Code     4  main.o(i.Error_Handler)
    FATFS_LinkDriver                         0x08000457   Thumb Code     6  ff_gen_drv.o(i.FATFS_LinkDriver)
    FATFS_LinkDriverEx                       0x0800045d   Thumb Code    60  ff_gen_drv.o(i.FATFS_LinkDriverEx)
    Get_command                              0x0800049d   Thumb Code   458  rs232_driver.o(i.Get_command)
    HAL_DMA_IRQHandler                       0x08000671   Thumb Code   316  stm32f1xx_hal_dma.o(i.HAL_DMA_IRQHandler)
    HAL_DMA_Init                             0x080007c5   Thumb Code    84  stm32f1xx_hal_dma.o(i.HAL_DMA_Init)
    HAL_DMA_Start_IT                         0x08000821   Thumb Code   112  stm32f1xx_hal_dma.o(i.HAL_DMA_Start_IT)
    HAL_Delay                                0x08000891   Thumb Code    32  stm32f1xx_hal.o(i.HAL_Delay)
    HAL_GPIO_Init                            0x080008b5   Thumb Code   446  stm32f1xx_hal_gpio.o(i.HAL_GPIO_Init)
    HAL_GPIO_WritePin                        0x08000a95   Thumb Code    10  stm32f1xx_hal_gpio.o(i.HAL_GPIO_WritePin)
    HAL_GetTick                              0x08000aa1   Thumb Code     6  stm32f1xx_hal.o(i.HAL_GetTick)
    HAL_I2C_Init                             0x08000aad   Thumb Code   376  stm32f1xx_hal_i2c.o(i.HAL_I2C_Init)
    HAL_I2C_Mem_Read                         0x08000c35   Thumb Code   574  stm32f1xx_hal_i2c.o(i.HAL_I2C_Mem_Read)
    HAL_I2C_Mem_Write                        0x08000e85   Thumb Code   294  stm32f1xx_hal_i2c.o(i.HAL_I2C_Mem_Write)
    HAL_I2C_MspInit                          0x08000fb5   Thumb Code    96  stm32f1xx_hal_msp.o(i.HAL_I2C_MspInit)
    HAL_IncTick                              0x08001025   Thumb Code    12  stm32f1xx_hal.o(i.HAL_IncTick)
    HAL_Init                                 0x08001035   Thumb Code    32  stm32f1xx_hal.o(i.HAL_Init)
    HAL_InitTick                             0x08001059   Thumb Code    54  stm32f1xx_hal.o(i.HAL_InitTick)
    HAL_MspInit                              0x08001099   Thumb Code    52  stm32f1xx_hal_msp.o(i.HAL_MspInit)
    HAL_NVIC_EnableIRQ                       0x080010d5   Thumb Code    26  stm32f1xx_hal_cortex.o(i.HAL_NVIC_EnableIRQ)
    HAL_NVIC_SetPriority                     0x080010f1   Thumb Code    60  stm32f1xx_hal_cortex.o(i.HAL_NVIC_SetPriority)
    HAL_NVIC_SetPriorityGrouping             0x08001131   Thumb Code    26  stm32f1xx_hal_cortex.o(i.HAL_NVIC_SetPriorityGrouping)
    HAL_RCC_CSSCallback                      0x08001155   Thumb Code     2  stm32f1xx_hal_rcc.o(i.HAL_RCC_CSSCallback)
    HAL_RCC_ClockConfig                      0x08001159   Thumb Code   280  stm32f1xx_hal_rcc.o(i.HAL_RCC_ClockConfig)
    HAL_RCC_EnableCSS                        0x08001285   Thumb Code     8  stm32f1xx_hal_rcc.o(i.HAL_RCC_EnableCSS)
    HAL_RCC_GetPCLK1Freq                     0x08001291   Thumb Code    20  stm32f1xx_hal_rcc.o(i.HAL_RCC_GetPCLK1Freq)
    HAL_RCC_GetPCLK2Freq                     0x080012b1   Thumb Code    20  stm32f1xx_hal_rcc.o(i.HAL_RCC_GetPCLK2Freq)
    HAL_RCC_GetSysClockFreq                  0x080012d1   Thumb Code    58  stm32f1xx_hal_rcc.o(i.HAL_RCC_GetSysClockFreq)
    HAL_RCC_NMI_IRQHandler                   0x0800131d   Thumb Code    20  stm32f1xx_hal_rcc.o(i.HAL_RCC_NMI_IRQHandler)
    HAL_RCC_OscConfig                        0x08001335   Thumb Code   778  stm32f1xx_hal_rcc.o(i.HAL_RCC_OscConfig)
    HAL_SPI_Init                             0x08001655   Thumb Code   178  stm32f1xx_hal_spi.o(i.HAL_SPI_Init)
    HAL_SPI_MspInit                          0x08001709   Thumb Code    98  stm32f1xx_hal_msp.o(i.HAL_SPI_MspInit)
    HAL_SPI_Transmit                         0x08001779   Thumb Code   366  stm32f1xx_hal_spi.o(i.HAL_SPI_Transmit)
    HAL_SPI_TransmitReceive                  0x080018e7   Thumb Code   494  stm32f1xx_hal_spi.o(i.HAL_SPI_TransmitReceive)
    HAL_SYSTICK_Config                       0x08001ad5   Thumb Code    40  stm32f1xx_hal_cortex.o(i.HAL_SYSTICK_Config)
    HAL_TIMEx_BreakCallback                  0x08001afd   Thumb Code     2  stm32f1xx_hal_tim_ex.o(i.HAL_TIMEx_BreakCallback)
    HAL_TIMEx_CommutCallback                 0x08001aff   Thumb Code     2  stm32f1xx_hal_tim_ex.o(i.HAL_TIMEx_CommutCallback)
    HAL_TIMEx_MasterConfigSynchronization    0x08001b01   Thumb Code    92  stm32f1xx_hal_tim_ex.o(i.HAL_TIMEx_MasterConfigSynchronization)
    HAL_TIM_Encoder_Init                     0x08001b69   Thumb Code   164  stm32f1xx_hal_tim.o(i.HAL_TIM_Encoder_Init)
    HAL_TIM_Encoder_MspInit                  0x08001c0d   Thumb Code    88  stm32f1xx_hal_msp.o(i.HAL_TIM_Encoder_MspInit)
    HAL_TIM_IC_CaptureCallback               0x08001c6d   Thumb Code     2  stm32f1xx_hal_tim.o(i.HAL_TIM_IC_CaptureCallback)
    HAL_TIM_IRQHandler                       0x08001c6f   Thumb Code   358  stm32f1xx_hal_tim.o(i.HAL_TIM_IRQHandler)
    HAL_TIM_OC_DelayElapsedCallback          0x08001dd5   Thumb Code     2  stm32f1xx_hal_tim.o(i.HAL_TIM_OC_DelayElapsedCallback)
    HAL_TIM_PWM_PulseFinishedCallback        0x08001dd7   Thumb Code     2  stm32f1xx_hal_tim.o(i.HAL_TIM_PWM_PulseFinishedCallback)
    HAL_TIM_PeriodElapsedCallback            0x08001dd9   Thumb Code     2  stm32f1xx_hal_tim.o(i.HAL_TIM_PeriodElapsedCallback)
    HAL_TIM_TriggerCallback                  0x08001ddb   Thumb Code     2  stm32f1xx_hal_tim.o(i.HAL_TIM_TriggerCallback)
    HAL_UARTEx_RxEventCallback               0x08001ddd   Thumb Code     2  stm32f1xx_hal_uart.o(i.HAL_UARTEx_RxEventCallback)
    HAL_UART_ErrorCallback                   0x08001ddf   Thumb Code     2  stm32f1xx_hal_uart.o(i.HAL_UART_ErrorCallback)
    HAL_UART_GetError                        0x08001de1   Thumb Code     4  stm32f1xx_hal_uart.o(i.HAL_UART_GetError)
    HAL_UART_GetState                        0x08001de5   Thumb Code    10  stm32f1xx_hal_uart.o(i.HAL_UART_GetState)
    HAL_UART_Init                            0x08001def   Thumb Code   100  stm32f1xx_hal_uart.o(i.HAL_UART_Init)
    HAL_UART_MspInit                         0x08001e55   Thumb Code   154  stm32f1xx_hal_msp.o(i.HAL_UART_MspInit)
    HAL_UART_Receive_DMA                     0x08001f09   Thumb Code    28  stm32f1xx_hal_uart.o(i.HAL_UART_Receive_DMA)
    HAL_UART_RxCpltCallback                  0x08001f25   Thumb Code    18  main.o(i.HAL_UART_RxCpltCallback)
    HAL_UART_RxHalfCpltCallback              0x08001f3d   Thumb Code     2  stm32f1xx_hal_uart.o(i.HAL_UART_RxHalfCpltCallback)
    HardFault_Handler                        0x08001f3f   Thumb Code     2  stm32f1xx_it.o(i.HardFault_Handler)
    MX_FATFS_Init                            0x08002381   Thumb Code    18  fatfs.o(i.MX_FATFS_Init)
    MemManage_Handler                        0x0800251d   Thumb Code     2  stm32f1xx_it.o(i.MemManage_Handler)
    NMI_Handler                              0x0800251f   Thumb Code     6  stm32f1xx_it.o(i.NMI_Handler)
    PendSV_Handler                           0x08002525   Thumb Code     2  stm32f1xx_it.o(i.PendSV_Handler)
    RS232_Init                               0x08002529   Thumb Code     6  rs232_driver.o(i.RS232_Init)
    Read_WeldingPoint_Angle                  0x08002535   Thumb Code   204  main.o(i.Read_WeldingPoint_Angle)
    Read_WeldingPoint_Pattern                0x08002609   Thumb Code    30  main.o(i.Read_WeldingPoint_Pattern)
    Read_WeldingPoint_Position               0x08002631   Thumb Code   126  main.o(i.Read_WeldingPoint_Position)
    SDTimer_Handler                          0x080026b9   Thumb Code    26  stm32f1xx_it.o(i.SDTimer_Handler)
    SD_disk_initialize                       0x08002875   Thumb Code   298  fatfs_sd.o(i.SD_disk_initialize)
    SD_disk_ioctl                            0x080029a5   Thumb Code   314  fatfs_sd.o(i.SD_disk_ioctl)
    SD_disk_read                             0x08002ae5   Thumb Code   146  fatfs_sd.o(i.SD_disk_read)
    SD_disk_status                           0x08002b7d   Thumb Code    12  fatfs_sd.o(i.SD_disk_status)
    SD_disk_write                            0x08002b8d   Thumb Code   178  fatfs_sd.o(i.SD_disk_write)
    SVC_Handler                              0x08002da1   Thumb Code     2  stm32f1xx_it.o(i.SVC_Handler)
    Save_WeldingPoint_Angle                  0x08002da5   Thumb Code    74  main.o(i.Save_WeldingPoint_Angle)
    Save_WeldingPoint_Pattern                0x08002df5   Thumb Code    20  main.o(i.Save_WeldingPoint_Pattern)
    Save_WeldingPoint_Position               0x08002e0d   Thumb Code    74  main.o(i.Save_WeldingPoint_Position)
    Start_get_command                        0x08002e5d   Thumb Code    12  rs232_driver.o(i.Start_get_command)
    SysTick_Handler                          0x08002e71   Thumb Code    32  stm32f1xx_it.o(i.SysTick_Handler)
    SystemClock_Config                       0x08002e95   Thumb Code    96  main.o(i.SystemClock_Config)
    SystemInit                               0x08002ef5   Thumb Code     2  system_stm32f1xx.o(i.SystemInit)
    TIM2_IRQHandler                          0x08002ef9   Thumb Code     6  stm32f1xx_it.o(i.TIM2_IRQHandler)
    TIM_Base_SetConfig                       0x08002f05   Thumb Code    94  stm32f1xx_hal_tim.o(i.TIM_Base_SetConfig)
    UART_Start_Receive_DMA                   0x08003181   Thumb Code   130  stm32f1xx_hal_uart.o(i.UART_Start_Receive_DMA)
    USER_initialize                          0x08003211   Thumb Code     4  user_diskio.o(i.USER_initialize)
    USER_ioctl                               0x08003215   Thumb Code     4  user_diskio.o(i.USER_ioctl)
    USER_read                                0x08003219   Thumb Code     4  user_diskio.o(i.USER_read)
    USER_status                              0x0800321d   Thumb Code     4  user_diskio.o(i.USER_status)
    USER_write                               0x08003221   Thumb Code     4  user_diskio.o(i.USER_write)
    UsageFault_Handler                       0x08003225   Thumb Code     2  stm32f1xx_it.o(i.UsageFault_Handler)
    check_error                              0x08003249   Thumb Code     8  rs232_driver.o(i.check_error)
    check_state                              0x08003255   Thumb Code     8  rs232_driver.o(i.check_state)
    main                                     0x08003261   Thumb Code   552  main.o(i.main)
    AHBPrescTable                            0x08003552   Data          16  system_stm32f1xx.o(.constdata)
    APBPrescTable                            0x08003562   Data           8  system_stm32f1xx.o(.constdata)
    Region$$Table$$Base                      0x0800356c   Number         0  anon$$obj.o(Region$$Table)
    Region$$Table$$Limit                     0x0800358c   Number         0  anon$$obj.o(Region$$Table)
    welding_pattern                          0x20000000   Data           1  main.o(.data)
    read_saved_pattern                       0x20000001   Data           1  main.o(.data)
    RS232_state                              0x20000004   Data           4  main.o(.data)
    RS232_err_status                         0x20000008   Data           4  main.o(.data)
    read_saved_posX                          0x2000000c   Data           8  main.o(.data)
    read_saved_posY                          0x20000014   Data           8  main.o(.data)
    read_saved_posZ                          0x2000001c   Data           8  main.o(.data)
    read_saved_angle1                        0x20000024   Data           8  main.o(.data)
    read_saved_angle2                        0x2000002c   Data           8  main.o(.data)
    read_saved_angle3                        0x20000034   Data           8  main.o(.data)
    read_saved_angle4                        0x2000003c   Data           8  main.o(.data)
    read_saved_angle5                        0x20000044   Data           8  main.o(.data)
    read_saved_angle6                        0x2000004c   Data           8  main.o(.data)
    FatFsCnt                                 0x20000054   Data           1  stm32f1xx_it.o(.data)
    Timr1                                    0x20000055   Data           1  stm32f1xx_it.o(.data)
    Timr2                                    0x20000056   Data           1  stm32f1xx_it.o(.data)
    Timer1                                   0x20000060   Data           2  fatfs_sd.o(.data)
    Timer2                                   0x20000062   Data           2  fatfs_sd.o(.data)
    uwTickFreq                               0x20000064   Data           1  stm32f1xx_hal.o(.data)
    uwTickPrio                               0x20000068   Data           4  stm32f1xx_hal.o(.data)
    uwTick                                   0x2000006c   Data           4  stm32f1xx_hal.o(.data)
    SystemCoreClock                          0x20000070   Data           4  system_stm32f1xx.o(.data)
    USER_Driver                              0x20000074   Data          20  user_diskio.o(.data)
    retUSER                                  0x20000088   Data           1  fatfs.o(.data)
    USERPath                                 0x20000089   Data           4  fatfs.o(.data)
    eeprom1                                  0x20000090   Data          12  main.o(.bss)
    eeprom2                                  0x2000009c   Data          12  main.o(.bss)
    command                                  0x200000a8   Data         168  main.o(.bss)
    Stepper_Driver1                          0x20000150   Data          36  main.o(.bss)
    Stepper_Driver2                          0x20000174   Data          36  main.o(.bss)
    Stepper_Driver3                          0x20000198   Data          36  main.o(.bss)
    Stepper_Driver4                          0x200001bc   Data          36  main.o(.bss)
    Stepper_Driver5                          0x200001e0   Data          36  main.o(.bss)
    Stepper_Driver6                          0x20000204   Data          36  main.o(.bss)
    hi2c1                                    0x20000228   Data          84  main.o(.bss)
    hspi1                                    0x2000027c   Data          88  main.o(.bss)
    htim2                                    0x200002d4   Data          72  main.o(.bss)
    huart1                                   0x2000031c   Data          72  main.o(.bss)
    array_pos_start                          0x20000368   Data          24  main.o(.bss)
    array_pos_end                            0x20000380   Data          24  main.o(.bss)
    array_ang_start                          0x20000398   Data          48  main.o(.bss)
    array_ang_end                            0x200003c8   Data          48  main.o(.bss)
    saved_pos                                0x200003f8   Data          24  main.o(.bss)
    read_saved_pos                           0x20000410   Data          24  main.o(.bss)
    saved_angle                              0x20000428   Data          48  main.o(.bss)
    read_saved_angle                         0x20000458   Data          48  main.o(.bss)
    hdma_usart1_rx                           0x20000488   Data          68  main.o(.bss)
    disk                                     0x20000530   Data          12  ff_gen_drv.o(.bss)
    __libspace_start                         0x2000053c   Data          96  libspace.o(.bss)
    __temporary_stack_top$libspace           0x2000059c   Data           0  libspace.o(.bss)



==============================================================================

Memory Map of the image

  Image Entry point : 0x080000ed

  Load Region LR_IROM1 (Base: 0x08000000, Size: 0x0000361c, Max: 0x00010000, ABSOLUTE)

    Execution Region ER_IROM1 (Exec base: 0x08000000, Load base: 0x08000000, Size: 0x0000358c, Max: 0x00010000, ABSOLUTE)

    Exec Addr    Load Addr    Size         Type   Attr      Idx    E Section Name        Object

    0x08000000   0x08000000   0x000000ec   Data   RO            3    RESET               startup_stm32f103xb.o
    0x080000ec   0x080000ec   0x00000008   Code   RO         4578  * !!!main             c_w.l(__main.o)
    0x080000f4   0x080000f4   0x00000034   Code   RO         4781    !!!scatter          c_w.l(__scatter.o)
    0x08000128   0x08000128   0x0000001a   Code   RO         4783    !!handler_copy      c_w.l(__scatter_copy.o)
    0x08000142   0x08000142   0x00000002   PAD
    0x08000144   0x08000144   0x0000001c   Code   RO         4785    !!handler_zi        c_w.l(__scatter_zi.o)
    0x08000160   0x08000160   0x00000002   Code   RO         4718    .ARM.Collect$$libinit$$00000000  c_w.l(libinit.o)
    0x08000162   0x08000162   0x00000000   Code   RO         4611    .ARM.Collect$$libinit$$00000002  c_w.l(libinit2.o)
    0x08000162   0x08000162   0x00000000   Code   RO         4613    .ARM.Collect$$libinit$$00000004  c_w.l(libinit2.o)
    0x08000162   0x08000162   0x00000000   Code   RO         4616    .ARM.Collect$$libinit$$0000000A  c_w.l(libinit2.o)
    0x08000162   0x08000162   0x00000000   Code   RO         4618    .ARM.Collect$$libinit$$0000000C  c_w.l(libinit2.o)
    0x08000162   0x08000162   0x00000000   Code   RO         4620    .ARM.Collect$$libinit$$0000000E  c_w.l(libinit2.o)
    0x08000162   0x08000162   0x00000000   Code   RO         4623    .ARM.Collect$$libinit$$00000011  c_w.l(libinit2.o)
    0x08000162   0x08000162   0x00000000   Code   RO         4625    .ARM.Collect$$libinit$$00000013  c_w.l(libinit2.o)
    0x08000162   0x08000162   0x00000000   Code   RO         4627    .ARM.Collect$$libinit$$00000015  c_w.l(libinit2.o)
    0x08000162   0x08000162   0x00000000   Code   RO         4629    .ARM.Collect$$libinit$$00000017  c_w.l(libinit2.o)
    0x08000162   0x08000162   0x00000000   Code   RO         4631    .ARM.Collect$$libinit$$00000019  c_w.l(libinit2.o)
    0x08000162   0x08000162   0x00000000   Code   RO         4633    .ARM.Collect$$libinit$$0000001B  c_w.l(libinit2.o)
    0x08000162   0x08000162   0x00000000   Code   RO         4635    .ARM.Collect$$libinit$$0000001D  c_w.l(libinit2.o)
    0x08000162   0x08000162   0x00000000   Code   RO         4637    .ARM.Collect$$libinit$$0000001F  c_w.l(libinit2.o)
    0x08000162   0x08000162   0x00000000   Code   RO         4639    .ARM.Collect$$libinit$$00000021  c_w.l(libinit2.o)
    0x08000162   0x08000162   0x00000000   Code   RO         4641    .ARM.Collect$$libinit$$00000023  c_w.l(libinit2.o)
    0x08000162   0x08000162   0x00000000   Code   RO         4643    .ARM.Collect$$libinit$$00000025  c_w.l(libinit2.o)
    0x08000162   0x08000162   0x00000000   Code   RO         4647    .ARM.Collect$$libinit$$0000002C  c_w.l(libinit2.o)
    0x08000162   0x08000162   0x00000000   Code   RO         4649    .ARM.Collect$$libinit$$0000002E  c_w.l(libinit2.o)
    0x08000162   0x08000162   0x00000000   Code   RO         4651    .ARM.Collect$$libinit$$00000030  c_w.l(libinit2.o)
    0x08000162   0x08000162   0x00000000   Code   RO         4653    .ARM.Collect$$libinit$$00000032  c_w.l(libinit2.o)
    0x08000162   0x08000162   0x00000002   Code   RO         4654    .ARM.Collect$$libinit$$00000033  c_w.l(libinit2.o)
    0x08000164   0x08000164   0x00000002   Code   RO         4778    .ARM.Collect$$libshutdown$$00000000  c_w.l(libshutdown.o)
    0x08000166   0x08000166   0x00000000   Code   RO         4732    .ARM.Collect$$libshutdown$$00000002  c_w.l(libshutdown2.o)
    0x08000166   0x08000166   0x00000000   Code   RO         4734    .ARM.Collect$$libshutdown$$00000004  c_w.l(libshutdown2.o)
    0x08000166   0x08000166   0x00000000   Code   RO         4736    .ARM.Collect$$libshutdown$$00000006  c_w.l(libshutdown2.o)
    0x08000166   0x08000166   0x00000000   Code   RO         4739    .ARM.Collect$$libshutdown$$00000009  c_w.l(libshutdown2.o)
    0x08000166   0x08000166   0x00000000   Code   RO         4742    .ARM.Collect$$libshutdown$$0000000C  c_w.l(libshutdown2.o)
    0x08000166   0x08000166   0x00000000   Code   RO         4744    .ARM.Collect$$libshutdown$$0000000E  c_w.l(libshutdown2.o)
    0x08000166   0x08000166   0x00000000   Code   RO         4747    .ARM.Collect$$libshutdown$$00000011  c_w.l(libshutdown2.o)
    0x08000166   0x08000166   0x00000002   Code   RO         4748    .ARM.Collect$$libshutdown$$00000012  c_w.l(libshutdown2.o)
    0x08000168   0x08000168   0x00000000   Code   RO         4582    .ARM.Collect$$rtentry$$00000000  c_w.l(__rtentry.o)
    0x08000168   0x08000168   0x00000000   Code   RO         4661    .ARM.Collect$$rtentry$$00000002  c_w.l(__rtentry2.o)
    0x08000168   0x08000168   0x00000006   Code   RO         4673    .ARM.Collect$$rtentry$$00000004  c_w.l(__rtentry4.o)
    0x0800016e   0x0800016e   0x00000000   Code   RO         4663    .ARM.Collect$$rtentry$$00000009  c_w.l(__rtentry2.o)
    0x0800016e   0x0800016e   0x00000004   Code   RO         4664    .ARM.Collect$$rtentry$$0000000A  c_w.l(__rtentry2.o)
    0x08000172   0x08000172   0x00000000   Code   RO         4666    .ARM.Collect$$rtentry$$0000000C  c_w.l(__rtentry2.o)
    0x08000172   0x08000172   0x00000008   Code   RO         4667    .ARM.Collect$$rtentry$$0000000D  c_w.l(__rtentry2.o)
    0x0800017a   0x0800017a   0x00000002   Code   RO         4721    .ARM.Collect$$rtexit$$00000000  c_w.l(rtexit.o)
    0x0800017c   0x0800017c   0x00000000   Code   RO         4752    .ARM.Collect$$rtexit$$00000002  c_w.l(rtexit2.o)
    0x0800017c   0x0800017c   0x00000004   Code   RO         4753    .ARM.Collect$$rtexit$$00000003  c_w.l(rtexit2.o)
    0x08000180   0x08000180   0x00000006   Code   RO         4754    .ARM.Collect$$rtexit$$00000004  c_w.l(rtexit2.o)
    0x08000186   0x08000186   0x00000002   PAD
    0x08000188   0x08000188   0x00000040   Code   RO            4    .text               startup_stm32f103xb.o
    0x080001c8   0x080001c8   0x00000064   Code   RO         4570    .text               c_w.l(rt_memcpy_w.o)
    0x0800022c   0x0800022c   0x0000004e   Code   RO         4574    .text               c_w.l(rt_memclr_w.o)
    0x0800027a   0x0800027a   0x00000006   Code   RO         4576    .text               c_w.l(heapauxi.o)
    0x08000280   0x08000280   0x00000008   Code   RO         4657    .text               c_w.l(libspace.o)
    0x08000288   0x08000288   0x00000002   Code   RO         4694    .text               c_w.l(use_no_semi.o)
    0x0800028a   0x0800028a   0x00000000   Code   RO         4696    .text               c_w.l(indicate_semi.o)
    0x0800028a   0x0800028a   0x0000004a   Code   RO         4697    .text               c_w.l(sys_stackheap_outer.o)
    0x080002d4   0x080002d4   0x00000012   Code   RO         4703    .text               c_w.l(exit.o)
    0x080002e6   0x080002e6   0x00000002   PAD
    0x080002e8   0x080002e8   0x0000000c   Code   RO         4719    .text               c_w.l(sys_exit.o)
    0x080002f4   0x080002f4   0x00000002   Code   RO          261    i.BusFault_Handler  stm32f1xx_it.o
    0x080002f6   0x080002f6   0x00000002   PAD
    0x080002f8   0x080002f8   0x0000001c   Code   RO          653    i.DESELECT          fatfs_sd.o
    0x08000314   0x08000314   0x0000000c   Code   RO          262    i.DMA1_Channel5_IRQHandler  stm32f1xx_it.o
    0x08000320   0x08000320   0x0000002a   Code   RO         1174    i.DMA_SetConfig     stm32f1xx_hal_dma.o
    0x0800034a   0x0800034a   0x00000002   Code   RO          263    i.DebugMon_Handler  stm32f1xx_it.o
    0x0800034c   0x0800034c   0x00000012   Code   RO          431    i.Driver_set_power  tb6600_driver.o
    0x0800035e   0x0800035e   0x00000030   Code   RO          476    i.EEPROM_ByteRead   eeprom_lib.o
    0x0800038e   0x0800038e   0x00000036   Code   RO          477    i.EEPROM_ByteWrite  eeprom_lib.o
    0x080003c4   0x080003c4   0x0000002e   Code   RO          478    i.EEPROM_Init       eeprom_lib.o
    0x080003f2   0x080003f2   0x00000030   Code   RO          479    i.EEPROM_PageRead   eeprom_lib.o
    0x08000422   0x08000422   0x00000030   Code   RO          481    i.EEPROM_PageWrite  eeprom_lib.o
    0x08000452   0x08000452   0x00000004   Code   RO           13    i.Error_Handler     main.o
    0x08000456   0x08000456   0x00000006   Code   RO         4395    i.FATFS_LinkDriver  ff_gen_drv.o
    0x0800045c   0x0800045c   0x00000040   Code   RO         4396    i.FATFS_LinkDriverEx  ff_gen_drv.o
    0x0800049c   0x0800049c   0x000001d4   Code   RO          533    i.Get_command       rs232_driver.o
    0x08000670   0x08000670   0x00000154   Code   RO         1180    i.HAL_DMA_IRQHandler  stm32f1xx_hal_dma.o
    0x080007c4   0x080007c4   0x0000005c   Code   RO         1181    i.HAL_DMA_Init      stm32f1xx_hal_dma.o
    0x08000820   0x08000820   0x00000070   Code   RO         1185    i.HAL_DMA_Start_IT  stm32f1xx_hal_dma.o
    0x08000890   0x08000890   0x00000024   Code   RO          801    i.HAL_Delay         stm32f1xx_hal.o
    0x080008b4   0x080008b4   0x000001e0   Code   RO         1111    i.HAL_GPIO_Init     stm32f1xx_hal_gpio.o
    0x08000a94   0x08000a94   0x0000000a   Code   RO         1115    i.HAL_GPIO_WritePin  stm32f1xx_hal_gpio.o
    0x08000a9e   0x08000a9e   0x00000002   PAD
    0x08000aa0   0x08000aa0   0x0000000c   Code   RO          805    i.HAL_GetTick       stm32f1xx_hal.o
    0x08000aac   0x08000aac   0x00000188   Code   RO         1782    i.HAL_I2C_Init      stm32f1xx_hal_i2c.o
    0x08000c34   0x08000c34   0x00000250   Code   RO         1800    i.HAL_I2C_Mem_Read  stm32f1xx_hal_i2c.o
    0x08000e84   0x08000e84   0x00000130   Code   RO         1803    i.HAL_I2C_Mem_Write  stm32f1xx_hal_i2c.o
    0x08000fb4   0x08000fb4   0x00000070   Code   RO          359    i.HAL_I2C_MspInit   stm32f1xx_hal_msp.o
    0x08001024   0x08001024   0x00000010   Code   RO          811    i.HAL_IncTick       stm32f1xx_hal.o
    0x08001034   0x08001034   0x00000024   Code   RO          812    i.HAL_Init          stm32f1xx_hal.o
    0x08001058   0x08001058   0x00000040   Code   RO          813    i.HAL_InitTick      stm32f1xx_hal.o
    0x08001098   0x08001098   0x0000003c   Code   RO          360    i.HAL_MspInit       stm32f1xx_hal_msp.o
    0x080010d4   0x080010d4   0x0000001a   Code   RO         1271    i.HAL_NVIC_EnableIRQ  stm32f1xx_hal_cortex.o
    0x080010ee   0x080010ee   0x00000002   PAD
    0x080010f0   0x080010f0   0x00000040   Code   RO         1277    i.HAL_NVIC_SetPriority  stm32f1xx_hal_cortex.o
    0x08001130   0x08001130   0x00000024   Code   RO         1278    i.HAL_NVIC_SetPriorityGrouping  stm32f1xx_hal_cortex.o
    0x08001154   0x08001154   0x00000002   Code   RO          968    i.HAL_RCC_CSSCallback  stm32f1xx_hal_rcc.o
    0x08001156   0x08001156   0x00000002   PAD
    0x08001158   0x08001158   0x0000012c   Code   RO          969    i.HAL_RCC_ClockConfig  stm32f1xx_hal_rcc.o
    0x08001284   0x08001284   0x0000000c   Code   RO          972    i.HAL_RCC_EnableCSS  stm32f1xx_hal_rcc.o
    0x08001290   0x08001290   0x00000020   Code   RO          976    i.HAL_RCC_GetPCLK1Freq  stm32f1xx_hal_rcc.o
    0x080012b0   0x080012b0   0x00000020   Code   RO          977    i.HAL_RCC_GetPCLK2Freq  stm32f1xx_hal_rcc.o
    0x080012d0   0x080012d0   0x0000004c   Code   RO          978    i.HAL_RCC_GetSysClockFreq  stm32f1xx_hal_rcc.o
    0x0800131c   0x0800131c   0x00000018   Code   RO          980    i.HAL_RCC_NMI_IRQHandler  stm32f1xx_hal_rcc.o
    0x08001334   0x08001334   0x00000320   Code   RO          981    i.HAL_RCC_OscConfig  stm32f1xx_hal_rcc.o
    0x08001654   0x08001654   0x000000b2   Code   RO         2219    i.HAL_SPI_Init      stm32f1xx_hal_spi.o
    0x08001706   0x08001706   0x00000002   PAD
    0x08001708   0x08001708   0x00000070   Code   RO          362    i.HAL_SPI_MspInit   stm32f1xx_hal_msp.o
    0x08001778   0x08001778   0x0000016e   Code   RO         2227    i.HAL_SPI_Transmit  stm32f1xx_hal_spi.o
    0x080018e6   0x080018e6   0x000001ee   Code   RO         2228    i.HAL_SPI_TransmitReceive  stm32f1xx_hal_spi.o
    0x08001ad4   0x08001ad4   0x00000028   Code   RO         1282    i.HAL_SYSTICK_Config  stm32f1xx_hal_cortex.o
    0x08001afc   0x08001afc   0x00000002   Code   RO         3236    i.HAL_TIMEx_BreakCallback  stm32f1xx_hal_tim_ex.o
    0x08001afe   0x08001afe   0x00000002   Code   RO         3237    i.HAL_TIMEx_CommutCallback  stm32f1xx_hal_tim_ex.o
    0x08001b00   0x08001b00   0x00000068   Code   RO         3255    i.HAL_TIMEx_MasterConfigSynchronization  stm32f1xx_hal_tim_ex.o
    0x08001b68   0x08001b68   0x000000a4   Code   RO         2553    i.HAL_TIM_Encoder_Init  stm32f1xx_hal_tim.o
    0x08001c0c   0x08001c0c   0x00000060   Code   RO          364    i.HAL_TIM_Encoder_MspInit  stm32f1xx_hal_msp.o
    0x08001c6c   0x08001c6c   0x00000002   Code   RO         2566    i.HAL_TIM_IC_CaptureCallback  stm32f1xx_hal_tim.o
    0x08001c6e   0x08001c6e   0x00000166   Code   RO         2580    i.HAL_TIM_IRQHandler  stm32f1xx_hal_tim.o
    0x08001dd4   0x08001dd4   0x00000002   Code   RO         2583    i.HAL_TIM_OC_DelayElapsedCallback  stm32f1xx_hal_tim.o
    0x08001dd6   0x08001dd6   0x00000002   Code   RO         2610    i.HAL_TIM_PWM_PulseFinishedCallback  stm32f1xx_hal_tim.o
    0x08001dd8   0x08001dd8   0x00000002   Code   RO         2618    i.HAL_TIM_PeriodElapsedCallback  stm32f1xx_hal_tim.o
    0x08001dda   0x08001dda   0x00000002   Code   RO         2623    i.HAL_TIM_TriggerCallback  stm32f1xx_hal_tim.o
    0x08001ddc   0x08001ddc   0x00000002   Code   RO         3515    i.HAL_UARTEx_RxEventCallback  stm32f1xx_hal_uart.o
    0x08001dde   0x08001dde   0x00000002   Code   RO         3529    i.HAL_UART_ErrorCallback  stm32f1xx_hal_uart.o
    0x08001de0   0x08001de0   0x00000004   Code   RO         3530    i.HAL_UART_GetError  stm32f1xx_hal_uart.o
    0x08001de4   0x08001de4   0x0000000a   Code   RO         3531    i.HAL_UART_GetState  stm32f1xx_hal_uart.o
    0x08001dee   0x08001dee   0x00000064   Code   RO         3533    i.HAL_UART_Init     stm32f1xx_hal_uart.o
    0x08001e52   0x08001e52   0x00000002   PAD
    0x08001e54   0x08001e54   0x000000b4   Code   RO          366    i.HAL_UART_MspInit  stm32f1xx_hal_msp.o
    0x08001f08   0x08001f08   0x0000001c   Code   RO         3537    i.HAL_UART_Receive_DMA  stm32f1xx_hal_uart.o
    0x08001f24   0x08001f24   0x00000018   Code   RO           14    i.HAL_UART_RxCpltCallback  main.o
    0x08001f3c   0x08001f3c   0x00000002   Code   RO         3540    i.HAL_UART_RxHalfCpltCallback  stm32f1xx_hal_uart.o
    0x08001f3e   0x08001f3e   0x00000002   Code   RO          264    i.HardFault_Handler  stm32f1xx_it.o
    0x08001f40   0x08001f40   0x0000002e   Code   RO         1825    i.I2C_IsAcknowledgeFailed  stm32f1xx_hal_i2c.o
    0x08001f6e   0x08001f6e   0x00000002   PAD
    0x08001f70   0x08001f70   0x000000fc   Code   RO         1835    i.I2C_RequestMemoryRead  stm32f1xx_hal_i2c.o
    0x0800206c   0x0800206c   0x000000a8   Code   RO         1836    i.I2C_RequestMemoryWrite  stm32f1xx_hal_i2c.o
    0x08002114   0x08002114   0x00000056   Code   RO         1840    i.I2C_WaitOnBTFFlagUntilTimeout  stm32f1xx_hal_i2c.o
    0x0800216a   0x0800216a   0x00000002   PAD
    0x0800216c   0x0800216c   0x00000090   Code   RO         1841    i.I2C_WaitOnFlagUntilTimeout  stm32f1xx_hal_i2c.o
    0x080021fc   0x080021fc   0x000000bc   Code   RO         1842    i.I2C_WaitOnMasterAddressFlagUntilTimeout  stm32f1xx_hal_i2c.o
    0x080022b8   0x080022b8   0x00000070   Code   RO         1843    i.I2C_WaitOnRXNEFlagUntilTimeout  stm32f1xx_hal_i2c.o
    0x08002328   0x08002328   0x00000056   Code   RO         1844    i.I2C_WaitOnTXEFlagUntilTimeout  stm32f1xx_hal_i2c.o
    0x0800237e   0x0800237e   0x00000002   PAD
    0x08002380   0x08002380   0x0000001c   Code   RO         3965    i.MX_FATFS_Init     fatfs.o
    0x0800239c   0x0800239c   0x000000d4   Code   RO           15    i.MX_GPIO_Init      main.o
    0x08002470   0x08002470   0x00000044   Code   RO           16    i.MX_SPI1_Init      main.o
    0x080024b4   0x080024b4   0x00000068   Code   RO           17    i.MX_TIM2_Init      main.o
    0x0800251c   0x0800251c   0x00000002   Code   RO          265    i.MemManage_Handler  stm32f1xx_it.o
    0x0800251e   0x0800251e   0x00000006   Code   RO          266    i.NMI_Handler       stm32f1xx_it.o
    0x08002524   0x08002524   0x00000002   Code   RO          267    i.PendSV_Handler    stm32f1xx_it.o
    0x08002526   0x08002526   0x00000002   PAD
    0x08002528   0x08002528   0x0000000c   Code   RO          534    i.RS232_Init        rs232_driver.o
    0x08002534   0x08002534   0x000000d4   Code   RO           18    i.Read_WeldingPoint_Angle  main.o
    0x08002608   0x08002608   0x00000028   Code   RO           19    i.Read_WeldingPoint_Pattern  main.o
    0x08002630   0x08002630   0x00000088   Code   RO           20    i.Read_WeldingPoint_Position  main.o
    0x080026b8   0x080026b8   0x00000020   Code   RO          268    i.SDTimer_Handler   stm32f1xx_it.o
    0x080026d8   0x080026d8   0x00000070   Code   RO          654    i.SD_PowerOn        fatfs_sd.o
    0x08002748   0x08002748   0x00000020   Code   RO          655    i.SD_ReadyWait      fatfs_sd.o
    0x08002768   0x08002768   0x00000044   Code   RO          656    i.SD_RxDataBlock    fatfs_sd.o
    0x080027ac   0x080027ac   0x0000006e   Code   RO          657    i.SD_SendCmd        fatfs_sd.o
    0x0800281a   0x0800281a   0x0000005a   Code   RO          658    i.SD_TxDataBlock    fatfs_sd.o
    0x08002874   0x08002874   0x00000130   Code   RO          659    i.SD_disk_initialize  fatfs_sd.o
    0x080029a4   0x080029a4   0x00000140   Code   RO          660    i.SD_disk_ioctl     fatfs_sd.o
    0x08002ae4   0x08002ae4   0x00000098   Code   RO          661    i.SD_disk_read      fatfs_sd.o
    0x08002b7c   0x08002b7c   0x00000010   Code   RO          662    i.SD_disk_status    fatfs_sd.o
    0x08002b8c   0x08002b8c   0x000000b8   Code   RO          663    i.SD_disk_write     fatfs_sd.o
    0x08002c44   0x08002c44   0x0000001c   Code   RO          664    i.SELECT            fatfs_sd.o
    0x08002c60   0x08002c60   0x00000020   Code   RO         2257    i.SPI_EndRxTxTransaction  stm32f1xx_hal_spi.o
    0x08002c80   0x08002c80   0x0000002c   Code   RO          665    i.SPI_RxByte        fatfs_sd.o
    0x08002cac   0x08002cac   0x0000001c   Code   RO          666    i.SPI_TxBuffer      fatfs_sd.o
    0x08002cc8   0x08002cc8   0x00000020   Code   RO          667    i.SPI_TxByte        fatfs_sd.o
    0x08002ce8   0x08002ce8   0x000000b8   Code   RO         2262    i.SPI_WaitFlagStateUntilTimeout  stm32f1xx_hal_spi.o
    0x08002da0   0x08002da0   0x00000002   Code   RO          269    i.SVC_Handler       stm32f1xx_it.o
    0x08002da2   0x08002da2   0x00000002   PAD
    0x08002da4   0x08002da4   0x00000050   Code   RO           21    i.Save_WeldingPoint_Angle  main.o
    0x08002df4   0x08002df4   0x00000018   Code   RO           22    i.Save_WeldingPoint_Pattern  main.o
    0x08002e0c   0x08002e0c   0x00000050   Code   RO           23    i.Save_WeldingPoint_Position  main.o
    0x08002e5c   0x08002e5c   0x00000014   Code   RO          545    i.Start_get_command  rs232_driver.o
    0x08002e70   0x08002e70   0x00000024   Code   RO          270    i.SysTick_Handler   stm32f1xx_it.o
    0x08002e94   0x08002e94   0x00000060   Code   RO           24    i.SystemClock_Config  main.o
    0x08002ef4   0x08002ef4   0x00000002   Code   RO         3867    i.SystemInit        system_stm32f1xx.o
    0x08002ef6   0x08002ef6   0x00000002   PAD
    0x08002ef8   0x08002ef8   0x0000000c   Code   RO          271    i.TIM2_IRQHandler   stm32f1xx_it.o
    0x08002f04   0x08002f04   0x0000006c   Code   RO         2625    i.TIM_Base_SetConfig  stm32f1xx_hal_tim.o
    0x08002f70   0x08002f70   0x0000004a   Code   RO         3547    i.UART_DMAError     stm32f1xx_hal_uart.o
    0x08002fba   0x08002fba   0x00000086   Code   RO         3548    i.UART_DMAReceiveCplt  stm32f1xx_hal_uart.o
    0x08003040   0x08003040   0x0000001e   Code   RO         3550    i.UART_DMARxHalfCplt  stm32f1xx_hal_uart.o
    0x0800305e   0x0800305e   0x0000004e   Code   RO         3556    i.UART_EndRxTransfer  stm32f1xx_hal_uart.o
    0x080030ac   0x080030ac   0x0000001c   Code   RO         3557    i.UART_EndTxTransfer  stm32f1xx_hal_uart.o
    0x080030c8   0x080030c8   0x000000b8   Code   RO         3559    i.UART_SetConfig    stm32f1xx_hal_uart.o
    0x08003180   0x08003180   0x00000090   Code   RO         3560    i.UART_Start_Receive_DMA  stm32f1xx_hal_uart.o
    0x08003210   0x08003210   0x00000004   Code   RO         3904    i.USER_initialize   user_diskio.o
    0x08003214   0x08003214   0x00000004   Code   RO         3905    i.USER_ioctl        user_diskio.o
    0x08003218   0x08003218   0x00000004   Code   RO         3906    i.USER_read         user_diskio.o
    0x0800321c   0x0800321c   0x00000004   Code   RO         3907    i.USER_status       user_diskio.o
    0x08003220   0x08003220   0x00000004   Code   RO         3908    i.USER_write        user_diskio.o
    0x08003224   0x08003224   0x00000002   Code   RO          272    i.UsageFault_Handler  stm32f1xx_it.o
    0x08003226   0x08003226   0x00000020   Code   RO         1284    i.__NVIC_SetPriority  stm32f1xx_hal_cortex.o
    0x08003246   0x08003246   0x00000002   PAD
    0x08003248   0x08003248   0x0000000c   Code   RO          546    i.check_error       rs232_driver.o
    0x08003254   0x08003254   0x0000000c   Code   RO          547    i.check_state       rs232_driver.o
    0x08003260   0x08003260   0x00000250   Code   RO           25    i.main              main.o
    0x080034b0   0x080034b0   0x00000090   Data   RO           37    .constdata          main.o
    0x08003540   0x08003540   0x00000012   Data   RO          982    .constdata          stm32f1xx_hal_rcc.o
    0x08003552   0x08003552   0x00000010   Data   RO         3868    .constdata          system_stm32f1xx.o
    0x08003562   0x08003562   0x00000008   Data   RO         3869    .constdata          system_stm32f1xx.o
    0x0800356a   0x0800356a   0x00000002   PAD
    0x0800356c   0x0800356c   0x00000020   Data   RO         4779    Region$$Table       anon$$obj.o


    Execution Region RW_IRAM1 (Exec base: 0x20000000, Load base: 0x0800358c, Size: 0x00000ba0, Max: 0x00005000, ABSOLUTE)

    Exec Addr    Load Addr    Size         Type   Attr      Idx    E Section Name        Object

    0x20000000   0x0800358c   0x00000054   Data   RW           38    .data               main.o
    0x20000054   0x080035e0   0x00000003   Data   RW          273    .data               stm32f1xx_it.o
    0x20000057   0x080035e3   0x00000001   PAD
    0x20000058   0x080035e4   0x00000004   Data   RW          551    .data               rs232_driver.o
    0x2000005c   0x080035e8   0x00000008   Data   RW          668    .data               fatfs_sd.o
    0x20000064   0x080035f0   0x0000000c   Data   RW          819    .data               stm32f1xx_hal.o
    0x20000070   0x080035fc   0x00000004   Data   RW         3870    .data               system_stm32f1xx.o
    0x20000074   0x08003600   0x00000014   Data   RW         3909    .data               user_diskio.o
    0x20000088   0x08003614   0x00000005   Data   RW         3969    .data               fatfs.o
    0x2000008d   0x08003619   0x00000003   PAD
    0x20000090        -       0x000003f8   Zero   RW           26    .bss                main.o
    0x20000488        -       0x00000044   Zero   RW           27    .bss                main.o
    0x200004cc        -       0x00000064   Zero   RW          549    .bss                rs232_driver.o
    0x20000530        -       0x0000000c   Zero   RW         4399    .bss                ff_gen_drv.o
    0x2000053c        -       0x00000060   Zero   RW         4658    .bss                c_w.l(libspace.o)
    0x2000059c   0x08003619   0x00000004   PAD
    0x200005a0        -       0x00000200   Zero   RW            2    HEAP                startup_stm32f103xb.o
    0x200007a0        -       0x00000400   Zero   RW            1    STACK               startup_stm32f103xb.o


==============================================================================

Image component sizes


      Code (inc. data)   RO Data    RW Data    ZI Data      Debug   Object Name

       244          0          0          0          0       4820   eeprom_lib.o
        28         10          0          5          0       1150   fatfs.o
      1548         72          0          8          0      10925   fatfs_sd.o
        70          4          0          0         12       1667   ff_gen_drv.o
      1672        122        144         84       1084     463382   main.o
       524         32          0          4        100       6043   rs232_driver.o
        64         26        236          0       1536        840   startup_stm32f103xb.o
       164         28          0         12          0       6133   stm32f1xx_hal.o
       198         14          0          0          0      29115   stm32f1xx_hal_cortex.o
       586         32          0          0          0       3743   stm32f1xx_hal_dma.o
       490         34          0          0          0       2976   stm32f1xx_hal_gpio.o
      2370         56          0          0          0      13330   stm32f1xx_hal_i2c.o
       560         72          0          0          0       4000   stm32f1xx_hal_msp.o
      1278         92         18          0          0       6911   stm32f1xx_hal_rcc.o
      1254          4          0          0          0       6400   stm32f1xx_hal_spi.o
       640         14          0          0          0       6808   stm32f1xx_hal_tim.o
       108         12          0          0          0       2517   stm32f1xx_hal_tim_ex.o
       820         20          0          0          0       9660   stm32f1xx_hal_uart.o
       112         22          0          3          0       6367   stm32f1xx_it.o
         2          0         24          4          0       1203   system_stm32f1xx.o
        18          0          0          0          0       1863   tb6600_driver.o
        20          0          0         20          0       3600   user_diskio.o

    ----------------------------------------------------------------------
     12796        666        456        144       2732     593453   Object Totals
         0          0         32          0          0          0   (incl. Generated)
        26          0          2          4          0          0   (incl. Padding)

    ----------------------------------------------------------------------

      Code (inc. data)   RO Data    RW Data    ZI Data      Debug   Library Member Name

         8          0          0          0          0         68   __main.o
         0          0          0          0          0          0   __rtentry.o
        12          0          0          0          0          0   __rtentry2.o
         6          0          0          0          0          0   __rtentry4.o
        52          8          0          0          0          0   __scatter.o
        26          0          0          0          0          0   __scatter_copy.o
        28          0          0          0          0          0   __scatter_zi.o
        18          0          0          0          0         80   exit.o
         6          0          0          0          0        152   heapauxi.o
         0          0          0          0          0          0   indicate_semi.o
         2          0          0          0          0          0   libinit.o
         2          0          0          0          0          0   libinit2.o
         2          0          0          0          0          0   libshutdown.o
         2          0          0          0          0          0   libshutdown2.o
         8          4          0          0         96         68   libspace.o
        78          0          0          0          0         80   rt_memclr_w.o
       100          0          0          0          0         80   rt_memcpy_w.o
         2          0          0          0          0          0   rtexit.o
        10          0          0          0          0          0   rtexit2.o
        12          4          0          0          0         68   sys_exit.o
        74          0          0          0          0         80   sys_stackheap_outer.o
         2          0          0          0          0         68   use_no_semi.o

    ----------------------------------------------------------------------
       456         16          0          0        100        744   Library Totals
         6          0          0          0          4          0   (incl. Padding)

    ----------------------------------------------------------------------

      Code (inc. data)   RO Data    RW Data    ZI Data      Debug   Library Name

       450         16          0          0         96        744   c_w.l

    ----------------------------------------------------------------------
       456         16          0          0        100        744   Library Totals

    ----------------------------------------------------------------------

==============================================================================


      Code (inc. data)   RO Data    RW Data    ZI Data      Debug   

     13252        682        456        144       2832     587485   Grand Totals
     13252        682        456        144       2832     587485   ELF Image Totals
     13252        682        456        144          0          0   ROM Totals

==============================================================================

    Total RO  Size (Code + RO Data)                13708 (  13.39kB)
    Total RW  Size (RW Data + ZI Data)              2976 (   2.91kB)
    Total ROM Size (Code + RO Data + RW Data)      13852 (  13.53kB)

==============================================================================

